#
# There is insufficient memory for the Java Runtime Environment to continue.
# Native memory allocation (malloc) failed to allocate 729136 bytes. Error detail: Chunk::new
# Possible reasons:
#   The system is out of physical RAM or swap space
#   This process is running with CompressedOops enabled, and the Java Heap may be blocking the growth of the native heap
# Possible solutions:
#   Reduce memory load on the system
#   Increase physical memory or swap space
#   Check if swap backing store is full
#   Decrease Java heap size (-Xmx/-Xms)
#   Decrease number of Java threads
#   Decrease Java thread stack sizes (-Xss)
#   Set larger code cache with -XX:ReservedCodeCacheSize=
#   JVM is running with Zero Based Compressed Oops mode in which the Java heap is
#     placed in the first 32GB address space. The Java Heap base address is the
#     maximum limit for the native heap growth. Please use -XX:HeapBaseMinAddress
#     to set the Java Heap base and to place the Java Heap above 32GB virtual address.
# This output file may be truncated or incomplete.
#
#  Out of Memory Error (arena.cpp:168), pid=12004, tid=18724
#
# JRE version: OpenJDK Runtime Environment Temurin-21.0.7+6 (21.0.7+6) (build 21.0.7+6-LTS)
# Java VM: OpenJDK 64-Bit Server VM Temurin-21.0.7+6 (21.0.7+6-LTS, mixed mode, sharing, tiered, compressed oops, compressed class ptrs, g1 gc, windows-amd64)
# No core dump will be written. Minidumps are not enabled by default on client versions of Windows
#

---------------  S U M M A R Y ------------

Command Line: --add-opens=java.base/java.lang=ALL-UNNAMED --add-opens=java.base/java.lang.invoke=ALL-UNNAMED --add-opens=java.base/java.util=ALL-UNNAMED --add-opens=java.prefs/java.util.prefs=ALL-UNNAMED --add-exports=jdk.compiler/com.sun.tools.javac.api=ALL-UNNAMED --add-exports=jdk.compiler/com.sun.tools.javac.util=ALL-UNNAMED --add-opens=java.base/java.util=ALL-UNNAMED --add-opens=java.prefs/java.util.prefs=ALL-UNNAMED --add-opens=java.base/java.nio.charset=ALL-UNNAMED --add-opens=java.base/java.net=ALL-UNNAMED --add-opens=java.base/java.util.concurrent.atomic=ALL-UNNAMED --add-opens=java.xml/javax.xml.namespace=ALL-UNNAMED -XX:MaxMetaspaceSize=4G -XX:ReservedCodeCacheSize=512m -XX:+HeapDumpOnOutOfMemoryError -Xmx8G -Dfile.encoding=UTF-8 -Duser.country=US -Duser.language=en -Duser.variant -javaagent:C:\Users\babak\.gradle\wrapper\dists\gradle-8.12-all\5w11e38e9s8f05rwiw2wipzpb\gradle-8.12\lib\agents\gradle-instrumentation-agent-8.12.jar org.gradle.launcher.daemon.bootstrap.GradleDaemon 8.12

Host: Intel(R) Core(TM) i7-4790 CPU @ 3.60GHz, 8 cores, 15G,  Windows 11 , 64 bit Build 26100 (10.0.26100.8875)
Time: Tue Aug 11 14:58:14 2026 Iran Standard Time elapsed time: 67.407445 seconds (0d 0h 1m 7s)

---------------  T H R E A D  ---------------

Current thread (0x0000023006f51460):  JavaThread "C2 CompilerThread1" daemon [_thread_in_native, id=18724, stack(0x000000dc77600000,0x000000dc77700000) (1024K)]


Current CompileTask:
C2:67407 16876   !   4       org.gradle.cache.internal.DefaultFileLockManager$DefaultFileLock::doWriteAction (66 bytes)

Stack: [0x000000dc77600000,0x000000dc77700000]
Native frames: (J=compiled Java code, j=interpreted, Vv=VM code, C=native code)
V  [jvm.dll+0x6ce119]
V  [jvm.dll+0x8a84a1]
V  [jvm.dll+0x8aa9ce]
V  [jvm.dll+0x8ab0b3]
V  [jvm.dll+0x27f8a6]
V  [jvm.dll+0xc507d]
V  [jvm.dll+0xc55b3]
V  [jvm.dll+0x2f2c6d]
V  [jvm.dll+0x5f6bca]
V  [jvm.dll+0x250cb2]
V  [jvm.dll+0x24918e]
V  [jvm.dll+0x246fc4]
V  [jvm.dll+0x1c760e]
V  [jvm.dll+0x25695a]
V  [jvm.dll+0x254efa]
V  [jvm.dll+0x3f03f6]
V  [jvm.dll+0x851f6b]
V  [jvm.dll+0x6cc7dd]
C  [ucrtbase.dll+0x2cd30]
C  [KERNEL32.DLL+0x2e957]
C  [ntdll.dll+0xaad6c]


---------------  P R O C E S S  ---------------

Threads class SMR info:
_java_thread_list=0x000002300637d410, length=134, elements={
0x0000022fee3df400, 0x0000022ff91f11d0, 0x0000022ff91f3c30, 0x0000022ff91f6700,
0x0000022ff91f7ab0, 0x0000022ff91f87d0, 0x0000022ff91f9b80, 0x0000022ff921e190,
0x0000022ffbaa0080, 0x0000022ff91f7420, 0x0000022ff91f8e60, 0x0000022ff91f94f0,
0x0000022ff91f8140, 0x0000022ff91f6d90, 0x00000230019dd460, 0x00000230019ddaf0,
0x00000230019de180, 0x00000230019deea0, 0x00000230019df530, 0x00000230019de810,
0x00000230019dc0b0, 0x00000230019dfbc0, 0x00000230019dc740, 0x00000230019e0250,
0x00000230019dcdd0, 0x00000230019e08e0, 0x00000230019e0f70, 0x00000230019e3040,
0x00000230019e36d0, 0x00000230019e1600, 0x00000230019e29b0, 0x00000230019e1c90,
0x00000230025afcf0, 0x00000230025b1730, 0x00000230025b1dc0, 0x00000230025b0a10,
0x00000230025ae940, 0x00000230025b0380, 0x00000230025aefd0, 0x00000230025af660,
0x00000230032caee0, 0x00000230032c8e10, 0x00000230032ca850, 0x00000230032cb570,
0x00000230032c80f0, 0x00000230032cbc00, 0x00000230032c8780, 0x00000230032c9b30,
0x00000230032cc920, 0x00000230032c94a0, 0x00000230032cc290, 0x00000230032ccfb0,
0x00000230032cd640, 0x00000230032ca1c0, 0x00000230032cf710, 0x00000230032cdcd0,
0x00000230032ce360, 0x00000230032ce9f0, 0x00000230032cf080, 0x00000230001b4d50,
0x00000230001b46c0, 0x00000230001b74b0, 0x00000230001b6e20, 0x00000230001b81d0,
0x00000230001b8860, 0x00000230001b8ef0, 0x00000230001b5a70, 0x00000230001b9580,
0x00000230001b9c10, 0x00000230001b6790, 0x00000230001ba930, 0x00000230001ba2a0,
0x00000230001bbce0, 0x00000230001bb650, 0x0000023004505de0, 0x00000230045050c0,
0x0000023004507190, 0x0000023004508540, 0x0000023004507820, 0x0000023004506470,
0x0000023004507eb0, 0x0000023004508bd0, 0x0000023004506b00, 0x0000023004505750,
0x00000230045098f0, 0x000002300450b9c0, 0x0000023004509260, 0x000002300450c050,
0x000002300450c6e0, 0x0000023004509f80, 0x000002300450aca0, 0x000002300450a610,
0x000002300450b330, 0x0000023005904600, 0x0000023005907a80, 0x0000023005906040,
0x00000230059059b0, 0x00000230059066d0, 0x0000023005906d60, 0x0000023005908110,
0x0000023005904c90, 0x00000230059087a0, 0x0000023005905320, 0x000002300590a1e0,
0x0000023005909b50, 0x00000230059094c0, 0x000002300590a870, 0x000002300590af00,
0x000002300590b590, 0x000002300590bc20, 0x0000023005908e30, 0x000002300517a420,
0x0000023005177630, 0x0000023005176fa0, 0x0000023005179d90, 0x000002300517aab0,
0x000002300517be60, 0x0000023005a14db0, 0x0000023005a188c0, 0x0000023005a18f50,
0x0000023005a195e0, 0x0000023005a19c70, 0x0000023005a1a990, 0x0000023005a1a300,
0x0000023005a1b020, 0x00000230002ed7e0, 0x00000230002ef8b0, 0x00000230002ee500,
0x00000230002f05d0, 0x00000230002f3a50, 0x00000230002f2010, 0x00000230002f12f0,
0x00000230002f40e0, 0x0000023006f51460
}

Java Threads: ( => current thread )
  0x0000022fee3df400 JavaThread "main"                              [_thread_blocked, id=12740, stack(0x000000dc6e600000,0x000000dc6e700000) (1024K)]
  0x0000022ff91f11d0 JavaThread "Reference Handler"          daemon [_thread_blocked, id=17332, stack(0x000000dc6ee00000,0x000000dc6ef00000) (1024K)]
  0x0000022ff91f3c30 JavaThread "Finalizer"                  daemon [_thread_blocked, id=1120, stack(0x000000dc6ef00000,0x000000dc6f000000) (1024K)]
  0x0000022ff91f6700 JavaThread "Signal Dispatcher"          daemon [_thread_blocked, id=8208, stack(0x000000dc6f000000,0x000000dc6f100000) (1024K)]
  0x0000022ff91f7ab0 JavaThread "Attach Listener"            daemon [_thread_blocked, id=5168, stack(0x000000dc6f100000,0x000000dc6f200000) (1024K)]
  0x0000022ff91f87d0 JavaThread "Service Thread"             daemon [_thread_blocked, id=5888, stack(0x000000dc6f200000,0x000000dc6f300000) (1024K)]
  0x0000022ff91f9b80 JavaThread "Monitor Deflation Thread"   daemon [_thread_blocked, id=15128, stack(0x000000dc6f300000,0x000000dc6f400000) (1024K)]
  0x0000022ff921e190 JavaThread "C2 CompilerThread0"         daemon [_thread_blocked, id=10360, stack(0x000000dc6f400000,0x000000dc6f500000) (1024K)]
  0x0000022ffbaa0080 JavaThread "C1 CompilerThread0"         daemon [_thread_blocked, id=176, stack(0x000000dc6f500000,0x000000dc6f600000) (1024K)]
  0x0000022ff91f7420 JavaThread "Common-Cleaner"             daemon [_thread_blocked, id=10116, stack(0x000000dc6f600000,0x000000dc6f700000) (1024K)]
  0x0000022ff91f8e60 JavaThread "Notification Thread"        daemon [_thread_blocked, id=14292, stack(0x000000dc6f700000,0x000000dc6f800000) (1024K)]
  0x0000022ff91f94f0 JavaThread "Daemon health stats"               [_thread_blocked, id=14372, stack(0x000000dc70000000,0x000000dc70100000) (1024K)]
  0x0000022ff91f8140 JavaThread "Incoming local TCP Connector on port 53061"        [_thread_in_native, id=7752, stack(0x000000dc6f800000,0x000000dc6f900000) (1024K)]
  0x0000022ff91f6d90 JavaThread "Daemon periodic checks"            [_thread_blocked, id=10032, stack(0x000000dc70200000,0x000000dc70300000) (1024K)]
  0x00000230019dd460 JavaThread "Daemon"                            [_thread_blocked, id=13300, stack(0x000000dc70300000,0x000000dc70400000) (1024K)]
  0x00000230019ddaf0 JavaThread "Handler for socket connection from /127.0.0.1:53061 to /127.0.0.1:53065"        [_thread_in_native, id=14616, stack(0x000000dc70400000,0x000000dc70500000) (1024K)]
  0x00000230019de180 JavaThread "Cancel handler"                    [_thread_blocked, id=7740, stack(0x000000dc70100000,0x000000dc70200000) (1024K)]
  0x00000230019deea0 JavaThread "Daemon worker"                     [_thread_blocked, id=7988, stack(0x000000dc70500000,0x000000dc70600000) (1024K)]
  0x00000230019df530 JavaThread "Asynchronous log dispatcher for DefaultDaemonConnection: socket connection from /127.0.0.1:53061 to /127.0.0.1:53065"        [_thread_blocked, id=5180, stack(0x000000dc70600000,0x000000dc70700000) (1024K)]
  0x00000230019de810 JavaThread "Stdin handler"                     [_thread_blocked, id=13288, stack(0x000000dc70700000,0x000000dc70800000) (1024K)]
  0x00000230019dc0b0 JavaThread "Daemon client event forwarder"        [_thread_in_Java, id=14844, stack(0x000000dc70800000,0x000000dc70900000) (1024K)]
  0x00000230019dfbc0 JavaThread "Cache worker for journal cache (C:\Users\babak\.gradle\caches\journal-1)"        [_thread_blocked, id=1348, stack(0x000000dc70900000,0x000000dc70a00000) (1024K)]
  0x00000230019dc740 JavaThread "File lock request listener"        [_thread_in_native, id=3884, stack(0x000000dc70a00000,0x000000dc70b00000) (1024K)]
  0x00000230019e0250 JavaThread "Cache worker for file hash cache (C:\Users\babak\.gradle\caches\8.12\fileHashes)"        [_thread_in_Java, id=3580, stack(0x000000dc70c00000,0x000000dc70d00000) (1024K)]
  0x00000230019dcdd0 JavaThread "File lock release action executor"        [_thread_blocked, id=5516, stack(0x000000dc70b00000,0x000000dc70c00000) (1024K)]
  0x00000230019e08e0 JavaThread "Cache worker for file hash cache (D:\hesabixArc\hesabixUI\hesabix_ui\android\.gradle\8.12\fileHashes)"        [_thread_blocked, id=8856, stack(0x000000dc70f00000,0x000000dc71000000) (1024K)]
  0x00000230019e0f70 JavaThread "Cache worker for Build Output Cleanup Cache (D:\hesabixArc\hesabixUI\hesabix_ui\android\.gradle\buildOutputCleanup)"        [_thread_blocked, id=15748, stack(0x000000dc71000000,0x000000dc71100000) (1024K)]
  0x00000230019e3040 JavaThread "jar transforms"                    [_thread_blocked, id=2488, stack(0x000000dc71200000,0x000000dc71300000) (1024K)]
  0x00000230019e36d0 JavaThread "jar transforms Thread 2"           [_thread_blocked, id=7808, stack(0x000000dc71300000,0x000000dc71400000) (1024K)]
  0x00000230019e1600 JavaThread "jar transforms Thread 3"           [_thread_blocked, id=16212, stack(0x000000dc71400000,0x000000dc71500000) (1024K)]
  0x00000230019e29b0 JavaThread "jar transforms Thread 4"           [_thread_blocked, id=11760, stack(0x000000dc70e00000,0x000000dc70f00000) (1024K)]
  0x00000230019e1c90 JavaThread "jar transforms Thread 5"           [_thread_blocked, id=16828, stack(0x000000dc71100000,0x000000dc71200000) (1024K)]
  0x00000230025afcf0 JavaThread "Cache worker for checksums cache (D:\hesabixArc\hesabixUI\hesabix_ui\android\.gradle\8.12\checksums)"        [_thread_blocked, id=9812, stack(0x000000dc71700000,0x000000dc71800000) (1024K)]
  0x00000230025b1730 JavaThread "Cache worker for file content cache (C:\Users\babak\.gradle\caches\8.12\fileContent)"        [_thread_blocked, id=9468, stack(0x000000dc71800000,0x000000dc71900000) (1024K)]
  0x00000230025b1dc0 JavaThread "jar transforms Thread 6"           [_thread_blocked, id=16408, stack(0x000000dc71900000,0x000000dc71a00000) (1024K)]
  0x00000230025b0a10 JavaThread "jar transforms Thread 7"           [_thread_blocked, id=14780, stack(0x000000dc71a00000,0x000000dc71b00000) (1024K)]
  0x00000230025ae940 JavaThread "jar transforms Thread 8"           [_thread_blocked, id=14140, stack(0x000000dc71b00000,0x000000dc71c00000) (1024K)]
  0x00000230025b0380 JavaThread "Cache worker for cache directory md-rule (C:\Users\babak\.gradle\caches\8.12\md-rule)"        [_thread_blocked, id=14680, stack(0x000000dc71500000,0x000000dc71600000) (1024K)]
  0x00000230025aefd0 JavaThread "Cache worker for cache directory md-supplier (C:\Users\babak\.gradle\caches\8.12\md-supplier)"        [_thread_blocked, id=6960, stack(0x000000dc71600000,0x000000dc71700000) (1024K)]
  0x00000230025af660 JavaThread "Cache worker for Build Output Cleanup Cache (C:\Users\babak\Development\flutter\packages\flutter_tools\gradle\.gradle\buildOutputCleanup)"        [_thread_blocked, id=15508, stack(0x000000dc71d00000,0x000000dc71e00000) (1024K)]
  0x00000230032caee0 JavaThread "Unconstrained build operations"        [_thread_blocked, id=15920, stack(0x000000dc71c00000,0x000000dc71d00000) (1024K)]
  0x00000230032c8e10 JavaThread "Unconstrained build operations Thread 2"        [_thread_blocked, id=5436, stack(0x000000dc71e00000,0x000000dc71f00000) (1024K)]
  0x00000230032ca850 JavaThread "Unconstrained build operations Thread 3"        [_thread_blocked, id=5376, stack(0x000000dc72000000,0x000000dc72100000) (1024K)]
  0x00000230032cb570 JavaThread "Unconstrained build operations Thread 4"        [_thread_blocked, id=14100, stack(0x000000dc72100000,0x000000dc72200000) (1024K)]
  0x00000230032c80f0 JavaThread "Unconstrained build operations Thread 5"        [_thread_blocked, id=10292, stack(0x000000dc72200000,0x000000dc72300000) (1024K)]
  0x00000230032cbc00 JavaThread "Unconstrained build operations Thread 6"        [_thread_blocked, id=14416, stack(0x000000dc72300000,0x000000dc72400000) (1024K)]
  0x00000230032c8780 JavaThread "Unconstrained build operations Thread 7"        [_thread_blocked, id=7580, stack(0x000000dc72400000,0x000000dc72500000) (1024K)]
  0x00000230032c9b30 JavaThread "Unconstrained build operations Thread 8"        [_thread_blocked, id=10276, stack(0x000000dc72500000,0x000000dc72600000) (1024K)]
  0x00000230032cc920 JavaThread "Unconstrained build operations Thread 9"        [_thread_blocked, id=2200, stack(0x000000dc72600000,0x000000dc72700000) (1024K)]
  0x00000230032c94a0 JavaThread "Unconstrained build operations Thread 10"        [_thread_blocked, id=16380, stack(0x000000dc72700000,0x000000dc72800000) (1024K)]
  0x00000230032cc290 JavaThread "Unconstrained build operations Thread 11"        [_thread_blocked, id=13292, stack(0x000000dc72800000,0x000000dc72900000) (1024K)]
  0x00000230032ccfb0 JavaThread "Unconstrained build operations Thread 12"        [_thread_blocked, id=5864, stack(0x000000dc72900000,0x000000dc72a00000) (1024K)]
  0x00000230032cd640 JavaThread "Unconstrained build operations Thread 13"        [_thread_blocked, id=1588, stack(0x000000dc72a00000,0x000000dc72b00000) (1024K)]
  0x00000230032ca1c0 JavaThread "Unconstrained build operations Thread 14"        [_thread_blocked, id=4268, stack(0x000000dc72b00000,0x000000dc72c00000) (1024K)]
  0x00000230032cf710 JavaThread "Unconstrained build operations Thread 15"        [_thread_blocked, id=13216, stack(0x000000dc72c00000,0x000000dc72d00000) (1024K)]
  0x00000230032cdcd0 JavaThread "Unconstrained build operations Thread 16"        [_thread_blocked, id=15416, stack(0x000000dc72d00000,0x000000dc72e00000) (1024K)]
  0x00000230032ce360 JavaThread "Unconstrained build operations Thread 17"        [_thread_blocked, id=11404, stack(0x000000dc72e00000,0x000000dc72f00000) (1024K)]
  0x00000230032ce9f0 JavaThread "Unconstrained build operations Thread 18"        [_thread_blocked, id=11488, stack(0x000000dc72f00000,0x000000dc73000000) (1024K)]
  0x00000230032cf080 JavaThread "Unconstrained build operations Thread 19"        [_thread_blocked, id=16236, stack(0x000000dc73000000,0x000000dc73100000) (1024K)]
  0x00000230001b4d50 JavaThread "Unconstrained build operations Thread 20"        [_thread_blocked, id=5088, stack(0x000000dc73100000,0x000000dc73200000) (1024K)]
  0x00000230001b46c0 JavaThread "Unconstrained build operations Thread 21"        [_thread_blocked, id=6308, stack(0x000000dc73200000,0x000000dc73300000) (1024K)]
  0x00000230001b74b0 JavaThread "Memory manager"                    [_thread_blocked, id=17744, stack(0x000000dc73400000,0x000000dc73500000) (1024K)]
  0x00000230001b6e20 JavaThread "build event listener"              [_thread_blocked, id=8572, stack(0x000000dc73600000,0x000000dc73700000) (1024K)]
  0x00000230001b81d0 JavaThread "included builds"                   [_thread_blocked, id=17828, stack(0x000000dc73500000,0x000000dc73600000) (1024K)]
  0x00000230001b8860 JavaThread "Execution worker"                  [_thread_blocked, id=1980, stack(0x000000dc73700000,0x000000dc73800000) (1024K)]
  0x00000230001b8ef0 JavaThread "Execution worker Thread 2"         [_thread_blocked, id=14528, stack(0x000000dc73800000,0x000000dc73900000) (1024K)]
  0x00000230001b5a70 JavaThread "Execution worker Thread 3"         [_thread_blocked, id=1468, stack(0x000000dc73900000,0x000000dc73a00000) (1024K)]
  0x00000230001b9580 JavaThread "Execution worker Thread 4"         [_thread_blocked, id=17864, stack(0x000000dc73a00000,0x000000dc73b00000) (1024K)]
  0x00000230001b9c10 JavaThread "Execution worker Thread 5"         [_thread_blocked, id=4760, stack(0x000000dc73b00000,0x000000dc73c00000) (1024K)]
  0x00000230001b6790 JavaThread "Execution worker Thread 6"         [_thread_blocked, id=17852, stack(0x000000dc73c00000,0x000000dc73d00000) (1024K)]
  0x00000230001ba930 JavaThread "Execution worker Thread 7"         [_thread_blocked, id=14628, stack(0x000000dc73d00000,0x000000dc73e00000) (1024K)]
  0x00000230001ba2a0 JavaThread "Cache worker for execution history cache (C:\Users\babak\Development\flutter\packages\flutter_tools\gradle\.gradle\8.12\executionHistory)"        [_thread_blocked, id=14480, stack(0x000000dc73e00000,0x000000dc73f00000) (1024K)]
  0x00000230001bbce0 JavaThread "Unconstrained build operations Thread 22"        [_thread_blocked, id=17964, stack(0x000000dc73f00000,0x000000dc74000000) (1024K)]
  0x00000230001bb650 JavaThread "Unconstrained build operations Thread 23"        [_thread_blocked, id=7432, stack(0x000000dc74000000,0x000000dc74100000) (1024K)]
  0x0000023004505de0 JavaThread "Unconstrained build operations Thread 24"        [_thread_blocked, id=17936, stack(0x000000dc74100000,0x000000dc74200000) (1024K)]
  0x00000230045050c0 JavaThread "Unconstrained build operations Thread 25"        [_thread_blocked, id=17944, stack(0x000000dc74200000,0x000000dc74300000) (1024K)]
  0x0000023004507190 JavaThread "Unconstrained build operations Thread 26"        [_thread_blocked, id=17316, stack(0x000000dc74300000,0x000000dc74400000) (1024K)]
  0x0000023004508540 JavaThread "Unconstrained build operations Thread 27"        [_thread_blocked, id=9648, stack(0x000000dc74400000,0x000000dc74500000) (1024K)]
  0x0000023004507820 JavaThread "Unconstrained build operations Thread 28"        [_thread_blocked, id=11344, stack(0x000000dc74500000,0x000000dc74600000) (1024K)]
  0x0000023004506470 JavaThread "Unconstrained build operations Thread 29"        [_thread_blocked, id=17624, stack(0x000000dc74600000,0x000000dc74700000) (1024K)]
  0x0000023004507eb0 JavaThread "Unconstrained build operations Thread 30"        [_thread_blocked, id=6132, stack(0x000000dc74700000,0x000000dc74800000) (1024K)]
  0x0000023004508bd0 JavaThread "Unconstrained build operations Thread 31"        [_thread_blocked, id=17600, stack(0x000000dc74800000,0x000000dc74900000) (1024K)]
  0x0000023004506b00 JavaThread "Unconstrained build operations Thread 32"        [_thread_blocked, id=12736, stack(0x000000dc74900000,0x000000dc74a00000) (1024K)]
  0x0000023004505750 JavaThread "Unconstrained build operations Thread 33"        [_thread_blocked, id=18244, stack(0x000000dc74a00000,0x000000dc74b00000) (1024K)]
  0x00000230045098f0 JavaThread "Unconstrained build operations Thread 34"        [_thread_blocked, id=17912, stack(0x000000dc74b00000,0x000000dc74c00000) (1024K)]
  0x000002300450b9c0 JavaThread "Unconstrained build operations Thread 35"        [_thread_blocked, id=11196, stack(0x000000dc74c00000,0x000000dc74d00000) (1024K)]
  0x0000023004509260 JavaThread "Unconstrained build operations Thread 36"        [_thread_blocked, id=4276, stack(0x000000dc74d00000,0x000000dc74e00000) (1024K)]
  0x000002300450c050 JavaThread "Unconstrained build operations Thread 37"        [_thread_blocked, id=9412, stack(0x000000dc74e00000,0x000000dc74f00000) (1024K)]
  0x000002300450c6e0 JavaThread "Unconstrained build operations Thread 38"        [_thread_blocked, id=10864, stack(0x000000dc74f00000,0x000000dc75000000) (1024K)]
  0x0000023004509f80 JavaThread "Unconstrained build operations Thread 39"        [_thread_blocked, id=9460, stack(0x000000dc75000000,0x000000dc75100000) (1024K)]
  0x000002300450aca0 JavaThread "Unconstrained build operations Thread 40"        [_thread_in_native, id=9608, stack(0x000000dc75100000,0x000000dc75200000) (1024K)]
  0x000002300450a610 JavaThread "Unconstrained build operations Thread 41"        [_thread_blocked, id=6480, stack(0x000000dc75200000,0x000000dc75300000) (1024K)]
  0x000002300450b330 JavaThread "Unconstrained build operations Thread 42"        [_thread_blocked, id=11936, stack(0x000000dc75300000,0x000000dc75400000) (1024K)]
  0x0000023005904600 JavaThread "Unconstrained build operations Thread 43"        [_thread_blocked, id=15300, stack(0x000000dc75400000,0x000000dc75500000) (1024K)]
  0x0000023005907a80 JavaThread "Unconstrained build operations Thread 44"        [_thread_blocked, id=17480, stack(0x000000dc75500000,0x000000dc75600000) (1024K)]
  0x0000023005906040 JavaThread "Unconstrained build operations Thread 45"        [_thread_blocked, id=17636, stack(0x000000dc6e400000,0x000000dc6e500000) (1024K)]
  0x00000230059059b0 JavaThread "Unconstrained build operations Thread 46"        [_thread_blocked, id=17596, stack(0x000000dc73300000,0x000000dc73400000) (1024K)]
  0x00000230059066d0 JavaThread "Unconstrained build operations Thread 47"        [_thread_blocked, id=17848, stack(0x000000dc75600000,0x000000dc75700000) (1024K)]
  0x0000023005906d60 JavaThread "Unconstrained build operations Thread 48"        [_thread_blocked, id=17576, stack(0x000000dc75700000,0x000000dc75800000) (1024K)]
  0x0000023005908110 JavaThread "Unconstrained build operations Thread 49"        [_thread_blocked, id=17888, stack(0x000000dc75800000,0x000000dc75900000) (1024K)]
  0x0000023005904c90 JavaThread "Unconstrained build operations Thread 50"        [_thread_blocked, id=17752, stack(0x000000dc75900000,0x000000dc75a00000) (1024K)]
  0x00000230059087a0 JavaThread "Unconstrained build operations Thread 51"        [_thread_blocked, id=17684, stack(0x000000dc75a00000,0x000000dc75b00000) (1024K)]
  0x0000023005905320 JavaThread "Unconstrained build operations Thread 52"        [_thread_blocked, id=18024, stack(0x000000dc75b00000,0x000000dc75c00000) (1024K)]
  0x000002300590a1e0 JavaThread "Unconstrained build operations Thread 53"        [_thread_blocked, id=17588, stack(0x000000dc75c00000,0x000000dc75d00000) (1024K)]
  0x0000023005909b50 JavaThread "Unconstrained build operations Thread 54"        [_thread_blocked, id=17868, stack(0x000000dc75d00000,0x000000dc75e00000) (1024K)]
  0x00000230059094c0 JavaThread "Unconstrained build operations Thread 55"        [_thread_blocked, id=17808, stack(0x000000dc75e00000,0x000000dc75f00000) (1024K)]
  0x000002300590a870 JavaThread "Unconstrained build operations Thread 56"        [_thread_blocked, id=8368, stack(0x000000dc75f00000,0x000000dc76000000) (1024K)]
  0x000002300590af00 JavaThread "Unconstrained build operations Thread 57"        [_thread_blocked, id=1440, stack(0x000000dc76000000,0x000000dc76100000) (1024K)]
  0x000002300590b590 JavaThread "Unconstrained build operations Thread 58"        [_thread_blocked, id=17580, stack(0x000000dc76100000,0x000000dc76200000) (1024K)]
  0x000002300590bc20 JavaThread "Unconstrained build operations Thread 59"        [_thread_blocked, id=18276, stack(0x000000dc76400000,0x000000dc76500000) (1024K)]
  0x0000023005908e30 JavaThread "Unconstrained build operations Thread 60"        [_thread_blocked, id=18288, stack(0x000000dc76500000,0x000000dc76600000) (1024K)]
  0x000002300517a420 JavaThread "Unconstrained build operations Thread 61"        [_thread_blocked, id=18292, stack(0x000000dc76600000,0x000000dc76700000) (1024K)]
  0x0000023005177630 JavaThread "Unconstrained build operations Thread 62"        [_thread_blocked, id=16028, stack(0x000000dc76700000,0x000000dc76800000) (1024K)]
  0x0000023005176fa0 JavaThread "Unconstrained build operations Thread 63"        [_thread_blocked, id=18272, stack(0x000000dc76800000,0x000000dc76900000) (1024K)]
  0x0000023005179d90 JavaThread "Unconstrained build operations Thread 64"        [_thread_blocked, id=17772, stack(0x000000dc76900000,0x000000dc76a00000) (1024K)]
  0x000002300517aab0 JavaThread "Unconstrained build operations Thread 65"        [_thread_blocked, id=17656, stack(0x000000dc76a00000,0x000000dc76b00000) (1024K)]
  0x000002300517be60 JavaThread "build event listener"              [_thread_blocked, id=18040, stack(0x000000dc76300000,0x000000dc76400000) (1024K)]
  0x0000023005a14db0 JavaThread "Unconstrained build operations Thread 66"        [_thread_blocked, id=16468, stack(0x000000dc76b00000,0x000000dc76c00000) (1024K)]
  0x0000023005a188c0 JavaThread "Unconstrained build operations Thread 67"        [_thread_blocked, id=18136, stack(0x000000dc76c00000,0x000000dc76d00000) (1024K)]
  0x0000023005a18f50 JavaThread "Unconstrained build operations Thread 68"        [_thread_blocked, id=17376, stack(0x000000dc76d00000,0x000000dc76e00000) (1024K)]
  0x0000023005a195e0 JavaThread "Unconstrained build operations Thread 69"        [_thread_blocked, id=7328, stack(0x000000dc76e00000,0x000000dc76f00000) (1024K)]
  0x0000023005a19c70 JavaThread "Unconstrained build operations Thread 70"        [_thread_blocked, id=16424, stack(0x000000dc76f00000,0x000000dc77000000) (1024K)]
  0x0000023005a1a990 JavaThread "Unconstrained build operations Thread 71"        [_thread_blocked, id=16520, stack(0x000000dc77000000,0x000000dc77100000) (1024K)]
  0x0000023005a1a300 JavaThread "Unconstrained build operations Thread 72"        [_thread_blocked, id=18044, stack(0x000000dc77100000,0x000000dc77200000) (1024K)]
  0x0000023005a1b020 JavaThread "Unconstrained build operations Thread 73"        [_thread_blocked, id=17984, stack(0x000000dc77200000,0x000000dc77300000) (1024K)]
  0x00000230002ed7e0 JavaThread "Unconstrained build operations Thread 74"        [_thread_blocked, id=15624, stack(0x000000dc77300000,0x000000dc77400000) (1024K)]
  0x00000230002ef8b0 JavaThread "Unconstrained build operations Thread 75"        [_thread_blocked, id=15668, stack(0x000000dc77400000,0x000000dc77500000) (1024K)]
  0x00000230002ee500 JavaThread "Unconstrained build operations Thread 76"        [_thread_blocked, id=18300, stack(0x000000dc77500000,0x000000dc77600000) (1024K)]
  0x00000230002f05d0 JavaThread "Problems report writer"            [_thread_blocked, id=2364, stack(0x000000dc77700000,0x000000dc77800000) (1024K)]
  0x00000230002f3a50 JavaThread "Unconstrained build operations Thread 77"        [_thread_blocked, id=18836, stack(0x000000dc77a00000,0x000000dc77b00000) (1024K)]
  0x00000230002f2010 JavaThread "Unconstrained build operations Thread 78"        [_thread_blocked, id=18840, stack(0x000000dc77b00000,0x000000dc77c00000) (1024K)]
  0x00000230002f12f0 JavaThread "Unconstrained build operations Thread 79"        [_thread_blocked, id=18844, stack(0x000000dc77c00000,0x000000dc77d00000) (1024K)]
  0x00000230002f40e0 JavaThread "Unconstrained build operations Thread 80"        [_thread_blocked, id=18848, stack(0x000000dc77d00000,0x000000dc77e00000) (1024K)]
=>0x0000023006f51460 JavaThread "C2 CompilerThread1"         daemon [_thread_in_native, id=18724, stack(0x000000dc77600000,0x000000dc77700000) (1024K)]
Total: 134

Other Threads:
  0x0000022ff91d1140 VMThread "VM Thread"                           [id=16376, stack(0x000000dc6ed00000,0x000000dc6ee00000) (1024K)]
  0x0000022ff91b9ed0 WatcherThread "VM Periodic Task Thread"        [id=4204, stack(0x000000dc6ec00000,0x000000dc6ed00000) (1024K)]
  0x0000022fee489490 WorkerThread "GC Thread#0"                     [id=1020, stack(0x000000dc6e700000,0x000000dc6e800000) (1024K)]
  0x0000022ffbdf0000 WorkerThread "GC Thread#1"                     [id=6208, stack(0x000000dc6f900000,0x000000dc6fa00000) (1024K)]
  0x0000023000042ef0 WorkerThread "GC Thread#2"                     [id=15556, stack(0x000000dc6fa00000,0x000000dc6fb00000) (1024K)]
  0x0000023000030290 WorkerThread "GC Thread#3"                     [id=16532, stack(0x000000dc6fb00000,0x000000dc6fc00000) (1024K)]
  0x0000023000030a40 WorkerThread "GC Thread#4"                     [id=16504, stack(0x000000dc6fc00000,0x000000dc6fd00000) (1024K)]
  0x0000023000030de0 WorkerThread "GC Thread#5"                     [id=1184, stack(0x000000dc6fd00000,0x000000dc6fe00000) (1024K)]
  0x0000023000e07110 WorkerThread "GC Thread#6"                     [id=9524, stack(0x000000dc6fe00000,0x000000dc6ff00000) (1024K)]
  0x00000230014c7030 WorkerThread "GC Thread#7"                     [id=10532, stack(0x000000dc6ff00000,0x000000dc70000000) (1024K)]
  0x0000022fee49d220 ConcurrentGCThread "G1 Main Marker"            [id=9768, stack(0x000000dc6e800000,0x000000dc6e900000) (1024K)]
  0x0000022fee49dc30 WorkerThread "G1 Conc#0"                       [id=15780, stack(0x000000dc6e900000,0x000000dc6ea00000) (1024K)]
  0x0000023001591e20 WorkerThread "G1 Conc#1"                       [id=15132, stack(0x000000dc70d00000,0x000000dc70e00000) (1024K)]
  0x0000022ff908d330 ConcurrentGCThread "G1 Refine#0"               [id=17136, stack(0x000000dc6ea00000,0x000000dc6eb00000) (1024K)]
  0x0000022ff908dc50 ConcurrentGCThread "G1 Service"                [id=12028, stack(0x000000dc6eb00000,0x000000dc6ec00000) (1024K)]
Total: 15

Threads with active compile tasks:
C2 CompilerThread1  67445 16876   !   4       org.gradle.cache.internal.DefaultFileLockManager$DefaultFileLock::doWriteAction (66 bytes)
Total: 1

VM state: not at safepoint (normal execution)

VM Mutex/Monitor currently owned by a thread: None

Heap address: 0x0000000600000000, size: 8192 MB, Compressed Oops mode: Zero based, Oop shift amount: 3

CDS archive(s) mapped at: [0x0000022fa8000000-0x0000022fa8c80000-0x0000022fa8c80000), size 13107200, SharedBaseAddress: 0x0000022fa8000000, ArchiveRelocationMode: 1.
Compressed class space mapped at: 0x0000022fa9000000-0x0000022fe9000000, reserved size: 1073741824
Narrow klass base: 0x0000022fa8000000, Narrow klass shift: 0, Narrow klass range: 0x100000000

GC Precious Log:
 CardTable entry size: 512
 Card Set container configuration: InlinePtr #cards 4 size 8 Array Of Cards #cards 32 size 80 Howl #buckets 8 coarsen threshold 7372 Howl Bitmap #cards 1024 size 144 coarsen threshold 921 Card regions per heap region 1 cards per card region 8192
 CPUs: 8 total, 8 available
 Memory: 16315M
 Large Page Support: Disabled
 NUMA Support: Disabled
 Compressed Oops: Enabled (Zero based)
 Heap Region Size: 4M
 Heap Min Capacity: 8M
 Heap Initial Capacity: 256M
 Heap Max Capacity: 8G
 Pre-touch: Disabled
 Parallel Workers: 8
 Concurrent Workers: 2
 Concurrent Refinement Workers: 8
 Periodic GC: Disabled

Heap:
 garbage-first heap   total 356352K, used 232791K [0x0000000600000000, 0x0000000800000000)
  region size 4096K, 8 young (32768K), 4 survivors (16384K)
 Metaspace       used 113894K, committed 116672K, reserved 1179648K
  class space    used 15740K, committed 17088K, reserved 1048576K

Heap Regions: E=young(eden), S=young(survivor), O=old, HS=humongous(starts), HC=humongous(continues), CS=collection set, F=free, TAMS=top-at-mark-start, PB=parsable bottom
|   0|0x0000000600000000, 0x0000000600400000, 0x0000000600400000|100%|HS|  |TAMS 0x0000000600400000| PB 0x0000000600000000| Complete 
|   1|0x0000000600400000, 0x0000000600800000, 0x0000000600800000|100%| O|  |TAMS 0x0000000600800000| PB 0x0000000600400000| Untracked 
|   2|0x0000000600800000, 0x0000000600c00000, 0x0000000600c00000|100%| O|  |TAMS 0x0000000600c00000| PB 0x0000000600800000| Untracked 
|   3|0x0000000600c00000, 0x0000000601000000, 0x0000000601000000|100%| O|  |TAMS 0x0000000601000000| PB 0x0000000600c00000| Untracked 
|   4|0x0000000601000000, 0x0000000601400000, 0x0000000601400000|100%| O|  |TAMS 0x0000000601400000| PB 0x0000000601000000| Untracked 
|   5|0x0000000601400000, 0x0000000601800000, 0x0000000601800000|100%|HS|  |TAMS 0x0000000601800000| PB 0x0000000601400000| Complete 
|   6|0x0000000601800000, 0x0000000601c00000, 0x0000000601c00000|100%| O|  |TAMS 0x0000000601c00000| PB 0x0000000601800000| Untracked 
|   7|0x0000000601c00000, 0x0000000602000000, 0x0000000602000000|100%| O|  |TAMS 0x0000000602000000| PB 0x0000000601c00000| Untracked 
|   8|0x0000000602000000, 0x0000000602400000, 0x0000000602400000|100%| O|  |TAMS 0x0000000602400000| PB 0x0000000602000000| Untracked 
|   9|0x0000000602400000, 0x0000000602800000, 0x0000000602800000|100%| O|  |TAMS 0x0000000602800000| PB 0x0000000602400000| Untracked 
|  10|0x0000000602800000, 0x0000000602c00000, 0x0000000602c00000|100%| O|  |TAMS 0x0000000602c00000| PB 0x0000000602800000| Untracked 
|  11|0x0000000602c00000, 0x0000000603000000, 0x0000000603000000|100%|HS|  |TAMS 0x0000000603000000| PB 0x0000000602c00000| Complete 
|  12|0x0000000603000000, 0x0000000603400000, 0x0000000603400000|100%| O|  |TAMS 0x0000000603400000| PB 0x0000000603000000| Untracked 
|  13|0x0000000603400000, 0x0000000603800000, 0x0000000603800000|100%|HS|  |TAMS 0x0000000603800000| PB 0x0000000603400000| Complete 
|  14|0x0000000603800000, 0x0000000603c00000, 0x0000000603c00000|100%| O|  |TAMS 0x0000000603c00000| PB 0x0000000603800000| Untracked 
|  15|0x0000000603c00000, 0x0000000604000000, 0x0000000604000000|100%| O|  |TAMS 0x0000000604000000| PB 0x0000000603c00000| Untracked 
|  16|0x0000000604000000, 0x0000000604400000, 0x0000000604400000|100%| O|  |TAMS 0x0000000604400000| PB 0x0000000604000000| Untracked 
|  17|0x0000000604400000, 0x0000000604800000, 0x0000000604800000|100%| O|  |TAMS 0x0000000604800000| PB 0x0000000604400000| Untracked 
|  18|0x0000000604800000, 0x0000000604c00000, 0x0000000604c00000|100%| O|  |TAMS 0x0000000604c00000| PB 0x0000000604800000| Untracked 
|  19|0x0000000604c00000, 0x0000000605000000, 0x0000000605000000|100%| O|  |TAMS 0x0000000605000000| PB 0x0000000604c00000| Untracked 
|  20|0x0000000605000000, 0x0000000605400000, 0x0000000605400000|100%| O|  |TAMS 0x0000000605400000| PB 0x0000000605000000| Untracked 
|  21|0x0000000605400000, 0x0000000605800000, 0x0000000605800000|100%| O|  |TAMS 0x0000000605800000| PB 0x0000000605400000| Untracked 
|  22|0x0000000605800000, 0x0000000605c00000, 0x0000000605c00000|100%|HS|  |TAMS 0x0000000605c00000| PB 0x0000000605800000| Complete 
|  23|0x0000000605c00000, 0x0000000606000000, 0x0000000606000000|100%| O|  |TAMS 0x0000000606000000| PB 0x0000000605c00000| Untracked 
|  24|0x0000000606000000, 0x0000000606400000, 0x0000000606400000|100%| O|  |TAMS 0x0000000606400000| PB 0x0000000606000000| Untracked 
|  25|0x0000000606400000, 0x0000000606800000, 0x0000000606800000|100%| O|  |TAMS 0x0000000606800000| PB 0x0000000606400000| Untracked 
|  26|0x0000000606800000, 0x0000000606c00000, 0x0000000606c00000|100%| O|  |TAMS 0x0000000606c00000| PB 0x0000000606800000| Untracked 
|  27|0x0000000606c00000, 0x0000000607000000, 0x0000000607000000|100%| O|  |TAMS 0x0000000607000000| PB 0x0000000606c00000| Untracked 
|  28|0x0000000607000000, 0x0000000607400000, 0x0000000607400000|100%| O|  |TAMS 0x0000000607400000| PB 0x0000000607000000| Untracked 
|  29|0x0000000607400000, 0x0000000607800000, 0x0000000607800000|100%| O|  |TAMS 0x0000000607800000| PB 0x0000000607400000| Untracked 
|  30|0x0000000607800000, 0x0000000607c00000, 0x0000000607c00000|100%| O|  |TAMS 0x0000000607c00000| PB 0x0000000607800000| Untracked 
|  31|0x0000000607c00000, 0x0000000608000000, 0x0000000608000000|100%| O|  |TAMS 0x0000000608000000| PB 0x0000000607c00000| Untracked 
|  32|0x0000000608000000, 0x0000000608400000, 0x0000000608400000|100%| O|  |TAMS 0x0000000608400000| PB 0x0000000608000000| Untracked 
|  33|0x0000000608400000, 0x0000000608800000, 0x0000000608800000|100%| O|  |TAMS 0x0000000608800000| PB 0x0000000608400000| Untracked 
|  34|0x0000000608800000, 0x0000000608c00000, 0x0000000608c00000|100%| O|  |TAMS 0x0000000608c00000| PB 0x0000000608800000| Untracked 
|  35|0x0000000608c00000, 0x0000000609000000, 0x0000000609000000|100%| O|  |TAMS 0x0000000609000000| PB 0x0000000608c00000| Untracked 
|  36|0x0000000609000000, 0x0000000609400000, 0x0000000609400000|100%| O|  |TAMS 0x0000000609400000| PB 0x0000000609000000| Untracked 
|  37|0x0000000609400000, 0x0000000609800000, 0x0000000609800000|100%| O|  |TAMS 0x0000000609800000| PB 0x0000000609400000| Untracked 
|  38|0x0000000609800000, 0x0000000609c00000, 0x0000000609c00000|100%| O|  |TAMS 0x0000000609c00000| PB 0x0000000609800000| Untracked 
|  39|0x0000000609c00000, 0x000000060a000000, 0x000000060a000000|100%| O|  |TAMS 0x000000060a000000| PB 0x0000000609c00000| Untracked 
|  40|0x000000060a000000, 0x000000060a400000, 0x000000060a400000|100%| O|  |TAMS 0x000000060a400000| PB 0x000000060a000000| Untracked 
|  41|0x000000060a400000, 0x000000060a800000, 0x000000060a800000|100%| O|  |TAMS 0x000000060a800000| PB 0x000000060a400000| Untracked 
|  42|0x000000060a800000, 0x000000060ac00000, 0x000000060ac00000|100%| O|  |TAMS 0x000000060ac00000| PB 0x000000060a800000| Untracked 
|  43|0x000000060ac00000, 0x000000060b000000, 0x000000060b000000|100%| O|  |TAMS 0x000000060b000000| PB 0x000000060ac00000| Untracked 
|  44|0x000000060b000000, 0x000000060b400000, 0x000000060b400000|100%| O|  |TAMS 0x000000060b400000| PB 0x000000060b000000| Untracked 
|  45|0x000000060b400000, 0x000000060b800000, 0x000000060b800000|100%| O|  |TAMS 0x000000060b800000| PB 0x000000060b400000| Untracked 
|  46|0x000000060b800000, 0x000000060bc00000, 0x000000060bc00000|100%| O|  |TAMS 0x000000060bc00000| PB 0x000000060b800000| Untracked 
|  47|0x000000060bc00000, 0x000000060bf55fc8, 0x000000060c000000| 83%| O|  |TAMS 0x000000060bee9080| PB 0x000000060bc00000| Untracked 
|  48|0x000000060c000000, 0x000000060c000000, 0x000000060c400000|  0%| F|  |TAMS 0x000000060c000000| PB 0x000000060c000000| Untracked 
|  49|0x000000060c400000, 0x000000060c400000, 0x000000060c800000|  0%| F|  |TAMS 0x000000060c400000| PB 0x000000060c400000| Untracked 
|  50|0x000000060c800000, 0x000000060c800000, 0x000000060cc00000|  0%| F|  |TAMS 0x000000060c800000| PB 0x000000060c800000| Untracked 
|  51|0x000000060cc00000, 0x000000060cc00000, 0x000000060d000000|  0%| F|  |TAMS 0x000000060cc00000| PB 0x000000060cc00000| Untracked 
|  52|0x000000060d000000, 0x000000060d000000, 0x000000060d400000|  0%| F|  |TAMS 0x000000060d000000| PB 0x000000060d000000| Untracked 
|  53|0x000000060d400000, 0x000000060d800000, 0x000000060d800000|100%| S|CS|TAMS 0x000000060d400000| PB 0x000000060d400000| Complete 
|  54|0x000000060d800000, 0x000000060dc00000, 0x000000060dc00000|100%| S|CS|TAMS 0x000000060d800000| PB 0x000000060d800000| Complete 
|  55|0x000000060dc00000, 0x000000060dc00000, 0x000000060e000000|  0%| F|  |TAMS 0x000000060dc00000| PB 0x000000060dc00000| Untracked 
|  56|0x000000060e000000, 0x000000060e000000, 0x000000060e400000|  0%| F|  |TAMS 0x000000060e000000| PB 0x000000060e000000| Untracked 
|  57|0x000000060e400000, 0x000000060e800000, 0x000000060e800000|100%| S|CS|TAMS 0x000000060e400000| PB 0x000000060e400000| Complete 
|  58|0x000000060e800000, 0x000000060ec00000, 0x000000060ec00000|100%| S|CS|TAMS 0x000000060e800000| PB 0x000000060e800000| Complete 
|  59|0x000000060ec00000, 0x000000060ec00000, 0x000000060f000000|  0%| F|  |TAMS 0x000000060ec00000| PB 0x000000060ec00000| Untracked 
|  60|0x000000060f000000, 0x000000060f000000, 0x000000060f400000|  0%| F|  |TAMS 0x000000060f000000| PB 0x000000060f000000| Untracked 
|  61|0x000000060f400000, 0x000000060f400000, 0x000000060f800000|  0%| F|  |TAMS 0x000000060f400000| PB 0x000000060f400000| Untracked 
|  62|0x000000060f800000, 0x000000060f800000, 0x000000060fc00000|  0%| F|  |TAMS 0x000000060f800000| PB 0x000000060f800000| Untracked 
|  63|0x000000060fc00000, 0x000000060fc00000, 0x0000000610000000|  0%| F|  |TAMS 0x000000060fc00000| PB 0x000000060fc00000| Untracked 
|  64|0x0000000610000000, 0x0000000610000000, 0x0000000610400000|  0%| F|  |TAMS 0x0000000610000000| PB 0x0000000610000000| Untracked 
|  65|0x0000000610400000, 0x0000000610400000, 0x0000000610800000|  0%| F|  |TAMS 0x0000000610400000| PB 0x0000000610400000| Untracked 
|  66|0x0000000610800000, 0x0000000610800000, 0x0000000610c00000|  0%| F|  |TAMS 0x0000000610800000| PB 0x0000000610800000| Untracked 
|  67|0x0000000610c00000, 0x0000000610c00000, 0x0000000611000000|  0%| F|  |TAMS 0x0000000610c00000| PB 0x0000000610c00000| Untracked 
|  68|0x0000000611000000, 0x0000000611000000, 0x0000000611400000|  0%| F|  |TAMS 0x0000000611000000| PB 0x0000000611000000| Untracked 
|  69|0x0000000611400000, 0x0000000611400000, 0x0000000611800000|  0%| F|  |TAMS 0x0000000611400000| PB 0x0000000611400000| Untracked 
|  70|0x0000000611800000, 0x0000000611800000, 0x0000000611c00000|  0%| F|  |TAMS 0x0000000611800000| PB 0x0000000611800000| Untracked 
|  71|0x0000000611c00000, 0x0000000611c00000, 0x0000000612000000|  0%| F|  |TAMS 0x0000000611c00000| PB 0x0000000611c00000| Untracked 
|  72|0x0000000612000000, 0x0000000612000000, 0x0000000612400000|  0%| F|  |TAMS 0x0000000612000000| PB 0x0000000612000000| Untracked 
|  73|0x0000000612400000, 0x0000000612400000, 0x0000000612800000|  0%| F|  |TAMS 0x0000000612400000| PB 0x0000000612400000| Untracked 
|  74|0x0000000612800000, 0x0000000612800000, 0x0000000612c00000|  0%| F|  |TAMS 0x0000000612800000| PB 0x0000000612800000| Untracked 
|  75|0x0000000612c00000, 0x0000000612c00000, 0x0000000613000000|  0%| F|  |TAMS 0x0000000612c00000| PB 0x0000000612c00000| Untracked 
|  76|0x0000000613000000, 0x0000000613000000, 0x0000000613400000|  0%| F|  |TAMS 0x0000000613000000| PB 0x0000000613000000| Untracked 
|  77|0x0000000613400000, 0x0000000613400000, 0x0000000613800000|  0%| F|  |TAMS 0x0000000613400000| PB 0x0000000613400000| Untracked 
|  78|0x0000000613800000, 0x0000000613800000, 0x0000000613c00000|  0%| F|  |TAMS 0x0000000613800000| PB 0x0000000613800000| Untracked 
|  79|0x0000000613c00000, 0x0000000613c00000, 0x0000000614000000|  0%| F|  |TAMS 0x0000000613c00000| PB 0x0000000613c00000| Untracked 
|  80|0x0000000614000000, 0x0000000614000000, 0x0000000614400000|  0%| F|  |TAMS 0x0000000614000000| PB 0x0000000614000000| Untracked 
|  81|0x0000000614400000, 0x0000000614510870, 0x0000000614800000| 26%| E|  |TAMS 0x0000000614400000| PB 0x0000000614400000| Complete 
|  82|0x0000000614800000, 0x0000000614c00000, 0x0000000614c00000|100%| E|CS|TAMS 0x0000000614800000| PB 0x0000000614800000| Complete 
|  83|0x0000000614c00000, 0x0000000615000000, 0x0000000615000000|100%| E|CS|TAMS 0x0000000614c00000| PB 0x0000000614c00000| Complete 
|  84|0x0000000615000000, 0x0000000615400000, 0x0000000615400000|100%| E|CS|TAMS 0x0000000615000000| PB 0x0000000615000000| Complete 
|2046|0x00000007ff800000, 0x00000007ffc00000, 0x00000007ffc00000|100%| O|  |TAMS 0x00000007ffc00000| PB 0x00000007ff800000| Untracked 
|2047|0x00000007ffc00000, 0x0000000800000000, 0x0000000800000000|100%| O|  |TAMS 0x0000000800000000| PB 0x00000007ffc00000| Untracked 

Card table byte_map: [0x0000022ff8020000,0x0000022ff9020000] _byte_map_base: 0x0000022ff5020000

Marking Bits: (CMBitMap*) 0x0000022fee48aab0
 Bits: [0x0000022fa0000000, 0x0000022fa8000000)

Polling page: 0x0000022fec120000

Metaspace:

Usage:
  Non-class:     95.85 MB used.
      Class:     15.37 MB used.
       Both:    111.23 MB used.

Virtual space:
  Non-class space:      128.00 MB reserved,      97.25 MB ( 76%) committed,  2 nodes.
      Class space:        1.00 GB reserved,      16.69 MB (  2%) committed,  1 nodes.
             Both:        1.12 GB reserved,     113.94 MB ( 10%) committed. 

Chunk freelists:
   Non-Class:  14.48 MB
       Class:  15.13 MB
        Both:  29.62 MB

MaxMetaspaceSize: 4.00 GB
CompressedClassSpaceSize: 1.00 GB
Initial GC threshold: 21.00 MB
Current GC threshold: 188.38 MB
CDS: on
 - commit_granule_bytes: 65536.
 - commit_granule_words: 8192.
 - virtual_space_node_default_size: 8388608.
 - enlarge_chunks_in_place: 1.
 - use_allocation_guard: 0.


Internal statistics:

num_allocs_failed_limit: 12.
num_arena_births: 4616.
num_arena_deaths: 0.
num_vsnodes_births: 3.
num_vsnodes_deaths: 0.
num_space_committed: 1823.
num_space_uncommitted: 0.
num_chunks_returned_to_freelist: 12.
num_chunks_taken_from_freelist: 9987.
num_chunk_merges: 12.
num_chunk_splits: 6437.
num_chunks_enlarged: 3955.
num_inconsistent_stats: 0.

CodeHeap 'non-profiled nmethods': size=259264Kb used=10383Kb max_used=10383Kb free=248880Kb
 bounds [0x0000022f902d0000, 0x0000022f90d00000, 0x0000022fa0000000]
CodeHeap 'profiled nmethods': size=259264Kb used=26889Kb max_used=26889Kb free=232374Kb
 bounds [0x0000022f80000000, 0x0000022f81a50000, 0x0000022f8fd30000]
CodeHeap 'non-nmethods': size=5760Kb used=2994Kb max_used=3045Kb free=2765Kb
 bounds [0x0000022f8fd30000, 0x0000022f90030000, 0x0000022f902d0000]
 total_blobs=15088 nmethods=14031 adapters=960
 compilation: enabled
              stopped_count=0, restarted_count=0
 full_count=0

Compilation events (20 events):
Event: 67.293 Thread 0x0000022ffbaa0080 16870       1       org.gradle.api.internal.artifacts.ivyservice.resolveengine.graph.builder.RootNode::isSelected (2 bytes)
Event: 67.293 Thread 0x0000022ffbaa0080 nmethod 16870 0x0000022f90cec310 code [0x0000022f90cec4a0, 0x0000022f90cec568]
Event: 67.293 Thread 0x0000022ffbaa0080 16871       3       java.util.LinkedList::linkBefore (63 bytes)
Event: 67.293 Thread 0x0000023006f51460 nmethod 16868 0x0000022f90cec610 code [0x0000022f90cec7c0, 0x0000022f90cec940]
Event: 67.293 Thread 0x0000023006f51460 16869       4       org.gradle.api.internal.artifacts.ivyservice.resolveengine.graph.builder.ModuleResolveState::isVirtualPlatform (28 bytes)
Event: 67.293 Thread 0x0000022ffbaa0080 nmethod 16871 0x0000022f81a42610 code [0x0000022f81a427e0, 0x0000022f81a42cc8]
Event: 67.293 Thread 0x0000023006f51460 nmethod 16869 0x0000022f90ceca90 code [0x0000022f90cecc20, 0x0000022f90ceccd0]
Event: 67.293 Thread 0x0000023006f51460 16872       4       org.gradle.api.internal.artifacts.ivyservice.resolveengine.graph.builder.EdgeState::getSelectedNode (88 bytes)
Event: 67.296 Thread 0x0000022ff921e190 nmethod 16864 0x0000022f90cecd90 code [0x0000022f90ced000, 0x0000022f90cee270]
Event: 67.299 Thread 0x0000023006f51460 nmethod 16872 0x0000022f90ceed10 code [0x0000022f90ceeee0, 0x0000022f90cef2d8]
Event: 67.313 Thread 0x0000022ff921e190 16873   !   4       org.gradle.api.internal.artifacts.ivyservice.ResolvedArtifactCollectingVisitor::visitArtifact (77 bytes)
Event: 67.315 Thread 0x0000022ffbaa0080 16874       3       org.gradle.api.internal.provider.ValueState$NonFinalizedValue::forUpstream (13 bytes)
Event: 67.315 Thread 0x0000022ffbaa0080 nmethod 16874 0x0000022f81a42e90 code [0x0000022f81a43040, 0x0000022f81a431b8]
Event: 67.316 Thread 0x0000023006f51460 16875       4       org.gradle.internal.component.model.ImmutableModuleSources::getSource (50 bytes)
Event: 67.320 Thread 0x0000023006f51460 nmethod 16875 0x0000022f90cef790 code [0x0000022f90cef960, 0x0000022f90cefcd8]
Event: 67.320 Thread 0x0000023006f51460 16876   !   4       org.gradle.cache.internal.DefaultFileLockManager$DefaultFileLock::doWriteAction (66 bytes)
Event: 67.342 Thread 0x0000022ffbaa0080 16877       3       org.gradle.internal.operations.DefaultBuildOperationQueue$WorkerRunnable::doRunBatch (44 bytes)
Event: 67.343 Thread 0x0000022ffbaa0080 nmethod 16877 0x0000022f81a43290 code [0x0000022f81a434a0, 0x0000022f81a43a00]
Event: 67.344 Thread 0x0000022ff921e190 nmethod 16873 0x0000022f90ceff10 code [0x0000022f90cf0220, 0x0000022f90cf17e0]
Event: 67.403 Thread 0x0000022ff921e190 16878       4       org.gradle.internal.fingerprint.impl.DefaultFileSystemLocationFingerprint::compareTo (9 bytes)

GC Heap History (20 events):
Event: 59.368 GC heap before
{Heap before GC invocations=51 (full 0):
 garbage-first heap   total 282624K, used 242118K [0x0000000600000000, 0x0000000800000000)
  region size 4096K, 26 young (106496K), 2 survivors (8192K)
 Metaspace       used 112738K, committed 115392K, reserved 1179648K
  class space    used 15640K, committed 16960K, reserved 1048576K
}
Event: 59.380 GC heap after
{Heap after GC invocations=52 (full 0):
 garbage-first heap   total 282624K, used 159624K [0x0000000600000000, 0x0000000800000000)
  region size 4096K, 4 young (16384K), 4 survivors (16384K)
 Metaspace       used 112738K, committed 115392K, reserved 1179648K
  class space    used 15640K, committed 16960K, reserved 1048576K
}
Event: 60.199 GC heap before
{Heap before GC invocations=52 (full 0):
 garbage-first heap   total 282624K, used 245640K [0x0000000600000000, 0x0000000800000000)
  region size 4096K, 26 young (106496K), 4 survivors (16384K)
 Metaspace       used 112738K, committed 115392K, reserved 1179648K
  class space    used 15640K, committed 16960K, reserved 1048576K
}
Event: 60.214 GC heap after
{Heap after GC invocations=53 (full 0):
 garbage-first heap   total 282624K, used 161374K [0x0000000600000000, 0x0000000800000000)
  region size 4096K, 2 young (8192K), 2 survivors (8192K)
 Metaspace       used 112738K, committed 115392K, reserved 1179648K
  class space    used 15640K, committed 16960K, reserved 1048576K
}
Event: 60.724 GC heap before
{Heap before GC invocations=53 (full 0):
 garbage-first heap   total 282624K, used 185950K [0x0000000600000000, 0x0000000800000000)
  region size 4096K, 9 young (36864K), 2 survivors (8192K)
 Metaspace       used 112937K, committed 115648K, reserved 1179648K
  class space    used 15657K, committed 17024K, reserved 1048576K
}
Event: 60.730 GC heap after
{Heap after GC invocations=54 (full 0):
 garbage-first heap   total 282624K, used 167931K [0x0000000600000000, 0x0000000800000000)
  region size 4096K, 3 young (12288K), 3 survivors (12288K)
 Metaspace       used 112937K, committed 115648K, reserved 1179648K
  class space    used 15657K, committed 17024K, reserved 1048576K
}
Event: 61.660 GC heap before
{Heap before GC invocations=55 (full 0):
 garbage-first heap   total 294912K, used 249851K [0x0000000600000000, 0x0000000800000000)
  region size 4096K, 22 young (90112K), 3 survivors (12288K)
 Metaspace       used 113128K, committed 115840K, reserved 1179648K
  class space    used 15670K, committed 17024K, reserved 1048576K
}
Event: 61.671 GC heap after
{Heap after GC invocations=56 (full 0):
 garbage-first heap   total 294912K, used 180350K [0x0000000600000000, 0x0000000800000000)
  region size 4096K, 3 young (12288K), 3 survivors (12288K)
 Metaspace       used 113128K, committed 115840K, reserved 1179648K
  class space    used 15670K, committed 17024K, reserved 1048576K
}
Event: 62.098 GC heap before
{Heap before GC invocations=56 (full 0):
 garbage-first heap   total 294912K, used 254078K [0x0000000600000000, 0x0000000800000000)
  region size 4096K, 22 young (90112K), 3 survivors (12288K)
 Metaspace       used 113129K, committed 115840K, reserved 1179648K
  class space    used 15670K, committed 17024K, reserved 1048576K
}
Event: 62.110 GC heap after
{Heap after GC invocations=57 (full 0):
 garbage-first heap   total 294912K, used 180828K [0x0000000600000000, 0x0000000800000000)
  region size 4096K, 2 young (8192K), 2 survivors (8192K)
 Metaspace       used 113129K, committed 115840K, reserved 1179648K
  class space    used 15670K, committed 17024K, reserved 1048576K
}
Event: 62.559 GC heap before
{Heap before GC invocations=57 (full 0):
 garbage-first heap   total 294912K, used 213596K [0x0000000600000000, 0x0000000800000000)
  region size 4096K, 12 young (49152K), 2 survivors (8192K)
 Metaspace       used 113239K, committed 115968K, reserved 1179648K
  class space    used 15680K, committed 17024K, reserved 1048576K
}
Event: 62.567 GC heap after
{Heap after GC invocations=58 (full 0):
 garbage-first heap   total 356352K, used 188416K [0x0000000600000000, 0x0000000800000000)
  region size 4096K, 3 young (12288K), 3 survivors (12288K)
 Metaspace       used 113239K, committed 115968K, reserved 1179648K
  class space    used 15680K, committed 17024K, reserved 1048576K
}
Event: 64.036 GC heap before
{Heap before GC invocations=58 (full 0):
 garbage-first heap   total 356352K, used 299008K [0x0000000600000000, 0x0000000800000000)
  region size 4096K, 29 young (118784K), 3 survivors (12288K)
 Metaspace       used 113426K, committed 116096K, reserved 1179648K
  class space    used 15693K, committed 17024K, reserved 1048576K
}
Event: 64.051 GC heap after
{Heap after GC invocations=59 (full 0):
 garbage-first heap   total 356352K, used 200808K [0x0000000600000000, 0x0000000800000000)
  region size 4096K, 3 young (12288K), 3 survivors (12288K)
 Metaspace       used 113426K, committed 116096K, reserved 1179648K
  class space    used 15693K, committed 17024K, reserved 1048576K
}
Event: 65.052 GC heap before
{Heap before GC invocations=59 (full 0):
 garbage-first heap   total 356352K, used 299112K [0x0000000600000000, 0x0000000800000000)
  region size 4096K, 28 young (114688K), 3 survivors (12288K)
 Metaspace       used 113652K, committed 116416K, reserved 1179648K
  class space    used 15712K, committed 17088K, reserved 1048576K
}
Event: 65.061 GC heap after
{Heap after GC invocations=60 (full 0):
 garbage-first heap   total 356352K, used 205949K [0x0000000600000000, 0x0000000800000000)
  region size 4096K, 3 young (12288K), 3 survivors (12288K)
 Metaspace       used 113652K, committed 116416K, reserved 1179648K
  class space    used 15712K, committed 17088K, reserved 1048576K
}
Event: 65.587 GC heap before
{Heap before GC invocations=60 (full 0):
 garbage-first heap   total 356352K, used 304253K [0x0000000600000000, 0x0000000800000000)
  region size 4096K, 28 young (114688K), 3 survivors (12288K)
 Metaspace       used 113655K, committed 116416K, reserved 1179648K
  class space    used 15712K, committed 17088K, reserved 1048576K
}
Event: 65.596 GC heap after
{Heap after GC invocations=61 (full 0):
 garbage-first heap   total 356352K, used 208592K [0x0000000600000000, 0x0000000800000000)
  region size 4096K, 2 young (8192K), 2 survivors (8192K)
 Metaspace       used 113655K, committed 116416K, reserved 1179648K
  class space    used 15712K, committed 17088K, reserved 1048576K
}
Event: 67.345 GC heap before
{Heap before GC invocations=61 (full 0):
 garbage-first heap   total 356352K, used 310992K [0x0000000600000000, 0x0000000800000000)
  region size 4096K, 28 young (114688K), 2 survivors (8192K)
 Metaspace       used 113894K, committed 116672K, reserved 1179648K
  class space    used 15740K, committed 17088K, reserved 1048576K
}
Event: 67.355 GC heap after
{Heap after GC invocations=62 (full 0):
 garbage-first heap   total 356352K, used 220503K [0x0000000600000000, 0x0000000800000000)
  region size 4096K, 4 young (16384K), 4 survivors (16384K)
 Metaspace       used 113894K, committed 116672K, reserved 1179648K
  class space    used 15740K, committed 17088K, reserved 1048576K
}

Dll operation events (16 events):
Event: 0.012 Loaded shared library C:\Program Files\Eclipse Adoptium\jdk-21.0.7.6-hotspot\bin\java.dll
Event: 0.046 Loaded shared library C:\Program Files\Eclipse Adoptium\jdk-21.0.7.6-hotspot\bin\jsvml.dll
Event: 0.091 Loaded shared library C:\Program Files\Eclipse Adoptium\jdk-21.0.7.6-hotspot\bin\zip.dll
Event: 0.096 Loaded shared library C:\Program Files\Eclipse Adoptium\jdk-21.0.7.6-hotspot\bin\instrument.dll
Event: 0.101 Loaded shared library C:\Program Files\Eclipse Adoptium\jdk-21.0.7.6-hotspot\bin\net.dll
Event: 0.104 Loaded shared library C:\Program Files\Eclipse Adoptium\jdk-21.0.7.6-hotspot\bin\nio.dll
Event: 0.107 Loaded shared library C:\Program Files\Eclipse Adoptium\jdk-21.0.7.6-hotspot\bin\zip.dll
Event: 0.400 Loaded shared library C:\Program Files\Eclipse Adoptium\jdk-21.0.7.6-hotspot\bin\jimage.dll
Event: 0.584 Loaded shared library C:\Program Files\Eclipse Adoptium\jdk-21.0.7.6-hotspot\bin\verify.dll
Event: 0.801 Loaded shared library C:\Users\babak\.gradle\native\1def1411415f61bf3af743bc5b6707747c0891f09f0c88961ee8f79bc544acac\windows-amd64\native-platform.dll
Event: 0.818 Loaded shared library C:\Users\babak\.gradle\native\0.2.5\x86_64-windows-gnu\gradle-fileevents.dll
Event: 2.439 Loaded shared library C:\Program Files\Eclipse Adoptium\jdk-21.0.7.6-hotspot\bin\management.dll
Event: 2.448 Loaded shared library C:\Program Files\Eclipse Adoptium\jdk-21.0.7.6-hotspot\bin\management_ext.dll
Event: 2.835 Loaded shared library C:\Program Files\Eclipse Adoptium\jdk-21.0.7.6-hotspot\bin\extnet.dll
Event: 3.230 Loaded shared library C:\Program Files\Eclipse Adoptium\jdk-21.0.7.6-hotspot\bin\sunmscapi.dll
Event: 4.910 Loaded shared library C:\Users\babak\AppData\Local\Temp\native-platform1904034866965946660dir\gradle-fileevents.dll

Deoptimization events (20 events):
Event: 63.204 Thread 0x00000230019deea0 Uncommon trap: trap_request=0xffffffdc fr.pc=0x0000022f90c33de0 relative=0x0000000000000320
Event: 63.204 Thread 0x00000230019deea0 Uncommon trap: reason=class_check action=make_not_entrant pc=0x0000022f90c33de0 method=java.util.ArrayList$SubList.toArray([Ljava/lang/Object;)[Ljava/lang/Object; @ 37 c2
Event: 63.204 Thread 0x00000230019deea0 DEOPT PACKING pc=0x0000022f90c33de0 sp=0x000000dc705f7730
Event: 63.204 Thread 0x00000230019deea0 DEOPT UNPACKING pc=0x0000022f8fd846a2 sp=0x000000dc705f76f8 mode 2
Event: 64.417 Thread 0x00000230019dc0b0 Uncommon trap: trap_request=0xffffff45 fr.pc=0x0000022f906e1bd8 relative=0x0000000000000478
Event: 64.417 Thread 0x00000230019dc0b0 Uncommon trap: reason=unstable_if action=reinterpret pc=0x0000022f906e1bd8 method=sun.nio.ch.IOUtil.writeFromNativeBuffer(Ljava/io/FileDescriptor;Ljava/nio/ByteBuffer;JZZILsun/nio/ch/NativeDispatcher;)I @ 153 c2
Event: 64.417 Thread 0x00000230019dc0b0 DEOPT PACKING pc=0x0000022f906e1bd8 sp=0x000000dc708ff340
Event: 64.417 Thread 0x00000230019dc0b0 DEOPT UNPACKING pc=0x0000022f8fd846a2 sp=0x000000dc708ff0f0 mode 2
Event: 64.419 Thread 0x00000230019dc0b0 DEOPT PACKING pc=0x0000022f806a98d7 sp=0x000000dc708fea80
Event: 64.419 Thread 0x00000230019dc0b0 DEOPT UNPACKING pc=0x0000022f8fd84e42 sp=0x000000dc708fdef8 mode 0
Event: 64.419 Thread 0x00000230019dc0b0 Uncommon trap: trap_request=0xffffff45 fr.pc=0x0000022f90794f84 relative=0x0000000000000064
Event: 64.419 Thread 0x00000230019dc0b0 Uncommon trap: reason=unstable_if action=reinterpret pc=0x0000022f90794f84 method=sun.nio.ch.SocketChannelImpl.beginWrite(Z)V @ 1 c2
Event: 64.419 Thread 0x00000230019dc0b0 DEOPT PACKING pc=0x0000022f90794f84 sp=0x000000dc708fef10
Event: 64.419 Thread 0x00000230019dc0b0 DEOPT UNPACKING pc=0x0000022f8fd846a2 sp=0x000000dc708feea0 mode 2
Event: 64.419 Thread 0x00000230019dc0b0 Uncommon trap: trap_request=0xffffff45 fr.pc=0x0000022f90794c88 relative=0x0000000000000068
Event: 64.419 Thread 0x00000230019dc0b0 Uncommon trap: reason=unstable_if action=reinterpret pc=0x0000022f90794c88 method=sun.nio.ch.SocketChannelImpl.endWrite(ZZ)V @ 1 c2
Event: 64.419 Thread 0x00000230019dc0b0 DEOPT PACKING pc=0x0000022f90794c88 sp=0x000000dc708fef10
Event: 64.419 Thread 0x00000230019dc0b0 DEOPT UNPACKING pc=0x0000022f8fd846a2 sp=0x000000dc708feea0 mode 2
Event: 67.276 Thread 0x00000230019deea0 DEOPT PACKING pc=0x0000022f80604db0 sp=0x000000dc705f76c0
Event: 67.276 Thread 0x00000230019deea0 DEOPT UNPACKING pc=0x0000022f8fd84e42 sp=0x000000dc705f6d28 mode 0

Classes loaded (20 events):
Event: 58.575 Loading class java/util/HashtableBeanInfo
Event: 58.575 Loading class java/util/HashtableBeanInfo done
Event: 58.575 Loading class java/util/HashtableBeanInfo
Event: 58.575 Loading class java/util/HashtableBeanInfo done
Event: 58.576 Loading class java/util/DictionaryBeanInfo
Event: 58.576 Loading class java/util/DictionaryBeanInfo done
Event: 58.576 Loading class java/util/DictionaryBeanInfo
Event: 58.576 Loading class java/util/DictionaryBeanInfo done
Event: 58.576 Loading class java/util/DictionaryCustomizer
Event: 58.576 Loading class java/util/DictionaryCustomizer done
Event: 58.576 Loading class java/util/DictionaryCustomizer
Event: 58.576 Loading class java/util/DictionaryCustomizer done
Event: 58.576 Loading class java/util/HashtableCustomizer
Event: 58.576 Loading class java/util/HashtableCustomizer done
Event: 58.577 Loading class java/util/HashtableCustomizer
Event: 58.577 Loading class java/util/HashtableCustomizer done
Event: 58.578 Loading class java/util/PropertiesCustomizer
Event: 58.578 Loading class java/util/PropertiesCustomizer done
Event: 58.578 Loading class java/util/PropertiesCustomizer
Event: 58.578 Loading class java/util/PropertiesCustomizer done

Classes unloaded (0 events):
No events

Classes redefined (0 events):
No events

Internal exceptions (20 events):
Event: 58.663 Thread 0x00000230019deea0 Exception <a 'java/lang/ClassNotFoundException'{0x000000060ece1928}: org/codehaus/groovy/runtime/GStringImplBeanInfo> (0x000000060ece1928) 
thrown [s\src\hotspot\share\classfile\systemDictionary.cpp, line 312]
Event: 58.664 Thread 0x00000230019deea0 Exception <a 'java/lang/ClassNotFoundException'{0x000000060ecf47c8}: org/codehaus/groovy/runtime/GStringImplCustomizer> (0x000000060ecf47c8) 
thrown [s\src\hotspot\share\classfile\systemDictionary.cpp, line 312]
Event: 60.351 Thread 0x00000230019deea0 Exception <a 'java/lang/ClassNotFoundException'{0x0000000610798968}: build_12oa3au4ocp08exm9twmoxnpwBeanInfo> (0x0000000610798968) 
thrown [s\src\hotspot\share\classfile\systemDictionary.cpp, line 312]
Event: 60.352 Thread 0x00000230019deea0 Exception <a 'java/lang/ClassNotFoundException'{0x000000061079f588}: build_12oa3au4ocp08exm9twmoxnpwCustomizer> (0x000000061079f588) 
thrown [s\src\hotspot\share\classfile\systemDictionary.cpp, line 312]
Event: 60.842 Thread 0x00000230019deea0 Exception <a 'java/lang/ClassNotFoundException'{0x0000000610491fb8}: org/jetbrains/kotlin/gradle/plugin/KotlinAndroidPlugin$apply$1$kotlinOptions$1BeanInfo> (0x0000000610491fb8) 
thrown [s\src\hotspot\share\classfile\systemDictionary.cpp, line 312]
Event: 60.842 Thread 0x00000230019deea0 Exception <a 'java/lang/ClassNotFoundException'{0x00000006104a0388}: org/jetbrains/kotlin/gradle/plugin/KotlinAndroidPlugin$apply$1$kotlinOptions$1Customizer> (0x00000006104a0388) 
thrown [s\src\hotspot\share\classfile\systemDictionary.cpp, line 312]
Event: 61.115 Thread 0x00000230019deea0 Exception <a 'java/lang/ClassNotFoundException'{0x000000060fccb6c8}: build_34nhysameq4oudwdpje7yvuq2BeanInfo> (0x000000060fccb6c8) 
thrown [s\src\hotspot\share\classfile\systemDictionary.cpp, line 312]
Event: 61.116 Thread 0x00000230019deea0 Exception <a 'java/lang/ClassNotFoundException'{0x000000060fcd2350}: build_34nhysameq4oudwdpje7yvuq2Customizer> (0x000000060fcd2350) 
thrown [s\src\hotspot\share\classfile\systemDictionary.cpp, line 312]
Event: 62.275 Thread 0x00000230019deea0 Exception <a 'java/lang/ClassNotFoundException'{0x00000006100b00d0}: build_34nhysameq4oudwdpje7yvuq2BeanInfo> (0x00000006100b00d0) 
thrown [s\src\hotspot\share\classfile\systemDictionary.cpp, line 312]
Event: 62.275 Thread 0x00000230019deea0 Exception <a 'java/lang/ClassNotFoundException'{0x00000006100b6cf0}: build_34nhysameq4oudwdpje7yvuq2Customizer> (0x00000006100b6cf0) 
thrown [s\src\hotspot\share\classfile\systemDictionary.cpp, line 312]
Event: 62.636 Thread 0x00000230019deea0 Exception <a 'java/lang/ClassNotFoundException'{0x00000006153cbc00}: com/android/build/gradle/internal/dsl/LintOptions_DecoratedBeanInfo> (0x00000006153cbc00) 
thrown [s\src\hotspot\share\classfile\systemDictionary.cpp, line 312]
Event: 62.637 Thread 0x00000230019deea0 Exception <a 'java/lang/ClassNotFoundException'{0x00000006153d9b58}: com/android/build/gradle/internal/dsl/LintOptionsBeanInfo> (0x00000006153d9b58) 
thrown [s\src\hotspot\share\classfile\systemDictionary.cpp, line 312]
Event: 62.637 Thread 0x00000230019deea0 Exception <a 'java/lang/ClassNotFoundException'{0x00000006153e7a90}: com/android/build/gradle/internal/dsl/LintOptionsCustomizer> (0x00000006153e7a90) 
thrown [s\src\hotspot\share\classfile\systemDictionary.cpp, line 312]
Event: 62.640 Thread 0x00000230019deea0 Exception <a 'java/lang/ClassNotFoundException'{0x0000000614c33b90}: com/android/build/gradle/internal/dsl/LintOptions_DecoratedCustomizer> (0x0000000614c33b90) 
thrown [s\src\hotspot\share\classfile\systemDictionary.cpp, line 312]
Event: 63.090 Thread 0x00000230019deea0 Exception <a 'java/lang/ClassNotFoundException'{0x00000006138f6ff0}: build_8obi1l16fygxsgfetsouznpx2BeanInfo> (0x00000006138f6ff0) 
thrown [s\src\hotspot\share\classfile\systemDictionary.cpp, line 312]
Event: 63.090 Thread 0x00000230019deea0 Exception <a 'java/lang/ClassNotFoundException'{0x00000006138fdc78}: build_8obi1l16fygxsgfetsouznpx2Customizer> (0x00000006138fdc78) 
thrown [s\src\hotspot\share\classfile\systemDictionary.cpp, line 312]
Event: 64.438 Thread 0x00000230019deea0 Exception <a 'java/lang/ClassNotFoundException'{0x00000006117eef58}: build_8obi1l16fygxsgfetsouznpx2BeanInfo> (0x00000006117eef58) 
thrown [s\src\hotspot\share\classfile\systemDictionary.cpp, line 312]
Event: 64.438 Thread 0x00000230019deea0 Exception <a 'java/lang/ClassNotFoundException'{0x00000006117f5b78}: build_8obi1l16fygxsgfetsouznpx2Customizer> (0x00000006117f5b78) 
thrown [s\src\hotspot\share\classfile\systemDictionary.cpp, line 312]
Event: 67.232 Thread 0x00000230019deea0 Exception <a 'java/lang/ClassNotFoundException'{0x000000060f996a60}: build_dkpc7yvxh00kyfuuhh2x096f2BeanInfo> (0x000000060f996a60) 
thrown [s\src\hotspot\share\classfile\systemDictionary.cpp, line 312]
Event: 67.233 Thread 0x00000230019deea0 Exception <a 'java/lang/ClassNotFoundException'{0x000000060f99d6e8}: build_dkpc7yvxh00kyfuuhh2x096f2Customizer> (0x000000060f99d6e8) 
thrown [s\src\hotspot\share\classfile\systemDictionary.cpp, line 312]

ZGC Phase Switch (0 events):
No events

VM Operations (20 events):
Event: 61.659 Executing VM operation: G1CollectForAllocation (G1 Evacuation Pause)
Event: 61.671 Executing VM operation: G1CollectForAllocation (G1 Evacuation Pause) done
Event: 62.098 Executing VM operation: G1CollectForAllocation (G1 Evacuation Pause)
Event: 62.111 Executing VM operation: G1CollectForAllocation (G1 Evacuation Pause) done
Event: 62.559 Executing VM operation: G1TryInitiateConcMark (G1 Humongous Allocation)
Event: 62.567 Executing VM operation: G1TryInitiateConcMark (G1 Humongous Allocation) done
Event: 63.272 Executing VM operation: ICBufferFull
Event: 63.272 Executing VM operation: ICBufferFull done
Event: 64.036 Executing VM operation: G1CollectForAllocation (G1 Evacuation Pause)
Event: 64.051 Executing VM operation: G1CollectForAllocation (G1 Evacuation Pause) done
Event: 65.020 Executing VM operation: ICBufferFull
Event: 65.020 Executing VM operation: ICBufferFull done
Event: 65.052 Executing VM operation: G1CollectForAllocation (G1 Evacuation Pause)
Event: 65.061 Executing VM operation: G1CollectForAllocation (G1 Evacuation Pause) done
Event: 65.587 Executing VM operation: G1CollectForAllocation (G1 Evacuation Pause)
Event: 65.596 Executing VM operation: G1CollectForAllocation (G1 Evacuation Pause) done
Event: 66.608 Executing VM operation: Cleanup
Event: 66.612 Executing VM operation: Cleanup done
Event: 67.345 Executing VM operation: G1CollectForAllocation (G1 Evacuation Pause)
Event: 67.355 Executing VM operation: G1CollectForAllocation (G1 Evacuation Pause) done

Memory protections (0 events):
No events

Nmethod flushes (20 events):
Event: 60.905 Thread 0x0000022ff91d1140 flushing  nmethod 0x0000022f80719290
Event: 60.905 Thread 0x0000022ff91d1140 flushing  nmethod 0x0000022f80784b10
Event: 60.905 Thread 0x0000022ff91d1140 flushing  nmethod 0x0000022f8089f110
Event: 60.905 Thread 0x0000022ff91d1140 flushing  nmethod 0x0000022f808a6090
Event: 60.905 Thread 0x0000022ff91d1140 flushing  nmethod 0x0000022f8091fb90
Event: 60.905 Thread 0x0000022ff91d1140 flushing  nmethod 0x0000022f80c58810
Event: 60.905 Thread 0x0000022ff91d1140 flushing  nmethod 0x0000022f80c58c90
Event: 60.905 Thread 0x0000022ff91d1140 flushing  nmethod 0x0000022f80c5a990
Event: 60.905 Thread 0x0000022ff91d1140 flushing  nmethod 0x0000022f80c75d90
Event: 60.905 Thread 0x0000022ff91d1140 flushing  nmethod 0x0000022f80cb7390
Event: 60.905 Thread 0x0000022ff91d1140 flushing  nmethod 0x0000022f80cb7710
Event: 60.905 Thread 0x0000022ff91d1140 flushing  nmethod 0x0000022f80cbc190
Event: 60.905 Thread 0x0000022ff91d1140 flushing  nmethod 0x0000022f80d81f10
Event: 60.905 Thread 0x0000022ff91d1140 flushing  nmethod 0x0000022f80fb6c10
Event: 60.905 Thread 0x0000022ff91d1140 flushing  nmethod 0x0000022f810b1010
Event: 60.905 Thread 0x0000022ff91d1140 flushing  nmethod 0x0000022f810f3690
Event: 60.905 Thread 0x0000022ff91d1140 flushing  nmethod 0x0000022f811a9610
Event: 60.905 Thread 0x0000022ff91d1140 flushing  nmethod 0x0000022f811b2810
Event: 60.905 Thread 0x0000022ff91d1140 flushing  nmethod 0x0000022f81790910
Event: 60.905 Thread 0x0000022ff91d1140 flushing  nmethod 0x0000022f81791c90

Events (20 events):
Event: 55.437 Thread 0x00000230019deea0 Thread added: 0x0000023005a1b020
Event: 55.438 Thread 0x00000230019deea0 Thread added: 0x00000230002ed7e0
Event: 55.438 Thread 0x00000230019deea0 Thread added: 0x00000230002ef8b0
Event: 55.438 Thread 0x00000230019deea0 Thread added: 0x00000230002ee500
Event: 55.588 Thread 0x0000022ffbaa0080 Thread added: 0x0000023002db5420
Event: 55.674 Thread 0x00000230019deea0 Thread added: 0x00000230002f05d0
Event: 55.776 Thread 0x0000022ffbaa0080 Thread added: 0x0000023005766730
Event: 57.207 Thread 0x00000230019deea0 Thread added: 0x00000230002f3a50
Event: 57.208 Thread 0x00000230019deea0 Thread added: 0x00000230002f2010
Event: 57.208 Thread 0x00000230019deea0 Thread added: 0x00000230002f12f0
Event: 57.208 Thread 0x00000230019deea0 Thread added: 0x00000230002f40e0
Event: 57.809 Thread 0x0000023005766730 Thread exited: 0x0000023005766730
Event: 60.789 Thread 0x0000023002db5420 Thread exited: 0x0000023002db5420
Event: 61.276 Thread 0x0000022ffbaa0080 Thread added: 0x0000023006f50d90
Event: 61.279 Thread 0x0000022ffbaa0080 Thread added: 0x0000023006f506c0
Event: 62.612 Thread 0x0000023006f506c0 Thread exited: 0x0000023006f506c0
Event: 64.883 Thread 0x0000023006f50d90 Thread exited: 0x0000023006f50d90
Event: 65.225 Thread 0x0000022ff921e190 Thread added: 0x0000023006f50d90
Event: 65.876 Thread 0x0000023006f50d90 Thread exited: 0x0000023006f50d90
Event: 67.009 Thread 0x0000022ffbaa0080 Thread added: 0x0000023006f51460


Dynamic libraries:
0x00007ff7bfea0000 - 0x00007ff7bfeae000 	C:\Program Files\Eclipse Adoptium\jdk-21.0.7.6-hotspot\bin\java.exe
0x00007ffa5e8c0000 - 0x00007ffa5eb26000 	C:\WINDOWS\SYSTEM32\ntdll.dll
0x00007ffa5d560000 - 0x00007ffa5d629000 	C:\WINDOWS\System32\KERNEL32.DLL
0x00007ffa5c060000 - 0x00007ffa5c45e000 	C:\WINDOWS\System32\KERNELBASE.dll
0x00007ffa5bf00000 - 0x00007ffa5c04c000 	C:\WINDOWS\System32\ucrtbase.dll
0x00007ffa556b0000 - 0x00007ffa556ce000 	C:\Program Files\Eclipse Adoptium\jdk-21.0.7.6-hotspot\bin\VCRUNTIME140.dll
0x00007ffa4e6f0000 - 0x00007ffa4e708000 	C:\Program Files\Eclipse Adoptium\jdk-21.0.7.6-hotspot\bin\jli.dll
0x00007ffa5e5f0000 - 0x00007ffa5e7b7000 	C:\WINDOWS\System32\USER32.dll
0x00007ffa4cd30000 - 0x00007ffa4cfc2000 	C:\WINDOWS\WinSxS\amd64_microsoft.windows.common-controls_6595b64144ccf1df_6.0.26100.8875_none_3e0d5d42e32fe9dd\COMCTL32.dll
0x00007ffa5bae0000 - 0x00007ffa5bb07000 	C:\WINDOWS\System32\win32u.dll
0x00007ffa5e7d0000 - 0x00007ffa5e879000 	C:\WINDOWS\System32\msvcrt.dll
0x00007ffa5c5f0000 - 0x00007ffa5c61b000 	C:\WINDOWS\System32\GDI32.dll
0x00007ffa5bbd0000 - 0x00007ffa5bcfa000 	C:\WINDOWS\System32\gdi32full.dll
0x00007ffa5be50000 - 0x00007ffa5bef3000 	C:\WINDOWS\System32\msvcp_win.dll
0x00007ffa5d760000 - 0x00007ffa5d792000 	C:\WINDOWS\System32\IMM32.DLL
0x00007ffa557e0000 - 0x00007ffa557ec000 	C:\Program Files\Eclipse Adoptium\jdk-21.0.7.6-hotspot\bin\vcruntime140_1.dll
0x00007ff9fb7e0000 - 0x00007ff9fb86d000 	C:\Program Files\Eclipse Adoptium\jdk-21.0.7.6-hotspot\bin\msvcp140.dll
0x00007ff9d97d0000 - 0x00007ff9da560000 	C:\Program Files\Eclipse Adoptium\jdk-21.0.7.6-hotspot\bin\server\jvm.dll
0x00007ffa5e310000 - 0x00007ffa5e3c7000 	C:\WINDOWS\System32\ADVAPI32.dll
0x00007ffa5d4b0000 - 0x00007ffa5d55a000 	C:\WINDOWS\System32\sechost.dll
0x00007ffa5e420000 - 0x00007ffa5e538000 	C:\WINDOWS\System32\RPCRT4.dll
0x00007ffa5def0000 - 0x00007ffa5df70000 	C:\WINDOWS\System32\WS2_32.dll
0x00007ffa5b940000 - 0x00007ffa5b99e000 	C:\WINDOWS\SYSTEM32\POWRPROF.dll
0x00007ffa51d50000 - 0x00007ffa51d86000 	C:\WINDOWS\SYSTEM32\WINMM.dll
0x00007ffa51e40000 - 0x00007ffa51e4b000 	C:\WINDOWS\SYSTEM32\VERSION.dll
0x00007ffa5b920000 - 0x00007ffa5b934000 	C:\WINDOWS\SYSTEM32\UMPDC.dll
0x00007ffa5a780000 - 0x00007ffa5a79b000 	C:\WINDOWS\SYSTEM32\kernel.appcore.dll
0x00007ffa55720000 - 0x00007ffa5572a000 	C:\Program Files\Eclipse Adoptium\jdk-21.0.7.6-hotspot\bin\jimage.dll
0x00007ffa4c230000 - 0x00007ffa4c472000 	C:\WINDOWS\SYSTEM32\DBGHELP.DLL
0x00007ffa5df80000 - 0x00007ffa5e303000 	C:\WINDOWS\System32\combase.dll
0x00007ffa5d980000 - 0x00007ffa5da59000 	C:\WINDOWS\System32\OLEAUT32.dll
0x00007ffa4c160000 - 0x00007ffa4c19b000 	C:\WINDOWS\SYSTEM32\dbgcore.DLL
0x00007ffa5bd90000 - 0x00007ffa5be3c000 	C:\WINDOWS\System32\bcryptPrimitives.dll
0x00007ffa43090000 - 0x00007ffa4309f000 	C:\Program Files\Eclipse Adoptium\jdk-21.0.7.6-hotspot\bin\instrument.dll
0x00007ffa0f6b0000 - 0x00007ffa0f6cf000 	C:\Program Files\Eclipse Adoptium\jdk-21.0.7.6-hotspot\bin\java.dll
0x00007ffa5c930000 - 0x00007ffa5d0c2000 	C:\WINDOWS\System32\SHELL32.dll
0x00007ffa59560000 - 0x00007ffa59df2000 	C:\WINDOWS\SYSTEM32\windows.storage.dll
0x00007ffa5c7b0000 - 0x00007ffa5c8a7000 	C:\WINDOWS\System32\SHCORE.dll
0x00007ffa5d630000 - 0x00007ffa5d697000 	C:\WINDOWS\System32\shlwapi.dll
0x00007ffa5ba00000 - 0x00007ffa5ba29000 	C:\WINDOWS\SYSTEM32\profapi.dll
0x00007ff9ef960000 - 0x00007ff9efa37000 	C:\Program Files\Eclipse Adoptium\jdk-21.0.7.6-hotspot\bin\jsvml.dll
0x00007ffa0e920000 - 0x00007ffa0e938000 	C:\Program Files\Eclipse Adoptium\jdk-21.0.7.6-hotspot\bin\zip.dll
0x00007ffa42f00000 - 0x00007ffa42f10000 	C:\Program Files\Eclipse Adoptium\jdk-21.0.7.6-hotspot\bin\net.dll
0x00007ffa546c0000 - 0x00007ffa547e7000 	C:\WINDOWS\SYSTEM32\WINHTTP.dll
0x00007ffa5ad10000 - 0x00007ffa5ad7c000 	C:\WINDOWS\system32\mswsock.dll
0x00007ffa06f40000 - 0x00007ffa06f56000 	C:\Program Files\Eclipse Adoptium\jdk-21.0.7.6-hotspot\bin\nio.dll
0x00007ffa42e70000 - 0x00007ffa42e80000 	C:\Program Files\Eclipse Adoptium\jdk-21.0.7.6-hotspot\bin\verify.dll
0x00007ffa065e0000 - 0x00007ffa06607000 	C:\Users\babak\.gradle\native\1def1411415f61bf3af743bc5b6707747c0891f09f0c88961ee8f79bc544acac\windows-amd64\native-platform.dll
0x000000005e8b0000 - 0x000000005e923000 	C:\Users\babak\.gradle\native\0.2.5\x86_64-windows-gnu\gradle-fileevents.dll
0x00007ffa41f50000 - 0x00007ffa41f5a000 	C:\Program Files\Eclipse Adoptium\jdk-21.0.7.6-hotspot\bin\management.dll
0x00007ffa40f60000 - 0x00007ffa40f6b000 	C:\Program Files\Eclipse Adoptium\jdk-21.0.7.6-hotspot\bin\management_ext.dll
0x00007ffa5d130000 - 0x00007ffa5d138000 	C:\WINDOWS\System32\PSAPI.DLL
0x00007ffa5b140000 - 0x00007ffa5b15b000 	C:\WINDOWS\SYSTEM32\CRYPTSP.dll
0x00007ffa5a6e0000 - 0x00007ffa5a719000 	C:\WINDOWS\system32\rsaenh.dll
0x00007ffa5add0000 - 0x00007ffa5ae02000 	C:\WINDOWS\SYSTEM32\USERENV.dll
0x00007ffa5b9d0000 - 0x00007ffa5b9fa000 	C:\WINDOWS\SYSTEM32\bcrypt.dll
0x00007ffa5af80000 - 0x00007ffa5af8c000 	C:\WINDOWS\SYSTEM32\CRYPTBASE.dll
0x00007ffa5a130000 - 0x00007ffa5a163000 	C:\WINDOWS\SYSTEM32\IPHLPAPI.DLL
0x00007ffa5d4a0000 - 0x00007ffa5d4aa000 	C:\WINDOWS\System32\NSI.dll
0x00007ffa3bcb0000 - 0x00007ffa3bcb9000 	C:\Program Files\Eclipse Adoptium\jdk-21.0.7.6-hotspot\bin\extnet.dll
0x00007ffa39b70000 - 0x00007ffa39b7e000 	C:\Program Files\Eclipse Adoptium\jdk-21.0.7.6-hotspot\bin\sunmscapi.dll
0x00007ffa5c470000 - 0x00007ffa5c5e8000 	C:\WINDOWS\System32\CRYPT32.dll
0x00007ffa5b2b0000 - 0x00007ffa5b2e0000 	C:\WINDOWS\SYSTEM32\ncrypt.dll
0x00007ffa5b260000 - 0x00007ffa5b29f000 	C:\WINDOWS\SYSTEM32\NTASN1.dll
0x00007ffa084e0000 - 0x00007ffa084e8000 	C:\WINDOWS\system32\wshunix.dll
0x000000005e830000 - 0x000000005e8a3000 	C:\Users\babak\AppData\Local\Temp\native-platform1904034866965946660dir\gradle-fileevents.dll
0x00007ffa32fd0000 - 0x00007ffa32fe8000 	C:\WINDOWS\system32\napinsp.dll
0x00007ffa5a170000 - 0x00007ffa5a2c6000 	C:\WINDOWS\SYSTEM32\DNSAPI.dll
0x00007ffa5ab10000 - 0x00007ffa5ab1d000 	C:\WINDOWS\SYSTEM32\DSPARSE.dll
0x00007ffa29d50000 - 0x00007ffa29d63000 	C:\WINDOWS\System32\winrnr.dll
0x00007ffa557f0000 - 0x00007ffa55812000 	C:\WINDOWS\system32\nlansp_c.dll
0x00007ffa34570000 - 0x00007ffa34586000 	C:\WINDOWS\system32\wshbth.dll
0x00007ffa519d0000 - 0x00007ffa519db000 	C:\Windows\System32\rasadhlp.dll
0x00007ffa51d90000 - 0x00007ffa51e16000 	C:\WINDOWS\System32\fwpuclnt.dll

dbghelp: loaded successfully - version: 4.0.5 - missing functions: none
symbol engine: initialized successfully - sym options: 0x614 - pdb path: .;C:\Program Files\Eclipse Adoptium\jdk-21.0.7.6-hotspot\bin;C:\WINDOWS\SYSTEM32;C:\WINDOWS\WinSxS\amd64_microsoft.windows.common-controls_6595b64144ccf1df_6.0.26100.8875_none_3e0d5d42e32fe9dd;C:\Program Files\Eclipse Adoptium\jdk-21.0.7.6-hotspot\bin\server;C:\Users\babak\.gradle\native\1def1411415f61bf3af743bc5b6707747c0891f09f0c88961ee8f79bc544acac\windows-amd64;C:\Users\babak\.gradle\native\0.2.5\x86_64-windows-gnu;C:\Users\babak\AppData\Local\Temp\native-platform1904034866965946660dir

VM Arguments:
jvm_args: --add-opens=java.base/java.lang=ALL-UNNAMED --add-opens=java.base/java.lang.invoke=ALL-UNNAMED --add-opens=java.base/java.util=ALL-UNNAMED --add-opens=java.prefs/java.util.prefs=ALL-UNNAMED --add-exports=jdk.compiler/com.sun.tools.javac.api=ALL-UNNAMED --add-exports=jdk.compiler/com.sun.tools.javac.util=ALL-UNNAMED --add-opens=java.base/java.util=ALL-UNNAMED --add-opens=java.prefs/java.util.prefs=ALL-UNNAMED --add-opens=java.base/java.nio.charset=ALL-UNNAMED --add-opens=java.base/java.net=ALL-UNNAMED --add-opens=java.base/java.util.concurrent.atomic=ALL-UNNAMED --add-opens=java.xml/javax.xml.namespace=ALL-UNNAMED -XX:MaxMetaspaceSize=4G -XX:ReservedCodeCacheSize=512m -XX:+HeapDumpOnOutOfMemoryError -Xmx8G -Dfile.encoding=UTF-8 -Duser.country=US -Duser.language=en -Duser.variant -javaagent:C:\Users\babak\.gradle\wrapper\dists\gradle-8.12-all\5w11e38e9s8f05rwiw2wipzpb\gradle-8.12\lib\agents\gradle-instrumentation-agent-8.12.jar 
java_command: org.gradle.launcher.daemon.bootstrap.GradleDaemon 8.12
java_class_path (initial): C:\Users\babak\.gradle\wrapper\dists\gradle-8.12-all\5w11e38e9s8f05rwiw2wipzpb\gradle-8.12\lib\gradle-daemon-main-8.12.jar
Launcher Type: SUN_STANDARD

[Global flags]
     intx CICompilerCount                          = 4                                         {product} {ergonomic}
     uint ConcGCThreads                            = 2                                         {product} {ergonomic}
     uint G1ConcRefinementThreads                  = 8                                         {product} {ergonomic}
   size_t G1HeapRegionSize                         = 4194304                                   {product} {ergonomic}
    uintx GCDrainStackTargetSize                   = 64                                        {product} {ergonomic}
     bool HeapDumpOnOutOfMemoryError               = true                                   {manageable} {command line}
   size_t InitialHeapSize                          = 268435456                                 {product} {ergonomic}
   size_t MarkStackSize                            = 4194304                                   {product} {ergonomic}
   size_t MaxHeapSize                              = 8589934592                                {product} {command line}
   size_t MaxMetaspaceSize                         = 4294967296                                {product} {command line}
   size_t MaxNewSize                               = 5150605312                                {product} {ergonomic}
   size_t MinHeapDeltaBytes                        = 4194304                                   {product} {ergonomic}
   size_t MinHeapSize                              = 8388608                                   {product} {ergonomic}
    uintx NonNMethodCodeHeapSize                   = 5839372                                {pd product} {ergonomic}
    uintx NonProfiledCodeHeapSize                  = 265515770                              {pd product} {ergonomic}
    uintx ProfiledCodeHeapSize                     = 265515770                              {pd product} {ergonomic}
    uintx ReservedCodeCacheSize                    = 536870912                              {pd product} {command line}
     bool SegmentedCodeCache                       = true                                      {product} {ergonomic}
   size_t SoftMaxHeapSize                          = 8589934592                             {manageable} {ergonomic}
     bool UseCompressedOops                        = true                           {product lp64_product} {ergonomic}
     bool UseG1GC                                  = true                                      {product} {ergonomic}
     bool UseLargePagesIndividualAllocation        = false                                  {pd product} {ergonomic}

Logging:
Log output configuration:
 #0: stdout all=warning uptime,level,tags foldmultilines=false
 #1: stderr all=off uptime,level,tags foldmultilines=false

Environment Variables:
JAVA_HOME=C:\Program Files\Eclipse Adoptium\jdk-21.0.7.6-hotspot\
PATH=C:\Program Files (x86)\Common Files\Oracle\Java\java8path;C:\Program Files (x86)\Common Files\Oracle\Java\javapath;C:\Program Files\Eclipse Adoptium\jdk-21.0.7.6-hotspot\bin;C:\WINDOWS\system32;C:\WINDOWS;C:\WINDOWS\System32\Wbem;C:\WINDOWS\System32\WindowsPowerShell\v1.0\;C:\WINDOWS\System32\OpenSSH\;c:\Users\babak\AppData\Local\Programs\cursor\resources\app\bin;C:\Program Files\Git\cmd;C:\WINDOWS\system32\config\systemprofile\.dnx\bin;C:\Program Files\Microsoft DNX\Dnvm\;C:\Program Files\dotnet\;C:\Program Files\WireSock VPN Client\bin\;C:\Program Files\PuTTY\;C:\Program Files (x86)\Microsoft SQL Server\170\Tools\Binn\;C:\Program Files\Microsoft SQL Server\170\Tools\Binn\;C:\Program Files\Microsoft SQL Server\Client SDK\ODBC\180\Tools\Binn\;C:\Program Files\Microsoft SQL Server\170\DTS\Binn\;C:\Program Files (x86)\Windows Kits\10\Windows Performance Toolkit\;C:\Users\babak\AppData\Local\Programs\Python\Python313\Scripts\;C:\Users\babak\AppData\Local\Programs\Python\Python313\;C:\Users\babak\AppData\Local\Microsoft\WindowsApps;C:\Users\babak\.dotnet\tools;C:\Users\babak\Development\flutter\bin;C:\Users\babak\AppData\Local\Programs\cursor\resources\app\bin;C:\Users\babak\AppData\Local\Microsoft\WinGet\Links
USERNAME=babak
OS=Windows_NT
PROCESSOR_IDENTIFIER=Intel64 Family 6 Model 60 Stepping 3, GenuineIntel
TMP=C:\Users\babak\AppData\Local\Temp
TEMP=C:\Users\babak\AppData\Local\Temp




Periodic native trim disabled

---------------  S Y S T E M  ---------------

OS:
 Windows 11 , 64 bit Build 26100 (10.0.26100.8875)
OS uptime: 0 days 13:48 hours
Hyper-V role detected

CPU: total 8 (initial active 8) (4 cores per cpu, 2 threads per core) family 6 model 60 stepping 3 microcode 0x28, cx8, cmov, fxsr, ht, mmx, sse, sse2, sse3, ssse3, sse4.1, sse4.2, popcnt, lzcnt, tsc, tscinvbit, avx, avx2, aes, erms, clmul, bmi1, bmi2, fma, vzeroupper, clflush, hv, rdtscp, f16c
Processor Information for the first 8 processors :
  Max Mhz: 3601, Current Mhz: 3601, Mhz Limit: 3601

Memory: 4k page, system-wide physical 16315M (1921M free)
TotalPageFile size 17851M (AvailPageFile size 2M)
current process WorkingSet (physical memory assigned to process): 668M, peak: 674M
current process commit charge ("private bytes"): 715M, peak: 719M

vm_info: OpenJDK 64-Bit Server VM (21.0.7+6-LTS) for windows-amd64 JRE (21.0.7+6-LTS), built on 2025-04-15T00:00:00Z by "admin" with MS VC++ 17.7 (VS2022)

END.
