#
# There is insufficient memory for the Java Runtime Environment to continue.
# Native memory allocation (malloc) failed to allocate 299856 bytes. Error detail: Chunk::new
# Possible reasons:
#   The system is out of physical RAM or swap space
#   This process is running with CompressedOops enabled, and the Java Heap may be blocking the growth of the native heap
# Possible solutions:
#   Reduce memory load on the system
#   Increase physical memory or swap space
#   Check if swap backing store is full
#   Decrease Java heap size (-Xmx/-Xms)
#   Decrease number of Java threads
#   Decrease Java thread stack sizes (-Xss)
#   Set larger code cache with -XX:ReservedCodeCacheSize=
#   JVM is running with Unscaled Compressed Oops mode in which the Java heap is
#     placed in the first 4GB address space. The Java Heap base address is the
#     maximum limit for the native heap growth. Please use -XX:HeapBaseMinAddress
#     to set the Java Heap base and to place the Java Heap above 4GB virtual address.
# This output file may be truncated or incomplete.
#
#  Out of Memory Error (arena.cpp:168), pid=4400, tid=15980
#
# JRE version: OpenJDK Runtime Environment Temurin-21.0.11+10 (21.0.11+10) (build 21.0.11+10-LTS)
# Java VM: OpenJDK 64-Bit Server VM Temurin-21.0.11+10 (21.0.11+10-LTS, mixed mode, sharing, tiered, compressed oops, compressed class ptrs, parallel gc, windows-amd64)
# No core dump will be written. Minidumps are not enabled by default on client versions of Windows
#

---------------  S U M M A R Y ------------

Command Line: --add-modules=ALL-SYSTEM --add-opens=java.base/java.util=ALL-UNNAMED --add-opens=java.base/java.lang=ALL-UNNAMED --add-opens=java.base/sun.nio.fs=ALL-UNNAMED -Declipse.application=org.eclipse.jdt.ls.core.id1 -Dosgi.bundles.defaultStartLevel=4 -Declipse.product=org.eclipse.jdt.ls.core.product -Djava.import.generatesMetadataFilesAtProjectRoot=false -DDetectVMInstallationsJob.disabled=true -Dfile.encoding=utf8 -XX:+UseParallelGC -XX:GCTimeRatio=4 -XX:AdaptiveSizePolicyWeight=90 -Dsun.zip.disableMemoryMapping=true -Xmx2G -Xms100m -Xlog:disable -javaagent:c:\Users\babak\.cursor\extensions\redhat.java-1.55.0-win32-x64\lombok\lombok-1.18.39-4050.jar c:\Users\babak\.cursor\extensions\redhat.java-1.55.0-win32-x64\server\plugins\org.eclipse.equinox.launcher_1.7.200.v20260619-2039.jar -configuration c:\Users\babak\AppData\Roaming\Cursor\User\globalStorage\redhat.java\1.55.0\config_ss_win -data c:\Users\babak\AppData\Roaming\Cursor\User\workspaceStorage\638b6a3518a2510a2c144ebddf1405e4\redhat.java\ss_ws --pipe=\\.\pipe\lsp-10861b9f97c95da398523f48aceaef96-sock

Host: Intel(R) Core(TM) i7-4790 CPU @ 3.60GHz, 8 cores, 15G,  Windows 11 , 64 bit Build 26100 (10.0.26100.8875)
Time: Sun Aug  9 14:28:02 2026 Iran Standard Time elapsed time: 0.971045 seconds (0d 0h 0m 0s)

---------------  T H R E A D  ---------------

Current thread (0x000001efb2f3f3a0):  JavaThread "C2 CompilerThread0" daemon [_thread_in_native, id=15980, stack(0x00000023a4c00000,0x00000023a4d00000) (1024K)]


Current CompileTask:
C2:971  682       4       lombok.patcher.scripts.MethodLevelPatchScript::patch (21 bytes)

Stack: [0x00000023a4c00000,0x00000023a4d00000]
Native frames: (J=compiled Java code, j=interpreted, Vv=VM code, C=native code)
V  [jvm.dll+0x6d7e19]
V  [jvm.dll+0x8b5096]
V  [jvm.dll+0x8b764e]
V  [jvm.dll+0x8b7d33]
V  [jvm.dll+0x284596]
V  [jvm.dll+0xc685d]
V  [jvm.dll+0xc6da1]
V  [jvm.dll+0x2fb4ee]
V  [jvm.dll+0x5fe9a4]
V  [jvm.dll+0x255d67]
V  [jvm.dll+0x25612d]
V  [jvm.dll+0x24e6a0]
V  [jvm.dll+0x24bbe6]
V  [jvm.dll+0x1cb4ae]
V  [jvm.dll+0x25baad]
V  [jvm.dll+0x25a03a]
V  [jvm.dll+0x3f868e]
V  [jvm.dll+0x85fb0d]
V  [jvm.dll+0x6d664d]
C  [ucrtbase.dll+0x2cd30]
C  [KERNEL32.DLL+0x2e957]
C  [ntdll.dll+0xaad6c]


---------------  P R O C E S S  ---------------

Threads class SMR info:
_java_thread_list=0x000001f00c486840, length=12, elements={
0x000001efb2fc57a0, 0x000001efb307d800, 0x000001efb2f35ae0, 0x000001efb2f3a630,
0x000001efb2f3b090, 0x000001efb2f3baf0, 0x000001efb2f3c550, 0x000001efb2f3f3a0,
0x000001f00c25afa0, 0x000001f00c433fa0, 0x000001f00c477f00, 0x000001f00c552a50
}

Java Threads: ( => current thread )
  0x000001efb2fc57a0 JavaThread "main"                              [_thread_in_Java, id=12912, stack(0x00000023a4200000,0x00000023a4300000) (1024K)]
  0x000001efb307d800 JavaThread "Reference Handler"          daemon [_thread_blocked, id=15496, stack(0x00000023a4600000,0x00000023a4700000) (1024K)]
  0x000001efb2f35ae0 JavaThread "Finalizer"                  daemon [_thread_blocked, id=21460, stack(0x00000023a4700000,0x00000023a4800000) (1024K)]
  0x000001efb2f3a630 JavaThread "Signal Dispatcher"          daemon [_thread_blocked, id=21336, stack(0x00000023a4800000,0x00000023a4900000) (1024K)]
  0x000001efb2f3b090 JavaThread "Attach Listener"            daemon [_thread_blocked, id=18988, stack(0x00000023a4900000,0x00000023a4a00000) (1024K)]
  0x000001efb2f3baf0 JavaThread "Service Thread"             daemon [_thread_blocked, id=13716, stack(0x00000023a4a00000,0x00000023a4b00000) (1024K)]
  0x000001efb2f3c550 JavaThread "Monitor Deflation Thread"   daemon [_thread_blocked, id=20976, stack(0x00000023a4b00000,0x00000023a4c00000) (1024K)]
=>0x000001efb2f3f3a0 JavaThread "C2 CompilerThread0"         daemon [_thread_in_native, id=15980, stack(0x00000023a4c00000,0x00000023a4d00000) (1024K)]
  0x000001f00c25afa0 JavaThread "C1 CompilerThread0"         daemon [_thread_blocked, id=6716, stack(0x00000023a4d00000,0x00000023a4e00000) (1024K)]
  0x000001f00c433fa0 JavaThread "Common-Cleaner"             daemon [_thread_blocked, id=8848, stack(0x00000023a4f00000,0x00000023a5000000) (1024K)]
  0x000001f00c477f00 JavaThread "Notification Thread"        daemon [_thread_blocked, id=4076, stack(0x00000023a4e00000,0x00000023a4f00000) (1024K)]
  0x000001f00c552a50 JavaThread "C2 CompilerThread1"         daemon [_thread_in_native, id=20796, stack(0x00000023a5000000,0x00000023a5100000) (1024K)]
Total: 12

Other Threads:
  0x000001efb3061ae0 VMThread "VM Thread"                           [id=9612, stack(0x00000023a4500000,0x00000023a4600000) (1024K)]
  0x000001efb2e4ca00 WatcherThread "VM Periodic Task Thread"        [id=14628, stack(0x00000023a4400000,0x00000023a4500000) (1024K)]
  0x000001efb2fe2ca0 WorkerThread "GC Thread#0"                     [id=18084, stack(0x00000023a4300000,0x00000023a4400000) (1024K)]
Total: 3

Threads with active compile tasks:
C2 CompilerThread0  1000  682       4       lombok.patcher.scripts.MethodLevelPatchScript::patch (21 bytes)
C1 CompilerThread0  1000  694       3       java.math.BigInteger::implMulAdd (81 bytes)
C2 CompilerThread1  1000  683       4       lombok.patcher.PatchScript::classMatches (41 bytes)
Total: 3

VM state: not at safepoint (normal execution)

VM Mutex/Monitor currently owned by a thread: None

Heap address: 0x0000000080000000, size: 2048 MB, Compressed Oops mode: 32-bit

CDS archive(s) mapped at: [0x000001efca000000-0x000001efcaba0000-0x000001efcaba0000), size 12189696, SharedBaseAddress: 0x000001efca000000, ArchiveRelocationMode: 1.
Compressed class space mapped at: 0x000001efcb000000-0x000001f00b000000, reserved size: 1073741824
Narrow klass base: 0x000001efca000000, Narrow klass shift: 0, Narrow klass range: 0x100000000

GC Precious Log:
 CardTable entry size: 512
 CPUs: 8 total, 8 available
 Memory: 16315M
 Large Page Support: Disabled
 NUMA Support: Disabled
 Compressed Oops: Enabled (32-bit)
 Alignments: Space 512K, Generation 512K, Heap 2M
 Heap Min Capacity: 100M
 Heap Initial Capacity: 100M
 Heap Max Capacity: 2G
 Pre-touch: Disabled
 Parallel Workers: 8

Heap:
 PSYoungGen      total 29696K, used 14493K [0x00000000d5580000, 0x00000000d7680000, 0x0000000100000000)
  eden space 25600K, 56% used [0x00000000d5580000,0x00000000d63a7440,0x00000000d6e80000)
  from space 4096K, 0% used [0x00000000d7280000,0x00000000d7280000,0x00000000d7680000)
  to   space 4096K, 0% used [0x00000000d6e80000,0x00000000d6e80000,0x00000000d7280000)
 ParOldGen       total 68608K, used 0K [0x0000000080000000, 0x0000000084300000, 0x00000000d5580000)
  object space 68608K, 0% used [0x0000000080000000,0x0000000080000000,0x0000000084300000)
 Metaspace       used 2796K, committed 3008K, reserved 1114112K
  class space    used 290K, committed 384K, reserved 1048576K

Card table byte_map: [0x000001efb2960000,0x000001efb2d70000] _byte_map_base: 0x000001efb2560000

Marking Bits: (ParMarkBitMap*) 0x00007ff9e3f94460
 Begin Bits: [0x000001efc5470000, 0x000001efc7470000)
 End Bits:   [0x000001efc7470000, 0x000001efc9470000)

Polling page: 0x000001efb0da0000

Metaspace:

Usage:
  Non-class:      2.45 MB used.
      Class:    290.32 KB used.
       Both:      2.73 MB used.

Virtual space:
  Non-class space:       64.00 MB reserved,       2.56 MB (  4%) committed,  1 nodes.
      Class space:        1.00 GB reserved,     384.00 KB ( <1%) committed,  1 nodes.
             Both:        1.06 GB reserved,       2.94 MB ( <1%) committed. 

Chunk freelists:
   Non-Class:  11.65 MB
       Class:  15.67 MB
        Both:  27.32 MB

MaxMetaspaceSize: unlimited
CompressedClassSpaceSize: 1.00 GB
Initial GC threshold: 21.00 MB
Current GC threshold: 21.00 MB
CDS: on
 - commit_granule_bytes: 65536.
 - commit_granule_words: 8192.
 - virtual_space_node_default_size: 8388608.
 - enlarge_chunks_in_place: 1.
 - use_allocation_guard: 0.


Internal statistics:

num_allocs_failed_limit: 0.
num_arena_births: 80.
num_arena_deaths: 0.
num_vsnodes_births: 2.
num_vsnodes_deaths: 0.
num_space_committed: 47.
num_space_uncommitted: 0.
num_chunks_returned_to_freelist: 0.
num_chunks_taken_from_freelist: 102.
num_chunk_merges: 0.
num_chunk_splits: 72.
num_chunks_enlarged: 46.
num_inconsistent_stats: 0.

CodeHeap 'non-profiled nmethods': size=120000Kb used=249Kb max_used=249Kb free=119750Kb
 bounds [0x000001efbdc90000, 0x000001efbdf00000, 0x000001efc51c0000]
CodeHeap 'profiled nmethods': size=120000Kb used=1043Kb max_used=1043Kb free=118957Kb
 bounds [0x000001efb61c0000, 0x000001efb6430000, 0x000001efbd6f0000]
CodeHeap 'non-nmethods': size=5760Kb used=1183Kb max_used=1196Kb free=4576Kb
 bounds [0x000001efbd6f0000, 0x000001efbd960000, 0x000001efbdc90000]
CodeCache: size=245760Kb, used=2475Kb, max_used=2488Kb, free=243283Kb
 total_blobs=1130, nmethods=690, adapters=347, full_count=0
Compilation: enabled, stopped_count=0, restarted_count=0

Compilation events (20 events):
Event: 0.934 Thread 0x000001efb2f3f3a0  670       4       java.util.HashSet::iterator (13 bytes)
Event: 0.937 Thread 0x000001f00c25afa0  678       3       sun.invoke.util.Wrapper::forPrimitiveType (122 bytes)
Event: 0.938 Thread 0x000001f00c25afa0 nmethod 678 0x000001efb62be810 code [0x000001efb62beae0, 0x000001efb62bf5c0]
Event: 0.938 Thread 0x000001f00c25afa0  680       3       java.lang.Integer::rotateRight (9 bytes)
Event: 0.938 Thread 0x000001f00c25afa0 nmethod 680 0x000001efb62bf890 code [0x000001efb62bfa20, 0x000001efb62bfb20]
Event: 0.945 Thread 0x000001efb2f3f3a0 nmethod 670 0x000001efbdccce90 code [0x000001efbdccd080, 0x000001efbdccd680]
Event: 0.946 Thread 0x000001efb2f3f3a0  676       4       java.util.HashMap::keySet (25 bytes)
Event: 0.946 Thread 0x000001f00c552a50  677       4       java.util.HashMap$KeySet::iterator (12 bytes)
Event: 0.947 Thread 0x000001efb2f3f3a0 nmethod 676 0x000001efbdccda10 code [0x000001efbdccdba0, 0x000001efbdccdcb8]
Event: 0.947 Thread 0x000001efb2f3f3a0  682       4       lombok.patcher.scripts.MethodLevelPatchScript::patch (21 bytes)
Event: 0.950 Thread 0x000001f00c25afa0  684       3       jdk.internal.org.objectweb.asm.SymbolTable::addConstantNameAndType (137 bytes)
Event: 0.950 Thread 0x000001f00c25afa0 nmethod 684 0x000001efb62bfb90 code [0x000001efb62bfe00, 0x000001efb62c0500]
Event: 0.950 Thread 0x000001f00c25afa0  685       3       jdk.internal.org.objectweb.asm.SymbolTable::hash (15 bytes)
Event: 0.951 Thread 0x000001f00c25afa0 nmethod 685 0x000001efb62c0910 code [0x000001efb62c0ac0, 0x000001efb62c0c40]
Event: 0.951 Thread 0x000001f00c25afa0  686       3       jdk.internal.org.objectweb.asm.SymbolTable$Entry::<init> (18 bytes)
Event: 0.951 Thread 0x000001f00c25afa0 nmethod 686 0x000001efb62c0d90 code [0x000001efb62c0f40, 0x000001efb62c10b8]
Event: 0.951 Thread 0x000001f00c25afa0  687       3       sun.invoke.util.VerifyType::isNullConversion (157 bytes)
Event: 0.951 Thread 0x000001f00c552a50 nmethod 677 0x000001efbdccdd90 code [0x000001efbdccdf40, 0x000001efbdcce2d0]
Event: 0.952 Thread 0x000001f00c552a50  683       4       lombok.patcher.PatchScript::classMatches (41 bytes)
Event: 0.952 Thread 0x000001f00c25afa0 nmethod 687 0x000001efb62c1190 code [0x000001efb62c14c0, 0x000001efb62c28f0]

GC Heap History (0 events):
No events

Dll operation events (8 events):
Event: 0.043 Loaded shared library c:\Users\babak\.cursor\extensions\redhat.java-1.55.0-win32-x64\jre\21.0.11-win32-x86_64\bin\java.dll
Event: 0.201 Loaded shared library c:\Users\babak\.cursor\extensions\redhat.java-1.55.0-win32-x64\jre\21.0.11-win32-x86_64\bin\zip.dll
Event: 0.262 Loaded shared library C:\Users\babak\.cursor\extensions\redhat.java-1.55.0-win32-x64\jre\21.0.11-win32-x86_64\bin\instrument.dll
Event: 0.274 Loaded shared library C:\Users\babak\.cursor\extensions\redhat.java-1.55.0-win32-x64\jre\21.0.11-win32-x86_64\bin\net.dll
Event: 0.277 Loaded shared library C:\Users\babak\.cursor\extensions\redhat.java-1.55.0-win32-x64\jre\21.0.11-win32-x86_64\bin\nio.dll
Event: 0.281 Loaded shared library C:\Users\babak\.cursor\extensions\redhat.java-1.55.0-win32-x64\jre\21.0.11-win32-x86_64\bin\zip.dll
Event: 0.328 Loaded shared library C:\Users\babak\.cursor\extensions\redhat.java-1.55.0-win32-x64\jre\21.0.11-win32-x86_64\bin\jimage.dll
Event: 0.481 Loaded shared library c:\Users\babak\.cursor\extensions\redhat.java-1.55.0-win32-x64\jre\21.0.11-win32-x86_64\bin\verify.dll

Deoptimization events (20 events):
Event: 0.886 Thread 0x000001efb2fc57a0 Uncommon trap: trap_request=0xffffff45 fr.pc=0x000001efbdcb0cf4 relative=0x00000000000000d4
Event: 0.886 Thread 0x000001efb2fc57a0 Uncommon trap: reason=unstable_if action=reinterpret pc=0x000001efbdcb0cf4 method=java.net.URI.match(CJJ)Z @ 45 c2
Event: 0.886 Thread 0x000001efb2fc57a0 DEOPT PACKING pc=0x000001efbdcb0cf4 sp=0x00000023a42fcc10
Event: 0.886 Thread 0x000001efb2fc57a0 DEOPT UNPACKING pc=0x000001efbd743aa2 sp=0x00000023a42fcb78 mode 2
Event: 0.899 Thread 0x000001efb2fc57a0 Uncommon trap: trap_request=0xffffffde fr.pc=0x000001efbdcc864c relative=0x000000000000012c
Event: 0.899 Thread 0x000001efb2fc57a0 Uncommon trap: reason=class_check action=maybe_recompile pc=0x000001efbdcc864c method=jdk.internal.misc.Unsafe.allocateUninitializedArray(Ljava/lang/Class;I)Ljava/lang/Object; @ 51 c2
Event: 0.899 Thread 0x000001efb2fc57a0 DEOPT PACKING pc=0x000001efbdcc864c sp=0x00000023a42fa4a0
Event: 0.899 Thread 0x000001efb2fc57a0 DEOPT UNPACKING pc=0x000001efbd743aa2 sp=0x00000023a42fa418 mode 2
Event: 0.899 Thread 0x000001efb2fc57a0 Uncommon trap: trap_request=0xffffffde fr.pc=0x000001efbdcc864c relative=0x000000000000012c
Event: 0.899 Thread 0x000001efb2fc57a0 Uncommon trap: reason=class_check action=maybe_recompile pc=0x000001efbdcc864c method=jdk.internal.misc.Unsafe.allocateUninitializedArray(Ljava/lang/Class;I)Ljava/lang/Object; @ 51 c2
Event: 0.899 Thread 0x000001efb2fc57a0 DEOPT PACKING pc=0x000001efbdcc864c sp=0x00000023a42fa4a0
Event: 0.899 Thread 0x000001efb2fc57a0 DEOPT UNPACKING pc=0x000001efbd743aa2 sp=0x00000023a42fa418 mode 2
Event: 0.899 Thread 0x000001efb2fc57a0 Uncommon trap: trap_request=0xffffffde fr.pc=0x000001efbdcc864c relative=0x000000000000012c
Event: 0.899 Thread 0x000001efb2fc57a0 Uncommon trap: reason=class_check action=maybe_recompile pc=0x000001efbdcc864c method=jdk.internal.misc.Unsafe.allocateUninitializedArray(Ljava/lang/Class;I)Ljava/lang/Object; @ 51 c2
Event: 0.899 Thread 0x000001efb2fc57a0 DEOPT PACKING pc=0x000001efbdcc864c sp=0x00000023a42fa4a0
Event: 0.899 Thread 0x000001efb2fc57a0 DEOPT UNPACKING pc=0x000001efbd743aa2 sp=0x00000023a42fa418 mode 2
Event: 0.899 Thread 0x000001efb2fc57a0 Uncommon trap: trap_request=0xffffffde fr.pc=0x000001efbdcc864c relative=0x000000000000012c
Event: 0.899 Thread 0x000001efb2fc57a0 Uncommon trap: reason=class_check action=maybe_recompile pc=0x000001efbdcc864c method=jdk.internal.misc.Unsafe.allocateUninitializedArray(Ljava/lang/Class;I)Ljava/lang/Object; @ 51 c2
Event: 0.899 Thread 0x000001efb2fc57a0 DEOPT PACKING pc=0x000001efbdcc864c sp=0x00000023a42fa4e0
Event: 0.899 Thread 0x000001efb2fc57a0 DEOPT UNPACKING pc=0x000001efbd743aa2 sp=0x00000023a42fa458 mode 2

Classes loaded (20 events):
Event: 0.949 Loading class jdk/internal/jimage/decompressor/ResourceDecompressor$StringsProvider done
Event: 0.951 Loading class jdk/internal/jimage/decompressor/CompressedResourceHeader
Event: 0.951 Loading class jdk/internal/jimage/decompressor/CompressedResourceHeader done
Event: 0.951 Loading class jdk/internal/jimage/decompressor/ResourceDecompressorRepository
Event: 0.951 Loading class jdk/internal/jimage/decompressor/ResourceDecompressorRepository done
Event: 0.951 Loading class jdk/internal/jimage/decompressor/ZipDecompressorFactory
Event: 0.951 Loading class jdk/internal/jimage/decompressor/ResourceDecompressorFactory
Event: 0.952 Loading class jdk/internal/jimage/decompressor/ResourceDecompressorFactory done
Event: 0.952 Loading class jdk/internal/jimage/decompressor/ZipDecompressorFactory done
Event: 0.952 Loading class jdk/internal/jimage/decompressor/StringSharingDecompressorFactory
Event: 0.952 Loading class jdk/internal/jimage/decompressor/StringSharingDecompressorFactory done
Event: 0.952 Loading class jdk/internal/jimage/decompressor/ZipDecompressor
Event: 0.952 Loading class jdk/internal/jimage/decompressor/ResourceDecompressor
Event: 0.952 Loading class jdk/internal/jimage/decompressor/ResourceDecompressor done
Event: 0.952 Loading class jdk/internal/jimage/decompressor/ZipDecompressor done
Event: 0.954 Loading class jdk/internal/icu/util/VersionInfo
Event: 0.954 Loading class jdk/internal/icu/util/VersionInfo done
Event: 0.954 Loading class jdk/internal/icu/util/CodePointTrie$Fast16
Event: 0.954 Loading class jdk/internal/icu/util/CodePointTrie$Fast
Event: 0.954 Loading class jdk/internal/icu/util/CodePointTrie

Classes unloaded (0 events):
No events

Classes redefined (0 events):
No events

Internal exceptions (12 events):
Event: 0.195 Thread 0x000001efb2fc57a0 Exception <a 'java/lang/NoSuchMethodError'{0x00000000d57a9220}: 'void java.lang.invoke.DirectMethodHandle$Holder.invokeStatic(java.lang.Object, java.lang.Object, java.lang.Object)'> (0x00000000d57a9220) 
thrown [s\src\hotspot\share\interpreter\linkResolver.cpp, line 773]
Event: 0.320 Thread 0x000001efb2fc57a0 Exception <a 'java/lang/NoSuchMethodError'{0x00000000d5911d00}: 'java.lang.Object java.lang.invoke.Invokers$Holder.invokeExact_MT(java.lang.Object, java.lang.Object, java.lang.Object, java.lang.Object, java.lang.Object)'> (0x00000000d5911d00) 
thrown [s\src\hotspot\share\interpreter\linkResolver.cpp, line 773]
Event: 0.382 Thread 0x000001efb2fc57a0 Exception <a 'java/lang/NoSuchMethodError'{0x00000000d59ca1e0}: 'int java.lang.invoke.DirectMethodHandle$Holder.invokeSpecial(java.lang.Object, java.lang.Object, java.lang.Object, int)'> (0x00000000d59ca1e0) 
thrown [s\src\hotspot\share\interpreter\linkResolver.cpp, line 773]
Event: 0.384 Thread 0x000001efb2fc57a0 Exception <a 'java/lang/NoSuchMethodError'{0x00000000d59dcbc8}: 'java.lang.Object java.lang.invoke.DirectMethodHandle$Holder.invokeStatic(java.lang.Object, java.lang.Object, java.lang.Object, java.lang.Object, int)'> (0x00000000d59dcbc8) 
thrown [s\src\hotspot\share\interpreter\linkResolver.cpp, line 773]
Event: 0.386 Thread 0x000001efb2fc57a0 Exception <a 'java/lang/NoSuchMethodError'{0x00000000d59e8008}: 'void java.lang.invoke.DelegatingMethodHandle$Holder.reinvoke_L(java.lang.Object, java.lang.Object, java.lang.Object, int, java.lang.Object)'> (0x00000000d59e8008) 
thrown [s\src\hotspot\share\interpreter\linkResolver.cpp, line 773]
Event: 0.393 Thread 0x000001efb2fc57a0 Exception <a 'java/lang/NoSuchMethodError'{0x00000000d59f8958}: 'int java.lang.invoke.DirectMethodHandle$Holder.invokeSpecial(java.lang.Object, java.lang.Object, java.lang.Object)'> (0x00000000d59f8958) 
thrown [s\src\hotspot\share\interpreter\linkResolver.cpp, line 773]
Event: 0.395 Thread 0x000001efb2fc57a0 Exception <a 'java/lang/NoSuchMethodError'{0x00000000d5a04618}: 'java.lang.Object java.lang.invoke.DirectMethodHandle$Holder.invokeStatic(java.lang.Object, java.lang.Object, int)'> (0x00000000d5a04618) 
thrown [s\src\hotspot\share\interpreter\linkResolver.cpp, line 773]
Event: 0.396 Thread 0x000001efb2fc57a0 Exception <a 'java/lang/NoSuchMethodError'{0x00000000d5a08f68}: 'void java.lang.invoke.DirectMethodHandle$Holder.invokeStatic(java.lang.Object, java.lang.Object, int, java.lang.Object)'> (0x00000000d5a08f68) 
thrown [s\src\hotspot\share\interpreter\linkResolver.cpp, line 773]
Event: 0.397 Thread 0x000001efb2fc57a0 Exception <a 'java/lang/NoSuchMethodError'{0x00000000d5a0caf8}: 'void java.lang.invoke.DirectMethodHandle$Holder.invokeSpecial(java.lang.Object, java.lang.Object, java.lang.Object, int, java.lang.Object)'> (0x00000000d5a0caf8) 
thrown [s\src\hotspot\share\interpreter\linkResolver.cpp, line 773]
Event: 0.398 Thread 0x000001efb2fc57a0 Exception <a 'java/lang/NoSuchMethodError'{0x00000000d5a0ff68}: 'void java.lang.invoke.DelegatingMethodHandle$Holder.delegate(java.lang.Object, java.lang.Object, int, java.lang.Object)'> (0x00000000d5a0ff68) 
thrown [s\src\hotspot\share\interpreter\linkResolver.cpp, line 773]
Event: 0.520 Thread 0x000001efb2fc57a0 Exception <a 'java/lang/NoSuchMethodError'{0x00000000d5bd0038}: 'void java.lang.invoke.DelegatingMethodHandle$Holder.reinvoke_L(java.lang.Object, java.lang.Object, java.lang.Object, int)'> (0x00000000d5bd0038) 
thrown [s\src\hotspot\share\interpreter\linkResolver.cpp, line 773]
Event: 0.857 Thread 0x000001efb2fc57a0 Exception <a 'java/lang/NoSuchMethodError'{0x00000000d6060d80}: 'void java.lang.invoke.DirectMethodHandle$Holder.invokeVirtual(java.lang.Object, java.lang.Object)'> (0x00000000d6060d80) 
thrown [s\src\hotspot\share\interpreter\linkResolver.cpp, line 773]

ZGC Phase Switch (0 events):
No events

VM Operations (4 events):
Event: 0.199 Executing non-safepoint VM operation: HandshakeAllThreads (Deoptimize)
Event: 0.199 Executing non-safepoint VM operation: HandshakeAllThreads (Deoptimize) done
Event: 0.344 Executing non-safepoint VM operation: HandshakeAllThreads (Deoptimize)
Event: 0.344 Executing non-safepoint VM operation: HandshakeAllThreads (Deoptimize) done

Memory protections (0 events):
No events

Nmethod flushes (0 events):
No events

Events (14 events):
Event: 0.066 Thread 0x000001efb2fc57a0 Thread added: 0x000001efb2fc57a0
Event: 0.105 Thread 0x000001efb2fc57a0 Thread added: 0x000001efb307d800
Event: 0.105 Thread 0x000001efb2fc57a0 Thread added: 0x000001efb2f35ae0
Event: 0.106 Thread 0x000001efb2fc57a0 Thread added: 0x000001efb2f3a630
Event: 0.106 Thread 0x000001efb2fc57a0 Thread added: 0x000001efb2f3b090
Event: 0.106 Thread 0x000001efb2fc57a0 Thread added: 0x000001efb2f3baf0
Event: 0.106 Thread 0x000001efb2fc57a0 Thread added: 0x000001efb2f3c550
Event: 0.106 Thread 0x000001efb2fc57a0 Thread added: 0x000001efb2f3f3a0
Event: 0.111 Thread 0x000001efb2fc57a0 Thread added: 0x000001f00c25afa0
Event: 0.214 Thread 0x000001f00c25afa0 Thread added: 0x000001f00c393660
Event: 0.268 Thread 0x000001efb2fc57a0 Thread added: 0x000001f00c433fa0
Event: 0.660 Thread 0x000001f00c393660 Thread exited: 0x000001f00c393660
Event: 0.765 Thread 0x000001efb2fc57a0 Thread added: 0x000001f00c477f00
Event: 0.945 Thread 0x000001efb2f3f3a0 Thread added: 0x000001f00c552a50


Dynamic libraries:
0x00007ff61f110000 - 0x00007ff61f11e000 	c:\Users\babak\.cursor\extensions\redhat.java-1.55.0-win32-x64\jre\21.0.11-win32-x86_64\bin\java.exe
0x00007ffa64ec0000 - 0x00007ffa65126000 	C:\WINDOWS\SYSTEM32\ntdll.dll
0x00007ffa63df0000 - 0x00007ffa63eb9000 	C:\WINDOWS\System32\KERNEL32.DLL
0x00007ffa625b0000 - 0x00007ffa629ae000 	C:\WINDOWS\System32\KERNELBASE.dll
0x00007ffa623c0000 - 0x00007ffa6250c000 	C:\WINDOWS\System32\ucrtbase.dll
0x00007ffa000b0000 - 0x00007ffa000c8000 	c:\Users\babak\.cursor\extensions\redhat.java-1.55.0-win32-x64\jre\21.0.11-win32-x86_64\bin\jli.dll
0x00007ffa03a00000 - 0x00007ffa03a1e000 	c:\Users\babak\.cursor\extensions\redhat.java-1.55.0-win32-x64\jre\21.0.11-win32-x86_64\bin\VCRUNTIME140.dll
0x00007ffa63ec0000 - 0x00007ffa64087000 	C:\WINDOWS\System32\USER32.dll
0x00007ffa52cc0000 - 0x00007ffa52f52000 	C:\WINDOWS\WinSxS\amd64_microsoft.windows.common-controls_6595b64144ccf1df_6.0.26100.8875_none_3e0d5d42e32fe9dd\COMCTL32.dll
0x00007ffa622d0000 - 0x00007ffa622f7000 	C:\WINDOWS\System32\win32u.dll
0x00007ffa64ce0000 - 0x00007ffa64d89000 	C:\WINDOWS\System32\msvcrt.dll
0x00007ffa64d90000 - 0x00007ffa64dbb000 	C:\WINDOWS\System32\GDI32.dll
0x00007ffa620e0000 - 0x00007ffa6220a000 	C:\WINDOWS\System32\gdi32full.dll
0x00007ffa62b40000 - 0x00007ffa62be3000 	C:\WINDOWS\System32\msvcp_win.dll
0x00007ffa64dc0000 - 0x00007ffa64df2000 	C:\WINDOWS\System32\IMM32.DLL
0x00007ffa48710000 - 0x00007ffa4871c000 	c:\Users\babak\.cursor\extensions\redhat.java-1.55.0-win32-x64\jre\21.0.11-win32-x86_64\bin\vcruntime140_1.dll
0x00007ff9fac30000 - 0x00007ff9facbd000 	c:\Users\babak\.cursor\extensions\redhat.java-1.55.0-win32-x64\jre\21.0.11-win32-x86_64\bin\msvcp140.dll
0x00007ff9e32d0000 - 0x00007ff9e4072000 	c:\Users\babak\.cursor\extensions\redhat.java-1.55.0-win32-x64\jre\21.0.11-win32-x86_64\bin\server\jvm.dll
0x00007ffa633b0000 - 0x00007ffa63467000 	C:\WINDOWS\System32\ADVAPI32.dll
0x00007ffa64130000 - 0x00007ffa641da000 	C:\WINDOWS\System32\sechost.dll
0x00007ffa63a50000 - 0x00007ffa63b68000 	C:\WINDOWS\System32\RPCRT4.dll
0x00007ffa63630000 - 0x00007ffa636b0000 	C:\WINDOWS\System32\WS2_32.dll
0x00007ffa583e0000 - 0x00007ffa58416000 	C:\WINDOWS\SYSTEM32\WINMM.dll
0x00007ffa59c30000 - 0x00007ffa59c3b000 	C:\WINDOWS\SYSTEM32\VERSION.dll
0x00007ffa61f40000 - 0x00007ffa61f9e000 	C:\WINDOWS\SYSTEM32\POWRPROF.dll
0x00007ffa61f20000 - 0x00007ffa61f34000 	C:\WINDOWS\SYSTEM32\UMPDC.dll
0x00007ffa60d80000 - 0x00007ffa60d9b000 	C:\WINDOWS\SYSTEM32\kernel.appcore.dll
0x00007ffa47740000 - 0x00007ffa4774a000 	c:\Users\babak\.cursor\extensions\redhat.java-1.55.0-win32-x64\jre\21.0.11-win32-x86_64\bin\jimage.dll
0x00007ffa53110000 - 0x00007ffa53352000 	C:\WINDOWS\SYSTEM32\DBGHELP.DLL
0x00007ffa636c0000 - 0x00007ffa63a43000 	C:\WINDOWS\System32\combase.dll
0x00007ffa63550000 - 0x00007ffa63629000 	C:\WINDOWS\System32\OLEAUT32.dll
0x00007ffa53360000 - 0x00007ffa5339b000 	C:\WINDOWS\SYSTEM32\dbgcore.DLL
0x00007ffa62300000 - 0x00007ffa623ac000 	C:\WINDOWS\System32\bcryptPrimitives.dll
0x00007ffa475f0000 - 0x00007ffa475ff000 	c:\Users\babak\.cursor\extensions\redhat.java-1.55.0-win32-x64\jre\21.0.11-win32-x86_64\bin\instrument.dll
0x00007ffa040b0000 - 0x00007ffa040d0000 	c:\Users\babak\.cursor\extensions\redhat.java-1.55.0-win32-x64\jre\21.0.11-win32-x86_64\bin\java.dll
0x00007ffa64300000 - 0x00007ffa64a92000 	C:\WINDOWS\System32\SHELL32.dll
0x00007ffa5fb30000 - 0x00007ffa603c2000 	C:\WINDOWS\SYSTEM32\windows.storage.dll
0x00007ffa641f0000 - 0x00007ffa642e7000 	C:\WINDOWS\System32\SHCORE.dll
0x00007ffa64090000 - 0x00007ffa640f7000 	C:\WINDOWS\System32\shlwapi.dll
0x00007ffa62000000 - 0x00007ffa62029000 	C:\WINDOWS\SYSTEM32\profapi.dll
0x00007ffa01830000 - 0x00007ffa01848000 	c:\Users\babak\.cursor\extensions\redhat.java-1.55.0-win32-x64\jre\21.0.11-win32-x86_64\bin\zip.dll
0x00007ffa43fb0000 - 0x00007ffa43fc0000 	C:\Users\babak\.cursor\extensions\redhat.java-1.55.0-win32-x64\jre\21.0.11-win32-x86_64\bin\net.dll
0x00007ffa5aba0000 - 0x00007ffa5acc7000 	C:\WINDOWS\SYSTEM32\WINHTTP.dll
0x00007ffa61310000 - 0x00007ffa6137c000 	C:\WINDOWS\system32\mswsock.dll
0x00007ffa01810000 - 0x00007ffa01826000 	C:\Users\babak\.cursor\extensions\redhat.java-1.55.0-win32-x64\jre\21.0.11-win32-x86_64\bin\nio.dll
0x00007ffa43b30000 - 0x00007ffa43b40000 	c:\Users\babak\.cursor\extensions\redhat.java-1.55.0-win32-x64\jre\21.0.11-win32-x86_64\bin\verify.dll

JVMTI agents:
c:\Users\babak\.cursor\extensions\redhat.java-1.55.0-win32-x64\lombok\lombok-1.18.39-4050.jar path:c:\Users\babak\.cursor\extensions\redhat.java-1.55.0-win32-x64\jre\21.0.11-win32-x86_64\bin\instrument.dll, loaded, initialized, instrumentlib options:none

dbghelp: loaded successfully - version: 4.0.5 - missing functions: none
symbol engine: initialized successfully - sym options: 0x614 - pdb path: .;c:\Users\babak\.cursor\extensions\redhat.java-1.55.0-win32-x64\jre\21.0.11-win32-x86_64\bin;C:\WINDOWS\SYSTEM32;C:\WINDOWS\WinSxS\amd64_microsoft.windows.common-controls_6595b64144ccf1df_6.0.26100.8875_none_3e0d5d42e32fe9dd;c:\Users\babak\.cursor\extensions\redhat.java-1.55.0-win32-x64\jre\21.0.11-win32-x86_64\bin\server

VM Arguments:
jvm_args: --add-modules=ALL-SYSTEM --add-opens=java.base/java.util=ALL-UNNAMED --add-opens=java.base/java.lang=ALL-UNNAMED --add-opens=java.base/sun.nio.fs=ALL-UNNAMED -Declipse.application=org.eclipse.jdt.ls.core.id1 -Dosgi.bundles.defaultStartLevel=4 -Declipse.product=org.eclipse.jdt.ls.core.product -Djava.import.generatesMetadataFilesAtProjectRoot=false -DDetectVMInstallationsJob.disabled=true -Dfile.encoding=utf8 -XX:+UseParallelGC -XX:GCTimeRatio=4 -XX:AdaptiveSizePolicyWeight=90 -Dsun.zip.disableMemoryMapping=true -Xmx2G -Xms100m -Xlog:disable -javaagent:c:\Users\babak\.cursor\extensions\redhat.java-1.55.0-win32-x64\lombok\lombok-1.18.39-4050.jar 
java_command: c:\Users\babak\.cursor\extensions\redhat.java-1.55.0-win32-x64\server\plugins\org.eclipse.equinox.launcher_1.7.200.v20260619-2039.jar -configuration c:\Users\babak\AppData\Roaming\Cursor\User\globalStorage\redhat.java\1.55.0\config_ss_win -data c:\Users\babak\AppData\Roaming\Cursor\User\workspaceStorage\638b6a3518a2510a2c144ebddf1405e4\redhat.java\ss_ws --pipe=\\.\pipe\lsp-10861b9f97c95da398523f48aceaef96-sock
java_class_path (initial): c:\Users\babak\.cursor\extensions\redhat.java-1.55.0-win32-x64\server\plugins\org.eclipse.equinox.launcher_1.7.200.v20260619-2039.jar
Launcher Type: SUN_STANDARD

[Global flags]
    uintx AdaptiveSizePolicyWeight                 = 90                                        {product} {command line}
     intx CICompilerCount                          = 4                                         {product} {ergonomic}
    uintx GCTimeRatio                              = 4                                         {product} {command line}
   size_t InitialHeapSize                          = 104857600                                 {product} {command line}
   size_t MaxHeapSize                              = 2147483648                                {product} {command line}
   size_t MaxNewSize                               = 715653120                                 {product} {ergonomic}
   size_t MinHeapDeltaBytes                        = 524288                                    {product} {ergonomic}
   size_t MinHeapSize                              = 104857600                                 {product} {command line}
   size_t NewSize                                  = 34603008                                  {product} {ergonomic}
    uintx NonNMethodCodeHeapSize                   = 5839372                                {pd product} {ergonomic}
    uintx NonProfiledCodeHeapSize                  = 122909434                              {pd product} {ergonomic}
   size_t OldSize                                  = 70254592                                  {product} {ergonomic}
    uintx ProfiledCodeHeapSize                     = 122909434                              {pd product} {ergonomic}
    uintx ReservedCodeCacheSize                    = 251658240                              {pd product} {ergonomic}
     bool SegmentedCodeCache                       = true                                      {product} {ergonomic}
   size_t SoftMaxHeapSize                          = 2147483648                             {manageable} {ergonomic}
     bool UseCompressedOops                        = true                           {product lp64_product} {ergonomic}
     bool UseLargePagesIndividualAllocation        = false                                  {pd product} {ergonomic}
     bool UseParallelGC                            = true                                      {product} {command line}

Logging:
Log output configuration:
 #0: stdout all=off uptime,level,tags foldmultilines=false
 #1: stderr all=off uptime,level,tags foldmultilines=false

Release file:
JAVA_VERSION="21.0.11" 
MODULES="java.base java.compiler java.datatransfer java.xml java.prefs java.desktop java.instrument java.logging java.management java.security.sasl java.naming java.rmi java.management.rmi java.net.http java.scripting java.security.jgss java.transaction.xa java.sql java.sql.rowset java.xml.crypto java.se java.smartcardio jdk.accessibility jdk.internal.jvmstat jdk.attach jdk.charsets jdk.internal.opt jdk.zipfs jdk.compiler jdk.crypto.ec jdk.crypto.cryptoki jdk.crypto.mscapi jdk.dynalink jdk.internal.ed jdk.editpad jdk.hotspot.agent jdk.httpserver jdk.internal.le jdk.internal.vm.ci jdk.internal.vm.compiler jdk.internal.vm.compiler.management jdk.jartool jdk.javadoc jdk.jcmd jdk.management jdk.management.agent jdk.jconsole jdk.jdeps jdk.jdwp.agent jdk.jdi jdk.jfr jdk.jshell jdk.jsobject jdk.jstatd jdk.localedata jdk.management.jfr jdk.naming.dns jdk.naming.rmi jdk.net jdk.nio.mapmode jdk.random jdk.sctp jdk.security.auth jdk.security.jgss jdk.unsupported jdk.unsupported.desktop jdk.xml.dom" 

Environment Variables:
JAVA_HOME=C:\Program Files\Eclipse Adoptium\jdk-21.0.7.6-hotspot\
PATH=C:\Program Files (x86)\Common Files\Oracle\Java\java8path;C:\Program Files (x86)\Common Files\Oracle\Java\javapath;C:\Program Files\Eclipse Adoptium\jdk-21.0.7.6-hotspot\bin;C:\WINDOWS\system32;C:\WINDOWS;C:\WINDOWS\System32\Wbem;C:\WINDOWS\System32\WindowsPowerShell\v1.0\;C:\WINDOWS\System32\OpenSSH\;c:\Users\babak\AppData\Local\Programs\cursor\resources\app\bin;C:\Program Files\Git\cmd;C:\WINDOWS\system32\config\systemprofile\.dnx\bin;C:\Program Files\Microsoft DNX\Dnvm\;C:\Program Files\dotnet\;C:\Program Files\WireSock VPN Client\bin\;C:\Program Files\PuTTY\;C:\Program Files (x86)\Microsoft SQL Server\170\Tools\Binn\;C:\Program Files\Microsoft SQL Server\170\Tools\Binn\;C:\Program Files\Microsoft SQL Server\Client SDK\ODBC\180\Tools\Binn\;C:\Program Files\Microsoft SQL Server\170\DTS\Binn\;C:\Program Files (x86)\Windows Kits\10\Windows Performance Toolkit\;C:\Users\babak\AppData\Local\Programs\Python\Python313\Scripts\;C:\Users\babak\AppData\Local\Programs\Python\Python313\;C:\Users\babak\AppData\Local\Microsoft\WindowsApps;C:\Users\babak\.dotnet\tools;C:\Users\babak\Development\flutter\bin;C:\Users\babak\AppData\Local\Programs\cursor\resources\app\bin;C:\Users\babak\AppData\Local\Microsoft\WinGet\Links
USERNAME=babak
OS=Windows_NT
PROCESSOR_IDENTIFIER=Intel64 Family 6 Model 60 Stepping 3, GenuineIntel
TMP=C:\Users\babak\AppData\Local\Temp
TEMP=C:\Users\babak\AppData\Local\Temp




Periodic native trim disabled

---------------  S Y S T E M  ---------------

OS:
 Windows 11 , 64 bit Build 26100 (10.0.26100.8875)
OS uptime: 3 days 12:47 hours
Hyper-V role detected

CPU: total 8 (initial active 8) (4 cores per cpu, 2 threads per core) family 6 model 60 stepping 3 microcode 0x28, cx8, cmov, fxsr, ht, mmx, sse, sse2, sse3, ssse3, sse4.1, sse4.2, popcnt, lzcnt, tsc, tscinvbit, avx, avx2, aes, erms, clmul, bmi1, bmi2, fma, vzeroupper, clflush, hv, rdtscp, f16c
Processor Information for the first 8 processors :
  Max Mhz: 3601, Current Mhz: 3601, Mhz Limit: 3601

Memory: 4k page, system-wide physical 16315M (4039M free)
TotalPageFile size 18375M (AvailPageFile size 5M)
current process WorkingSet (physical memory assigned to process): 61M, peak: 61M
current process commit charge ("private bytes"): 230M, peak: 231M

vm_info: OpenJDK 64-Bit Server VM (21.0.11+10-LTS) for windows-amd64 JRE (21.0.11+10-LTS), built on 2026-04-21T00:00:00Z by "admin" with MS VC++ 17.12 (VS2022)

END.
