#
# There is insufficient memory for the Java Runtime Environment to continue.
# Native memory allocation (malloc) failed to allocate 1544016 bytes. Error detail: Chunk::new
# Possible reasons:
#   The system is out of physical RAM or swap space
#   This process is running with CompressedOops enabled, and the Java Heap may be blocking the growth of the native heap
# Possible solutions:
#   Reduce memory load on the system
#   Increase physical memory or swap space
#   Check if swap backing store is full
#   Decrease Java heap size (-Xmx/-Xms)
#   Decrease number of Java threads
#   Decrease Java thread stack sizes (-Xss)
#   Set larger code cache with -XX:ReservedCodeCacheSize=
#   JVM is running with Zero Based Compressed Oops mode in which the Java heap is
#     placed in the first 32GB address space. The Java Heap base address is the
#     maximum limit for the native heap growth. Please use -XX:HeapBaseMinAddress
#     to set the Java Heap base and to place the Java Heap above 32GB virtual address.
# This output file may be truncated or incomplete.
#
#  Out of Memory Error (arena.cpp:168), pid=15728, tid=9780
#
# JRE version: OpenJDK Runtime Environment Temurin-21.0.7+6 (21.0.7+6) (build 21.0.7+6-LTS)
# Java VM: OpenJDK 64-Bit Server VM Temurin-21.0.7+6 (21.0.7+6-LTS, mixed mode, sharing, tiered, compressed oops, compressed class ptrs, g1 gc, windows-amd64)
# No core dump will be written. Minidumps are not enabled by default on client versions of Windows
#

---------------  S U M M A R Y ------------

Command Line: --add-opens=java.base/java.lang=ALL-UNNAMED --add-opens=java.base/java.lang.invoke=ALL-UNNAMED --add-opens=java.base/java.util=ALL-UNNAMED --add-opens=java.prefs/java.util.prefs=ALL-UNNAMED --add-exports=jdk.compiler/com.sun.tools.javac.api=ALL-UNNAMED --add-exports=jdk.compiler/com.sun.tools.javac.util=ALL-UNNAMED --add-opens=java.base/java.util=ALL-UNNAMED --add-opens=java.prefs/java.util.prefs=ALL-UNNAMED --add-opens=java.base/java.nio.charset=ALL-UNNAMED --add-opens=java.base/java.net=ALL-UNNAMED --add-opens=java.base/java.util.concurrent.atomic=ALL-UNNAMED --add-opens=java.xml/javax.xml.namespace=ALL-UNNAMED -XX:MaxMetaspaceSize=4G -XX:ReservedCodeCacheSize=512m -XX:+HeapDumpOnOutOfMemoryError -Xmx8G -Dfile.encoding=UTF-8 -Duser.country=US -Duser.language=en -Duser.variant -javaagent:C:\Users\babak\.gradle\wrapper\dists\gradle-8.12-all\5w11e38e9s8f05rwiw2wipzpb\gradle-8.12\lib\agents\gradle-instrumentation-agent-8.12.jar org.gradle.launcher.daemon.bootstrap.GradleDaemon 8.12

Host: Intel(R) Core(TM) i7-4790 CPU @ 3.60GHz, 8 cores, 15G,  Windows 11 , 64 bit Build 26100 (10.0.26100.8875)
Time: Sat Aug  8 02:46:33 2026 Iran Standard Time elapsed time: 65.222630 seconds (0d 0h 1m 5s)

---------------  T H R E A D  ---------------

Current thread (0x00000156e9a76bb0):  JavaThread "C2 CompilerThread1" daemon [_thread_in_native, id=9780, stack(0x00000032cea00000,0x00000032ceb00000) (1024K)]


Current CompileTask:
C2:65222 19676       4       org.gradle.internal.vfs.impl.DefaultFileSystemAccess::snapshot (60 bytes)

Stack: [0x00000032cea00000,0x00000032ceb00000]
Native frames: (J=compiled Java code, j=interpreted, Vv=VM code, C=native code)
V  [jvm.dll+0x6ce119]
V  [jvm.dll+0x8a84a1]
V  [jvm.dll+0x8aa9ce]
V  [jvm.dll+0x8ab0b3]
V  [jvm.dll+0x27f8a6]
V  [jvm.dll+0xc507d]
V  [jvm.dll+0xc55b3]
V  [jvm.dll+0x3b68f2]
V  [jvm.dll+0x382aa5]
V  [jvm.dll+0x381f0a]
V  [jvm.dll+0x247af0]
V  [jvm.dll+0x2470cf]
V  [jvm.dll+0x1c760e]
V  [jvm.dll+0x25695a]
V  [jvm.dll+0x254efa]
V  [jvm.dll+0x3f03f6]
V  [jvm.dll+0x851f6b]
V  [jvm.dll+0x6cc7dd]
C  [ucrtbase.dll+0x2cd30]
C  [KERNEL32.DLL+0x2e957]
C  [ntdll.dll+0xaad6c]


---------------  P R O C E S S  ---------------

Threads class SMR info:
_java_thread_list=0x0000015702896480, length=138, elements={
0x00000156eccef2e0, 0x00000156ffc08970, 0x00000156ffc09f30, 0x00000156ffc0fcb0,
0x00000156ffc10700, 0x00000156ffc12050, 0x00000156ffc13370, 0x00000156ffc15f70,
0x00000156ffc1def0, 0x00000156a250ca90, 0x00000156a27176f0, 0x00000156e9469ff0,
0x00000156e945efe0, 0x00000156a24bb130, 0x00000156e80ff6e0, 0x00000156e8acdfd0,
0x00000156e8ae14f0, 0x00000156e8ae35c0, 0x00000156e8ae28a0, 0x00000156e8ae2f30,
0x00000156e8ae1b80, 0x00000156ea474510, 0x00000156ea475f50, 0x00000156ea474ba0,
0x00000156ea477300, 0x00000156ea4786b0, 0x00000156ea4758c0, 0x00000156ea478020,
0x00000156ea475230, 0x00000156ea600fa0, 0x00000157003ee110, 0x0000015702aa7460,
0x00000157028e0f50, 0x00000157028df510, 0x00000157028e0230, 0x00000157028e15e0,
0x00000157028e3020, 0x00000157028e2300, 0x00000157028e1c70, 0x00000157028dfba0,
0x00000157028e3d40, 0x00000157028e08c0, 0x00000157028e5780, 0x00000157028e5e10,
0x00000157028e50f0, 0x00000157028e4a60, 0x00000157028e36b0, 0x00000157028e43d0,
0x00000156ea5fba50, 0x00000156ea5fb3c0, 0x00000156ea5fce00, 0x00000156ea5fd490,
0x00000156ea5fe1b0, 0x00000156ea5fc0e0, 0x00000156ea5fc770, 0x00000156ea5fad30,
0x00000156ea5fe840, 0x00000156ea5fdb20, 0x00000156ea600280, 0x00000156ea601cc0,
0x00000156ea5feed0, 0x00000156ea5ffbf0, 0x00000156ea5ff560, 0x00000156ea600910,
0x00000157003ee7a0, 0x00000157003efb50, 0x00000157003ef4c0, 0x00000157003ec6d0,
0x00000157003f22b0, 0x00000157003f1590, 0x00000157003f2940, 0x00000157003f0f00,
0x00000157003f2fd0, 0x00000157003f01e0, 0x00000157003f3660, 0x00000157003f1c20,
0x00000157003f3cf0, 0x00000157003f0870, 0x0000015701e64920, 0x0000015701e621c0,
0x0000015701e67da0, 0x0000015701e68430, 0x0000015701e67710, 0x0000015701e66360,
0x0000015701e68ac0, 0x0000015701e669f0, 0x0000015701e69150, 0x0000015701e65cd0,
0x00000156ea478d40, 0x00000156ea476c70, 0x00000156ea47ae10, 0x00000156ea47a780,
0x00000156ea47a0f0, 0x00000156ea47bb30, 0x00000156ea479a60, 0x00000156ea4793d0,
0x00000156ea47b4a0, 0x0000015702aa3950, 0x00000156e8ae3c50, 0x00000156e8ae2210,
0x00000157023637c0, 0x0000015702e40440, 0x0000015702e3d650, 0x0000015702e3cfc0,
0x0000015702e3fdb0, 0x0000015702e40ad0, 0x0000015702e3f090, 0x0000015702e3f720,
0x0000015702e41160, 0x0000015702e3dce0, 0x0000015702e417f0, 0x0000015702e3e370,
0x0000015702e41e80, 0x0000015702e3ea00, 0x0000015702e42510, 0x0000015702e43f50,
0x0000015702e42ba0, 0x0000015702e43230, 0x0000015702e438c0, 0x0000015702e445e0,
0x000001570c080d70, 0x000001570c082120, 0x000001570c082e40, 0x000001570c0834d0,
0x000001570c0827b0, 0x000001570c080050, 0x000001570c081400, 0x000001570c081a90,
0x000001570c0806e0, 0x000001570c086fe0, 0x000001570c0862c0, 0x000001570c086950,
0x000001570c083b60, 0x000001570c087670, 0x000001570c0841f0, 0x000001570c084f10,
0x00000156e9a76bb0, 0x00000156e9a75070
}

Java Threads: ( => current thread )
  0x00000156eccef2e0 JavaThread "main"                              [_thread_blocked, id=8308, stack(0x00000032c7f00000,0x00000032c8000000) (1024K)]
  0x00000156ffc08970 JavaThread "Reference Handler"          daemon [_thread_blocked, id=9796, stack(0x00000032c8700000,0x00000032c8800000) (1024K)]
  0x00000156ffc09f30 JavaThread "Finalizer"                  daemon [_thread_blocked, id=4380, stack(0x00000032c8800000,0x00000032c8900000) (1024K)]
  0x00000156ffc0fcb0 JavaThread "Signal Dispatcher"          daemon [_thread_blocked, id=16496, stack(0x00000032c8900000,0x00000032c8a00000) (1024K)]
  0x00000156ffc10700 JavaThread "Attach Listener"            daemon [_thread_blocked, id=14784, stack(0x00000032c8a00000,0x00000032c8b00000) (1024K)]
  0x00000156ffc12050 JavaThread "Service Thread"             daemon [_thread_blocked, id=16380, stack(0x00000032c8b00000,0x00000032c8c00000) (1024K)]
  0x00000156ffc13370 JavaThread "Monitor Deflation Thread"   daemon [_thread_blocked, id=8812, stack(0x00000032c8c00000,0x00000032c8d00000) (1024K)]
  0x00000156ffc15f70 JavaThread "C2 CompilerThread0"         daemon [_thread_in_native, id=20108, stack(0x00000032c8d00000,0x00000032c8e00000) (1024K)]
  0x00000156ffc1def0 JavaThread "C1 CompilerThread0"         daemon [_thread_blocked, id=7644, stack(0x00000032c8e00000,0x00000032c8f00000) (1024K)]
  0x00000156a250ca90 JavaThread "Common-Cleaner"             daemon [_thread_blocked, id=17172, stack(0x00000032c8f00000,0x00000032c9000000) (1024K)]
  0x00000156a27176f0 JavaThread "Notification Thread"        daemon [_thread_blocked, id=15636, stack(0x00000032c9000000,0x00000032c9100000) (1024K)]
  0x00000156e9469ff0 JavaThread "Daemon health stats"               [_thread_blocked, id=13232, stack(0x00000032c9900000,0x00000032c9a00000) (1024K)]
  0x00000156e945efe0 JavaThread "Incoming local TCP Connector on port 3303"        [_thread_in_native, id=15104, stack(0x00000032c9100000,0x00000032c9200000) (1024K)]
  0x00000156a24bb130 JavaThread "Daemon periodic checks"            [_thread_blocked, id=16296, stack(0x00000032c9a00000,0x00000032c9b00000) (1024K)]
  0x00000156e80ff6e0 JavaThread "Daemon"                            [_thread_blocked, id=2364, stack(0x00000032c9b00000,0x00000032c9c00000) (1024K)]
  0x00000156e8acdfd0 JavaThread "Daemon worker"                     [_thread_in_Java, id=3880, stack(0x00000032c9e00000,0x00000032c9f00000) (1024K)]
  0x00000156e8ae14f0 JavaThread "Cache worker for journal cache (C:\Users\babak\.gradle\caches\journal-1)"        [_thread_blocked, id=3844, stack(0x00000032ca200000,0x00000032ca300000) (1024K)]
  0x00000156e8ae35c0 JavaThread "File lock request listener"        [_thread_in_native, id=17048, stack(0x00000032ca300000,0x00000032ca400000) (1024K)]
  0x00000156e8ae28a0 JavaThread "Cache worker for file hash cache (C:\Users\babak\.gradle\caches\8.12\fileHashes)"        [_thread_blocked, id=20820, stack(0x00000032ca500000,0x00000032ca600000) (1024K)]
  0x00000156e8ae2f30 JavaThread "File lock release action executor"        [_thread_blocked, id=14124, stack(0x00000032ca600000,0x00000032ca700000) (1024K)]
  0x00000156e8ae1b80 JavaThread "jar transforms"                    [_thread_blocked, id=13056, stack(0x00000032ca400000,0x00000032ca500000) (1024K)]
  0x00000156ea474510 JavaThread "jar transforms Thread 2"           [_thread_blocked, id=19652, stack(0x00000032caa00000,0x00000032cab00000) (1024K)]
  0x00000156ea475f50 JavaThread "jar transforms Thread 3"           [_thread_blocked, id=20468, stack(0x00000032cab00000,0x00000032cac00000) (1024K)]
  0x00000156ea474ba0 JavaThread "jar transforms Thread 4"           [_thread_blocked, id=13148, stack(0x00000032cac00000,0x00000032cad00000) (1024K)]
  0x00000156ea477300 JavaThread "jar transforms Thread 5"           [_thread_blocked, id=14348, stack(0x00000032cad00000,0x00000032cae00000) (1024K)]
  0x00000156ea4786b0 JavaThread "Cache worker for file content cache (C:\Users\babak\.gradle\caches\8.12\fileContent)"        [_thread_blocked, id=13108, stack(0x00000032cae00000,0x00000032caf00000) (1024K)]
  0x00000156ea4758c0 JavaThread "jar transforms Thread 6"           [_thread_blocked, id=17024, stack(0x00000032caf00000,0x00000032cb000000) (1024K)]
  0x00000156ea478020 JavaThread "jar transforms Thread 7"           [_thread_blocked, id=14108, stack(0x00000032cb100000,0x00000032cb200000) (1024K)]
  0x00000156ea475230 JavaThread "jar transforms Thread 8"           [_thread_blocked, id=15304, stack(0x00000032cb200000,0x00000032cb300000) (1024K)]
  0x00000156ea600fa0 JavaThread "Memory manager"                    [_thread_blocked, id=5624, stack(0x00000032ccd00000,0x00000032cce00000) (1024K)]
  0x00000157003ee110 JavaThread "included builds"                   [_thread_blocked, id=16304, stack(0x00000032ccf00000,0x00000032cd000000) (1024K)]
  0x0000015702aa7460 JavaThread "File lock release action executor Thread 2"        [_thread_blocked, id=18248, stack(0x00000032d1400000,0x00000032d1500000) (1024K)]
  0x00000157028e0f50 JavaThread "VFS cleanup"                       [_thread_blocked, id=15396, stack(0x00000032c9f00000,0x00000032ca000000) (1024K)]
  0x00000157028df510 JavaThread "Handler for socket connection from /127.0.0.1:3303 to /127.0.0.1:39479"        [_thread_in_native, id=18568, stack(0x00000032c9c00000,0x00000032c9d00000) (1024K)]
  0x00000157028e0230 JavaThread "Cancel handler"                    [_thread_blocked, id=19996, stack(0x00000032c9d00000,0x00000032c9e00000) (1024K)]
  0x00000157028e15e0 JavaThread "Asynchronous log dispatcher for DefaultDaemonConnection: socket connection from /127.0.0.1:3303 to /127.0.0.1:39479"        [_thread_blocked, id=12052, stack(0x00000032ca000000,0x00000032ca100000) (1024K)]
  0x00000157028e3020 JavaThread "Stdin handler"                     [_thread_blocked, id=14476, stack(0x00000032ca100000,0x00000032ca200000) (1024K)]
  0x00000157028e2300 JavaThread "Daemon client event forwarder"        [_thread_in_Java, id=2628, stack(0x00000032ca800000,0x00000032ca900000) (1024K)]
  0x00000157028e1c70 JavaThread "Cache worker for file hash cache (D:\hesabixArc\hesabixUI\hesabix_ui\android\.gradle\8.12\fileHashes)"        [_thread_blocked, id=9588, stack(0x00000032cb000000,0x00000032cb100000) (1024K)]
  0x00000157028dfba0 JavaThread "Cache worker for Build Output Cleanup Cache (D:\hesabixArc\hesabixUI\hesabix_ui\android\.gradle\buildOutputCleanup)"        [_thread_blocked, id=15024, stack(0x00000032cb300000,0x00000032cb400000) (1024K)]
  0x00000157028e3d40 JavaThread "Cache worker for checksums cache (D:\hesabixArc\hesabixUI\hesabix_ui\android\.gradle\8.12\checksums)"        [_thread_blocked, id=16128, stack(0x00000032cb400000,0x00000032cb500000) (1024K)]
  0x00000157028e08c0 JavaThread "Cache worker for cache directory md-rule (C:\Users\babak\.gradle\caches\8.12\md-rule)"        [_thread_blocked, id=17220, stack(0x00000032cb500000,0x00000032cb600000) (1024K)]
  0x00000157028e5780 JavaThread "Cache worker for cache directory md-supplier (C:\Users\babak\.gradle\caches\8.12\md-supplier)"        [_thread_blocked, id=15820, stack(0x00000032cb600000,0x00000032cb700000) (1024K)]
  0x00000157028e5e10 JavaThread "Cache worker for Build Output Cleanup Cache (C:\Users\babak\Development\flutter\packages\flutter_tools\gradle\.gradle\buildOutputCleanup)"        [_thread_blocked, id=16156, stack(0x00000032cb700000,0x00000032cb800000) (1024K)]
  0x00000157028e50f0 JavaThread "Unconstrained build operations"        [_thread_blocked, id=17568, stack(0x00000032cb800000,0x00000032cb900000) (1024K)]
  0x00000157028e4a60 JavaThread "Unconstrained build operations Thread 2"        [_thread_blocked, id=21132, stack(0x00000032cb900000,0x00000032cba00000) (1024K)]
  0x00000157028e36b0 JavaThread "Unconstrained build operations Thread 3"        [_thread_blocked, id=18276, stack(0x00000032cba00000,0x00000032cbb00000) (1024K)]
  0x00000157028e43d0 JavaThread "Unconstrained build operations Thread 4"        [_thread_blocked, id=19400, stack(0x00000032cbb00000,0x00000032cbc00000) (1024K)]
  0x00000156ea5fba50 JavaThread "Unconstrained build operations Thread 5"        [_thread_blocked, id=20756, stack(0x00000032cbc00000,0x00000032cbd00000) (1024K)]
  0x00000156ea5fb3c0 JavaThread "Unconstrained build operations Thread 6"        [_thread_blocked, id=12316, stack(0x00000032cbd00000,0x00000032cbe00000) (1024K)]
  0x00000156ea5fce00 JavaThread "Unconstrained build operations Thread 7"        [_thread_blocked, id=16476, stack(0x00000032cbe00000,0x00000032cbf00000) (1024K)]
  0x00000156ea5fd490 JavaThread "Unconstrained build operations Thread 8"        [_thread_blocked, id=19420, stack(0x00000032cbf00000,0x00000032cc000000) (1024K)]
  0x00000156ea5fe1b0 JavaThread "Unconstrained build operations Thread 9"        [_thread_blocked, id=1160, stack(0x00000032cc000000,0x00000032cc100000) (1024K)]
  0x00000156ea5fc0e0 JavaThread "Unconstrained build operations Thread 10"        [_thread_blocked, id=21268, stack(0x00000032cc100000,0x00000032cc200000) (1024K)]
  0x00000156ea5fc770 JavaThread "Unconstrained build operations Thread 11"        [_thread_blocked, id=8328, stack(0x00000032cc200000,0x00000032cc300000) (1024K)]
  0x00000156ea5fad30 JavaThread "Unconstrained build operations Thread 12"        [_thread_blocked, id=9776, stack(0x00000032cc300000,0x00000032cc400000) (1024K)]
  0x00000156ea5fe840 JavaThread "Unconstrained build operations Thread 13"        [_thread_blocked, id=11656, stack(0x00000032cc400000,0x00000032cc500000) (1024K)]
  0x00000156ea5fdb20 JavaThread "Unconstrained build operations Thread 14"        [_thread_blocked, id=16876, stack(0x00000032cc500000,0x00000032cc600000) (1024K)]
  0x00000156ea600280 JavaThread "build event listener"              [_thread_blocked, id=16900, stack(0x00000032cc600000,0x00000032cc700000) (1024K)]
  0x00000156ea601cc0 JavaThread "included builds"                   [_thread_blocked, id=19708, stack(0x00000032cc800000,0x00000032cc900000) (1024K)]
  0x00000156ea5feed0 JavaThread "Execution worker"                  [_thread_blocked, id=13488, stack(0x00000032cc900000,0x00000032cca00000) (1024K)]
  0x00000156ea5ffbf0 JavaThread "Execution worker Thread 2"         [_thread_blocked, id=15984, stack(0x00000032cca00000,0x00000032ccb00000) (1024K)]
  0x00000156ea5ff560 JavaThread "Execution worker Thread 3"         [_thread_blocked, id=20192, stack(0x00000032ccb00000,0x00000032ccc00000) (1024K)]
  0x00000156ea600910 JavaThread "Execution worker Thread 4"         [_thread_blocked, id=5508, stack(0x00000032ccc00000,0x00000032ccd00000) (1024K)]
  0x00000157003ee7a0 JavaThread "Execution worker Thread 5"         [_thread_blocked, id=11888, stack(0x00000032cce00000,0x00000032ccf00000) (1024K)]
  0x00000157003efb50 JavaThread "Execution worker Thread 6"         [_thread_blocked, id=15412, stack(0x00000032cd000000,0x00000032cd100000) (1024K)]
  0x00000157003ef4c0 JavaThread "Execution worker Thread 7"         [_thread_blocked, id=2880, stack(0x00000032cd100000,0x00000032cd200000) (1024K)]
  0x00000157003ec6d0 JavaThread "Cache worker for execution history cache (C:\Users\babak\Development\flutter\packages\flutter_tools\gradle\.gradle\8.12\executionHistory)"        [_thread_blocked, id=21364, stack(0x00000032cd200000,0x00000032cd300000) (1024K)]
  0x00000157003f22b0 JavaThread "Unconstrained build operations Thread 15"        [_thread_blocked, id=13220, stack(0x00000032cd300000,0x00000032cd400000) (1024K)]
  0x00000157003f1590 JavaThread "Unconstrained build operations Thread 16"        [_thread_blocked, id=17824, stack(0x00000032cd400000,0x00000032cd500000) (1024K)]
  0x00000157003f2940 JavaThread "Unconstrained build operations Thread 17"        [_thread_blocked, id=18280, stack(0x00000032cd500000,0x00000032cd600000) (1024K)]
  0x00000157003f0f00 JavaThread "Unconstrained build operations Thread 18"        [_thread_blocked, id=14440, stack(0x00000032cd600000,0x00000032cd700000) (1024K)]
  0x00000157003f2fd0 JavaThread "Unconstrained build operations Thread 19"        [_thread_blocked, id=2388, stack(0x00000032cd700000,0x00000032cd800000) (1024K)]
  0x00000157003f01e0 JavaThread "Unconstrained build operations Thread 20"        [_thread_blocked, id=18092, stack(0x00000032cd800000,0x00000032cd900000) (1024K)]
  0x00000157003f3660 JavaThread "Unconstrained build operations Thread 21"        [_thread_blocked, id=5040, stack(0x00000032cd900000,0x00000032cda00000) (1024K)]
  0x00000157003f1c20 JavaThread "Unconstrained build operations Thread 22"        [_thread_blocked, id=14116, stack(0x00000032cda00000,0x00000032cdb00000) (1024K)]
  0x00000157003f3cf0 JavaThread "Unconstrained build operations Thread 23"        [_thread_blocked, id=19024, stack(0x00000032cdb00000,0x00000032cdc00000) (1024K)]
  0x00000157003f0870 JavaThread "Unconstrained build operations Thread 24"        [_thread_blocked, id=5812, stack(0x00000032cdc00000,0x00000032cdd00000) (1024K)]
  0x0000015701e64920 JavaThread "Unconstrained build operations Thread 25"        [_thread_blocked, id=13716, stack(0x00000032cdd00000,0x00000032cde00000) (1024K)]
  0x0000015701e621c0 JavaThread "Unconstrained build operations Thread 26"        [_thread_blocked, id=20300, stack(0x00000032cde00000,0x00000032cdf00000) (1024K)]
  0x0000015701e67da0 JavaThread "Unconstrained build operations Thread 27"        [_thread_blocked, id=6632, stack(0x00000032cdf00000,0x00000032ce000000) (1024K)]
  0x0000015701e68430 JavaThread "Unconstrained build operations Thread 28"        [_thread_blocked, id=8436, stack(0x00000032ce000000,0x00000032ce100000) (1024K)]
  0x0000015701e67710 JavaThread "Unconstrained build operations Thread 29"        [_thread_blocked, id=12828, stack(0x00000032ce100000,0x00000032ce200000) (1024K)]
  0x0000015701e66360 JavaThread "Unconstrained build operations Thread 30"        [_thread_blocked, id=17676, stack(0x00000032ce200000,0x00000032ce300000) (1024K)]
  0x0000015701e68ac0 JavaThread "Unconstrained build operations Thread 31"        [_thread_blocked, id=12152, stack(0x00000032ce300000,0x00000032ce400000) (1024K)]
  0x0000015701e669f0 JavaThread "Unconstrained build operations Thread 32"        [_thread_blocked, id=10996, stack(0x00000032ce400000,0x00000032ce500000) (1024K)]
  0x0000015701e69150 JavaThread "Unconstrained build operations Thread 33"        [_thread_blocked, id=21280, stack(0x00000032ce500000,0x00000032ce600000) (1024K)]
  0x0000015701e65cd0 JavaThread "Unconstrained build operations Thread 34"        [_thread_blocked, id=12716, stack(0x00000032ce600000,0x00000032ce700000) (1024K)]
  0x00000156ea478d40 JavaThread "Unconstrained build operations Thread 35"        [_thread_blocked, id=11512, stack(0x00000032ce700000,0x00000032ce800000) (1024K)]
  0x00000156ea476c70 JavaThread "Unconstrained build operations Thread 36"        [_thread_blocked, id=12780, stack(0x00000032ce800000,0x00000032ce900000) (1024K)]
  0x00000156ea47ae10 JavaThread "Unconstrained build operations Thread 37"        [_thread_blocked, id=16028, stack(0x00000032ce900000,0x00000032cea00000) (1024K)]
  0x00000156ea47a780 JavaThread "Unconstrained build operations Thread 38"        [_thread_blocked, id=18104, stack(0x00000032ceb00000,0x00000032cec00000) (1024K)]
  0x00000156ea47a0f0 JavaThread "Unconstrained build operations Thread 39"        [_thread_blocked, id=7584, stack(0x00000032cec00000,0x00000032ced00000) (1024K)]
  0x00000156ea47bb30 JavaThread "Unconstrained build operations Thread 40"        [_thread_blocked, id=13980, stack(0x00000032ced00000,0x00000032cee00000) (1024K)]
  0x00000156ea479a60 JavaThread "Unconstrained build operations Thread 41"        [_thread_blocked, id=18320, stack(0x00000032cee00000,0x00000032cef00000) (1024K)]
  0x00000156ea4793d0 JavaThread "Unconstrained build operations Thread 42"        [_thread_blocked, id=10540, stack(0x00000032cef00000,0x00000032cf000000) (1024K)]
  0x00000156ea47b4a0 JavaThread "Unconstrained build operations Thread 43"        [_thread_blocked, id=4716, stack(0x00000032cf000000,0x00000032cf100000) (1024K)]
  0x0000015702aa3950 JavaThread "Unconstrained build operations Thread 44"        [_thread_blocked, id=12792, stack(0x00000032cf100000,0x00000032cf200000) (1024K)]
  0x00000156e8ae3c50 JavaThread "build event listener"              [_thread_blocked, id=13556, stack(0x00000032cf200000,0x00000032cf300000) (1024K)]
  0x00000156e8ae2210 JavaThread "Unconstrained build operations Thread 45"        [_thread_blocked, id=17300, stack(0x00000032cf300000,0x00000032cf400000) (1024K)]
  0x00000157023637c0 JavaThread "Unconstrained build operations Thread 46"        [_thread_blocked, id=13444, stack(0x00000032cf400000,0x00000032cf500000) (1024K)]
  0x0000015702e40440 JavaThread "Unconstrained build operations Thread 47"        [_thread_blocked, id=12236, stack(0x00000032cf500000,0x00000032cf600000) (1024K)]
  0x0000015702e3d650 JavaThread "Unconstrained build operations Thread 48"        [_thread_blocked, id=2740, stack(0x00000032cf600000,0x00000032cf700000) (1024K)]
  0x0000015702e3cfc0 JavaThread "Unconstrained build operations Thread 49"        [_thread_blocked, id=10864, stack(0x00000032cf700000,0x00000032cf800000) (1024K)]
  0x0000015702e3fdb0 JavaThread "Unconstrained build operations Thread 50"        [_thread_blocked, id=18144, stack(0x00000032cf800000,0x00000032cf900000) (1024K)]
  0x0000015702e40ad0 JavaThread "Unconstrained build operations Thread 51"        [_thread_blocked, id=3044, stack(0x00000032cf900000,0x00000032cfa00000) (1024K)]
  0x0000015702e3f090 JavaThread "Unconstrained build operations Thread 52"        [_thread_blocked, id=6020, stack(0x00000032cfa00000,0x00000032cfb00000) (1024K)]
  0x0000015702e3f720 JavaThread "Unconstrained build operations Thread 53"        [_thread_blocked, id=20256, stack(0x00000032cfb00000,0x00000032cfc00000) (1024K)]
  0x0000015702e41160 JavaThread "Problems report writer"            [_thread_blocked, id=20628, stack(0x00000032cfd00000,0x00000032cfe00000) (1024K)]
  0x0000015702e3dce0 JavaThread "Unconstrained build operations Thread 54"        [_thread_blocked, id=11832, stack(0x00000032cfe00000,0x00000032cff00000) (1024K)]
  0x0000015702e417f0 JavaThread "Unconstrained build operations Thread 55"        [_thread_blocked, id=8124, stack(0x00000032cff00000,0x00000032d0000000) (1024K)]
  0x0000015702e3e370 JavaThread "Unconstrained build operations Thread 56"        [_thread_blocked, id=18612, stack(0x00000032d0000000,0x00000032d0100000) (1024K)]
  0x0000015702e41e80 JavaThread "Unconstrained build operations Thread 57"        [_thread_blocked, id=6588, stack(0x00000032d0100000,0x00000032d0200000) (1024K)]
  0x0000015702e3ea00 JavaThread "Unconstrained build operations Thread 58"        [_thread_blocked, id=7232, stack(0x00000032d0200000,0x00000032d0300000) (1024K)]
  0x0000015702e42510 JavaThread "Unconstrained build operations Thread 59"        [_thread_blocked, id=5672, stack(0x00000032d0300000,0x00000032d0400000) (1024K)]
  0x0000015702e43f50 JavaThread "Unconstrained build operations Thread 60"        [_thread_blocked, id=12256, stack(0x00000032d0400000,0x00000032d0500000) (1024K)]
  0x0000015702e42ba0 JavaThread "Unconstrained build operations Thread 61"        [_thread_blocked, id=3176, stack(0x00000032d0500000,0x00000032d0600000) (1024K)]
  0x0000015702e43230 JavaThread "Unconstrained build operations Thread 62"        [_thread_blocked, id=19080, stack(0x00000032d0600000,0x00000032d0700000) (1024K)]
  0x0000015702e438c0 JavaThread "Unconstrained build operations Thread 63"        [_thread_blocked, id=13356, stack(0x00000032d0700000,0x00000032d0800000) (1024K)]
  0x0000015702e445e0 JavaThread "Unconstrained build operations Thread 64"        [_thread_blocked, id=15724, stack(0x00000032d0800000,0x00000032d0900000) (1024K)]
  0x000001570c080d70 JavaThread "Unconstrained build operations Thread 65"        [_thread_blocked, id=6376, stack(0x00000032d0900000,0x00000032d0a00000) (1024K)]
  0x000001570c082120 JavaThread "Unconstrained build operations Thread 66"        [_thread_blocked, id=12704, stack(0x00000032d0a00000,0x00000032d0b00000) (1024K)]
  0x000001570c082e40 JavaThread "Unconstrained build operations Thread 67"        [_thread_blocked, id=18176, stack(0x00000032d0b00000,0x00000032d0c00000) (1024K)]
  0x000001570c0834d0 JavaThread "Unconstrained build operations Thread 68"        [_thread_blocked, id=4620, stack(0x00000032c7c00000,0x00000032c7d00000) (1024K)]
  0x000001570c0827b0 JavaThread "Unconstrained build operations Thread 69"        [_thread_blocked, id=16684, stack(0x00000032c7e00000,0x00000032c7f00000) (1024K)]
  0x000001570c080050 JavaThread "Unconstrained build operations Thread 70"        [_thread_blocked, id=20640, stack(0x00000032cfc00000,0x00000032cfd00000) (1024K)]
  0x000001570c081400 JavaThread "Unconstrained build operations Thread 71"        [_thread_blocked, id=19848, stack(0x00000032d0c00000,0x00000032d0d00000) (1024K)]
  0x000001570c081a90 JavaThread "Unconstrained build operations Thread 72"        [_thread_blocked, id=17800, stack(0x00000032d0d00000,0x00000032d0e00000) (1024K)]
  0x000001570c0806e0 JavaThread "Unconstrained build operations Thread 73"        [_thread_blocked, id=7764, stack(0x00000032d0e00000,0x00000032d0f00000) (1024K)]
  0x000001570c086fe0 JavaThread "Unconstrained build operations Thread 74"        [_thread_blocked, id=9196, stack(0x00000032d0f00000,0x00000032d1000000) (1024K)]
  0x000001570c0862c0 JavaThread "Unconstrained build operations Thread 75"        [_thread_blocked, id=13324, stack(0x00000032d1000000,0x00000032d1100000) (1024K)]
  0x000001570c086950 JavaThread "Unconstrained build operations Thread 76"        [_thread_blocked, id=13672, stack(0x00000032d1100000,0x00000032d1200000) (1024K)]
  0x000001570c083b60 JavaThread "Unconstrained build operations Thread 77"        [_thread_blocked, id=16320, stack(0x00000032d1200000,0x00000032d1300000) (1024K)]
  0x000001570c087670 JavaThread "Unconstrained build operations Thread 78"        [_thread_blocked, id=19212, stack(0x00000032d1300000,0x00000032d1400000) (1024K)]
  0x000001570c0841f0 JavaThread "Unconstrained build operations Thread 79"        [_thread_blocked, id=18588, stack(0x00000032d1500000,0x00000032d1600000) (1024K)]
  0x000001570c084f10 JavaThread "Unconstrained build operations Thread 80"        [_thread_blocked, id=15408, stack(0x00000032d1600000,0x00000032d1700000) (1024K)]
=>0x00000156e9a76bb0 JavaThread "C2 CompilerThread1"         daemon [_thread_in_native, id=9780, stack(0x00000032cea00000,0x00000032ceb00000) (1024K)]
  0x00000156e9a75070 JavaThread "C2 CompilerThread2"         daemon [_thread_in_native, id=17572, stack(0x00000032d1700000,0x00000032d1800000) (1024K)]
Total: 138

Other Threads:
  0x00000156ffbec250 VMThread "VM Thread"                           [id=14996, stack(0x00000032c8600000,0x00000032c8700000) (1024K)]
  0x00000156ffbd8a50 WatcherThread "VM Periodic Task Thread"        [id=18820, stack(0x00000032c8500000,0x00000032c8600000) (1024K)]
  0x00000156ecd994d0 WorkerThread "GC Thread#0"                     [id=10876, stack(0x00000032c8000000,0x00000032c8100000) (1024K)]
  0x00000156a285e0b0 WorkerThread "GC Thread#1"                     [id=4272, stack(0x00000032c9200000,0x00000032c9300000) (1024K)]
  0x00000156a285e450 WorkerThread "GC Thread#2"                     [id=12904, stack(0x00000032c9300000,0x00000032c9400000) (1024K)]
  0x00000156a285e7f0 WorkerThread "GC Thread#3"                     [id=15212, stack(0x00000032c9400000,0x00000032c9500000) (1024K)]
  0x00000156a285eb90 WorkerThread "GC Thread#4"                     [id=18072, stack(0x00000032c9500000,0x00000032c9600000) (1024K)]
  0x00000156a2790c40 WorkerThread "GC Thread#5"                     [id=16920, stack(0x00000032c9600000,0x00000032c9700000) (1024K)]
  0x00000156e9522430 WorkerThread "GC Thread#6"                     [id=18660, stack(0x00000032c9700000,0x00000032c9800000) (1024K)]
  0x00000156e95227d0 WorkerThread "GC Thread#7"                     [id=12848, stack(0x00000032c9800000,0x00000032c9900000) (1024K)]
  0x00000156ecdac3e0 ConcurrentGCThread "G1 Main Marker"            [id=6656, stack(0x00000032c8100000,0x00000032c8200000) (1024K)]
  0x00000156ecdacdf0 WorkerThread "G1 Conc#0"                       [id=2176, stack(0x00000032c8200000,0x00000032c8300000) (1024K)]
  0x00000156e96989b0 WorkerThread "G1 Conc#1"                       [id=16016, stack(0x00000032ca700000,0x00000032ca800000) (1024K)]
  0x00000156ffaa9750 ConcurrentGCThread "G1 Refine#0"               [id=16820, stack(0x00000032c8300000,0x00000032c8400000) (1024K)]
  0x00000156ffaaa1d0 ConcurrentGCThread "G1 Service"                [id=19496, stack(0x00000032c8400000,0x00000032c8500000) (1024K)]
Total: 15

Threads with active compile tasks:
C2 CompilerThread0  65259 19628       4       org.gradle.api.internal.artifacts.configurations.DefaultConfiguration::<init> (723 bytes)
C1 CompilerThread0  65259 19730   !   3       org.gradle.api.internal.plugins.DefaultPluginManager::instantiatePlugin (44 bytes)
C2 CompilerThread1  65259 19676       4       org.gradle.internal.vfs.impl.DefaultFileSystemAccess::snapshot (60 bytes)
C2 CompilerThread2  65259 19721       4       groovy.lang.MetaClassImpl::pickMethod (12 bytes)
Total: 4

VM state: not at safepoint (normal execution)

VM Mutex/Monitor currently owned by a thread: None

Heap address: 0x0000000600000000, size: 8192 MB, Compressed Oops mode: Zero based, Oop shift amount: 3

CDS archive(s) mapped at: [0x00000156a3000000-0x00000156a3c80000-0x00000156a3c80000), size 13107200, SharedBaseAddress: 0x00000156a3000000, ArchiveRelocationMode: 1.
Compressed class space mapped at: 0x00000156a4000000-0x00000156e4000000, reserved size: 1073741824
Narrow klass base: 0x00000156a3000000, Narrow klass shift: 0, Narrow klass range: 0x100000000

GC Precious Log:
 CardTable entry size: 512
 Card Set container configuration: InlinePtr #cards 4 size 8 Array Of Cards #cards 32 size 80 Howl #buckets 8 coarsen threshold 7372 Howl Bitmap #cards 1024 size 144 coarsen threshold 921 Card regions per heap region 1 cards per card region 8192
 CPUs: 8 total, 8 available
 Memory: 16315M
 Large Page Support: Disabled
 NUMA Support: Disabled
 Compressed Oops: Enabled (Zero based)
 Heap Region Size: 4M
 Heap Min Capacity: 8M
 Heap Initial Capacity: 256M
 Heap Max Capacity: 8G
 Pre-touch: Disabled
 Parallel Workers: 8
 Concurrent Workers: 2
 Concurrent Refinement Workers: 8
 Periodic GC: Disabled

Heap:
 garbage-first heap   total 557056K, used 373776K [0x0000000600000000, 0x0000000800000000)
  region size 4096K, 24 young (98304K), 5 survivors (20480K)
 Metaspace       used 111526K, committed 114496K, reserved 1179648K
  class space    used 15422K, committed 16832K, reserved 1048576K

Heap Regions: E=young(eden), S=young(survivor), O=old, HS=humongous(starts), HC=humongous(continues), CS=collection set, F=free, TAMS=top-at-mark-start, PB=parsable bottom
|   0|0x0000000600000000, 0x0000000600400000, 0x0000000600400000|100%|HS|  |TAMS 0x0000000600000000| PB 0x0000000600000000| Complete 
|   1|0x0000000600400000, 0x0000000600800000, 0x0000000600800000|100%| O|  |TAMS 0x0000000600400000| PB 0x0000000600400000| Untracked 
|   2|0x0000000600800000, 0x0000000600c00000, 0x0000000600c00000|100%| O|  |TAMS 0x0000000600800000| PB 0x0000000600800000| Untracked 
|   3|0x0000000600c00000, 0x0000000601000000, 0x0000000601000000|100%| O|  |TAMS 0x0000000600c00000| PB 0x0000000600c00000| Untracked 
|   4|0x0000000601000000, 0x0000000601400000, 0x0000000601400000|100%| O|  |TAMS 0x0000000601000000| PB 0x0000000601000000| Untracked 
|   5|0x0000000601400000, 0x0000000601800000, 0x0000000601800000|100%|HS|  |TAMS 0x0000000601400000| PB 0x0000000601400000| Complete 
|   6|0x0000000601800000, 0x0000000601c00000, 0x0000000601c00000|100%| O|  |TAMS 0x0000000601800000| PB 0x0000000601800000| Untracked 
|   7|0x0000000601c00000, 0x0000000602000000, 0x0000000602000000|100%| O|  |TAMS 0x0000000601c00000| PB 0x0000000601c00000| Untracked 
|   8|0x0000000602000000, 0x0000000602400000, 0x0000000602400000|100%| O|  |TAMS 0x0000000602000000| PB 0x0000000602000000| Untracked 
|   9|0x0000000602400000, 0x0000000602800000, 0x0000000602800000|100%|HS|  |TAMS 0x0000000602400000| PB 0x0000000602400000| Complete 
|  10|0x0000000602800000, 0x0000000602c00000, 0x0000000602c00000|100%| O|  |TAMS 0x0000000602800000| PB 0x0000000602800000| Untracked 
|  11|0x0000000602c00000, 0x0000000603000000, 0x0000000603000000|100%| O|  |TAMS 0x0000000602c00000| PB 0x0000000602c00000| Untracked 
|  12|0x0000000603000000, 0x0000000603400000, 0x0000000603400000|100%| O|  |TAMS 0x0000000603000000| PB 0x0000000603000000| Untracked 
|  13|0x0000000603400000, 0x0000000603800000, 0x0000000603800000|100%| O|  |TAMS 0x0000000603400000| PB 0x0000000603400000| Untracked 
|  14|0x0000000603800000, 0x0000000603c00000, 0x0000000603c00000|100%| O|  |TAMS 0x0000000603800000| PB 0x0000000603800000| Untracked 
|  15|0x0000000603c00000, 0x0000000604000000, 0x0000000604000000|100%| O|  |TAMS 0x0000000603c00000| PB 0x0000000603c00000| Untracked 
|  16|0x0000000604000000, 0x0000000604400000, 0x0000000604400000|100%|HS|  |TAMS 0x0000000604000000| PB 0x0000000604000000| Complete 
|  17|0x0000000604400000, 0x0000000604800000, 0x0000000604800000|100%| O|  |TAMS 0x0000000604400000| PB 0x0000000604400000| Untracked 
|  18|0x0000000604800000, 0x0000000604c00000, 0x0000000604c00000|100%| O|  |TAMS 0x0000000604800000| PB 0x0000000604800000| Untracked 
|  19|0x0000000604c00000, 0x0000000605000000, 0x0000000605000000|100%| O|  |TAMS 0x0000000604c00000| PB 0x0000000604c00000| Untracked 
|  20|0x0000000605000000, 0x0000000605400000, 0x0000000605400000|100%| O|  |TAMS 0x0000000605000000| PB 0x0000000605000000| Untracked 
|  21|0x0000000605400000, 0x0000000605800000, 0x0000000605800000|100%| O|  |TAMS 0x0000000605400000| PB 0x0000000605400000| Untracked 
|  22|0x0000000605800000, 0x0000000605c00000, 0x0000000605c00000|100%| O|  |TAMS 0x0000000605800000| PB 0x0000000605800000| Untracked 
|  23|0x0000000605c00000, 0x0000000606000000, 0x0000000606000000|100%| O|  |TAMS 0x0000000605c00000| PB 0x0000000605c00000| Untracked 
|  24|0x0000000606000000, 0x0000000606400000, 0x0000000606400000|100%| O|  |TAMS 0x0000000606000000| PB 0x0000000606000000| Untracked 
|  25|0x0000000606400000, 0x0000000606800000, 0x0000000606800000|100%| O|  |TAMS 0x0000000606400000| PB 0x0000000606400000| Untracked 
|  26|0x0000000606800000, 0x0000000606c00000, 0x0000000606c00000|100%| O|  |TAMS 0x0000000606800000| PB 0x0000000606800000| Untracked 
|  27|0x0000000606c00000, 0x0000000607000000, 0x0000000607000000|100%| O|Cm|TAMS 0x0000000606c00000| PB 0x0000000606c00000| Complete 
|  28|0x0000000607000000, 0x0000000607400000, 0x0000000607400000|100%| O|  |TAMS 0x0000000607000000| PB 0x0000000607000000| Untracked 
|  29|0x0000000607400000, 0x0000000607800000, 0x0000000607800000|100%| O|Cm|TAMS 0x0000000607400000| PB 0x0000000607400000| Complete 
|  30|0x0000000607800000, 0x0000000607c00000, 0x0000000607c00000|100%|HS|  |TAMS 0x0000000607800000| PB 0x0000000607800000| Complete 
|  31|0x0000000607c00000, 0x0000000608000000, 0x0000000608000000|100%| O|Cm|TAMS 0x0000000607c00000| PB 0x0000000607c00000| Complete 
|  32|0x0000000608000000, 0x0000000608400000, 0x0000000608400000|100%| O|Cm|TAMS 0x0000000608000000| PB 0x0000000608000000| Complete 
|  33|0x0000000608400000, 0x0000000608800000, 0x0000000608800000|100%| O|Cm|TAMS 0x0000000608400000| PB 0x0000000608400000| Complete 
|  34|0x0000000608800000, 0x0000000608c00000, 0x0000000608c00000|100%| O|Cm|TAMS 0x0000000608800000| PB 0x0000000608800000| Complete 
|  35|0x0000000608c00000, 0x0000000609000000, 0x0000000609000000|100%| O|Cm|TAMS 0x0000000608c00000| PB 0x0000000608c00000| Complete 
|  36|0x0000000609000000, 0x0000000609400000, 0x0000000609400000|100%| O|  |TAMS 0x0000000609000000| PB 0x0000000609000000| Untracked 
|  37|0x0000000609400000, 0x0000000609800000, 0x0000000609800000|100%| O|  |TAMS 0x0000000609400000| PB 0x0000000609400000| Untracked 
|  38|0x0000000609800000, 0x0000000609c00000, 0x0000000609c00000|100%| O|Cm|TAMS 0x0000000609800000| PB 0x0000000609800000| Complete 
|  39|0x0000000609c00000, 0x000000060a000000, 0x000000060a000000|100%| O|  |TAMS 0x0000000609c00000| PB 0x0000000609c00000| Untracked 
|  40|0x000000060a000000, 0x000000060a400000, 0x000000060a400000|100%| O|Cm|TAMS 0x000000060a000000| PB 0x000000060a000000| Complete 
|  41|0x000000060a400000, 0x000000060a800000, 0x000000060a800000|100%| O|  |TAMS 0x000000060a400000| PB 0x000000060a400000| Untracked 
|  42|0x000000060a800000, 0x000000060ac00000, 0x000000060ac00000|100%| O|Cm|TAMS 0x000000060a800000| PB 0x000000060a800000| Complete 
|  43|0x000000060ac00000, 0x000000060b000000, 0x000000060b000000|100%| O|Cm|TAMS 0x000000060ac00000| PB 0x000000060ac00000| Complete 
|  44|0x000000060b000000, 0x000000060b400000, 0x000000060b400000|100%| O|Cm|TAMS 0x000000060b000000| PB 0x000000060b000000| Complete 
|  45|0x000000060b400000, 0x000000060b800000, 0x000000060b800000|100%| O|Cm|TAMS 0x000000060b400000| PB 0x000000060b400000| Complete 
|  46|0x000000060b800000, 0x000000060bc00000, 0x000000060bc00000|100%| O|  |TAMS 0x000000060b800000| PB 0x000000060b800000| Untracked 
|  47|0x000000060bc00000, 0x000000060c000000, 0x000000060c000000|100%| O|  |TAMS 0x000000060bc00000| PB 0x000000060bc00000| Untracked 
|  48|0x000000060c000000, 0x000000060c400000, 0x000000060c400000|100%| O|  |TAMS 0x000000060c000000| PB 0x000000060c000000| Untracked 
|  49|0x000000060c400000, 0x000000060c800000, 0x000000060c800000|100%| O|Cm|TAMS 0x000000060c400000| PB 0x000000060c400000| Complete 
|  50|0x000000060c800000, 0x000000060cc00000, 0x000000060cc00000|100%| O|  |TAMS 0x000000060c800000| PB 0x000000060c800000| Untracked 
|  51|0x000000060cc00000, 0x000000060d000000, 0x000000060d000000|100%| O|  |TAMS 0x000000060cc00000| PB 0x000000060cc00000| Untracked 
|  52|0x000000060d000000, 0x000000060d400000, 0x000000060d400000|100%| O|  |TAMS 0x000000060d000000| PB 0x000000060d000000| Untracked 
|  53|0x000000060d400000, 0x000000060d800000, 0x000000060d800000|100%| O|Cm|TAMS 0x000000060d400000| PB 0x000000060d400000| Complete 
|  54|0x000000060d800000, 0x000000060dc00000, 0x000000060dc00000|100%| O|Cm|TAMS 0x000000060d800000| PB 0x000000060d800000| Complete 
|  55|0x000000060dc00000, 0x000000060e000000, 0x000000060e000000|100%| O|Cm|TAMS 0x000000060dc00000| PB 0x000000060dc00000| Complete 
|  56|0x000000060e000000, 0x000000060e400000, 0x000000060e400000|100%| O|  |TAMS 0x000000060e000000| PB 0x000000060e000000| Untracked 
|  57|0x000000060e400000, 0x000000060e800000, 0x000000060e800000|100%| O|  |TAMS 0x000000060e400000| PB 0x000000060e400000| Untracked 
|  58|0x000000060e800000, 0x000000060ec00000, 0x000000060ec00000|100%| O|  |TAMS 0x000000060e800000| PB 0x000000060e800000| Untracked 
|  59|0x000000060ec00000, 0x000000060f000000, 0x000000060f000000|100%| O|  |TAMS 0x000000060ec00000| PB 0x000000060ec00000| Untracked 
|  60|0x000000060f000000, 0x000000060f400000, 0x000000060f400000|100%| O|  |TAMS 0x000000060f000000| PB 0x000000060f000000| Untracked 
|  61|0x000000060f400000, 0x000000060f800000, 0x000000060f800000|100%| O|  |TAMS 0x000000060f400000| PB 0x000000060f400000| Untracked 
|  62|0x000000060f800000, 0x000000060fc00000, 0x000000060fc00000|100%| O|  |TAMS 0x000000060f800000| PB 0x000000060f800000| Untracked 
|  63|0x000000060fc00000, 0x0000000610000000, 0x0000000610000000|100%| O|  |TAMS 0x000000060fc00000| PB 0x000000060fc00000| Untracked 
|  64|0x0000000610000000, 0x0000000610400000, 0x0000000610400000|100%| O|  |TAMS 0x0000000610000000| PB 0x0000000610000000| Untracked 
|  65|0x0000000610400000, 0x00000006107a43d0, 0x0000000610800000| 91%| O|  |TAMS 0x0000000610400000| PB 0x0000000610400000| Untracked 
|  66|0x0000000610800000, 0x0000000610800000, 0x0000000610c00000|  0%| F|  |TAMS 0x0000000610800000| PB 0x0000000610800000| Untracked 
|  67|0x0000000610c00000, 0x0000000610c00000, 0x0000000611000000|  0%| F|  |TAMS 0x0000000610c00000| PB 0x0000000610c00000| Untracked 
|  68|0x0000000611000000, 0x0000000611000000, 0x0000000611400000|  0%| F|  |TAMS 0x0000000611000000| PB 0x0000000611000000| Untracked 
|  69|0x0000000611400000, 0x0000000611400000, 0x0000000611800000|  0%| F|  |TAMS 0x0000000611400000| PB 0x0000000611400000| Untracked 
|  70|0x0000000611800000, 0x0000000611800000, 0x0000000611c00000|  0%| F|  |TAMS 0x0000000611800000| PB 0x0000000611800000| Untracked 
|  71|0x0000000611c00000, 0x0000000611c00000, 0x0000000612000000|  0%| F|  |TAMS 0x0000000611c00000| PB 0x0000000611c00000| Untracked 
|  72|0x0000000612000000, 0x000000061215fcd8, 0x0000000612400000| 34%| S|CS|TAMS 0x0000000612000000| PB 0x0000000612000000| Complete 
|  73|0x0000000612400000, 0x0000000612800000, 0x0000000612800000|100%| S|CS|TAMS 0x0000000612400000| PB 0x0000000612400000| Complete 
|  74|0x0000000612800000, 0x0000000612c00000, 0x0000000612c00000|100%| S|CS|TAMS 0x0000000612800000| PB 0x0000000612800000| Complete 
|  75|0x0000000612c00000, 0x0000000613000000, 0x0000000613000000|100%| S|CS|TAMS 0x0000000612c00000| PB 0x0000000612c00000| Complete 
|  76|0x0000000613000000, 0x0000000613000000, 0x0000000613400000|  0%| F|  |TAMS 0x0000000613000000| PB 0x0000000613000000| Untracked 
|  77|0x0000000613400000, 0x0000000613400000, 0x0000000613800000|  0%| F|  |TAMS 0x0000000613400000| PB 0x0000000613400000| Untracked 
|  78|0x0000000613800000, 0x0000000613800000, 0x0000000613c00000|  0%| F|  |TAMS 0x0000000613800000| PB 0x0000000613800000| Untracked 
|  79|0x0000000613c00000, 0x0000000613c00000, 0x0000000614000000|  0%| F|  |TAMS 0x0000000613c00000| PB 0x0000000613c00000| Untracked 
|  80|0x0000000614000000, 0x0000000614000000, 0x0000000614400000|  0%| F|  |TAMS 0x0000000614000000| PB 0x0000000614000000| Untracked 
|  81|0x0000000614400000, 0x0000000614800000, 0x0000000614800000|100%| S|CS|TAMS 0x0000000614400000| PB 0x0000000614400000| Complete 
|  82|0x0000000614800000, 0x0000000614800000, 0x0000000614c00000|  0%| F|  |TAMS 0x0000000614800000| PB 0x0000000614800000| Untracked 
|  83|0x0000000614c00000, 0x0000000614c00000, 0x0000000615000000|  0%| F|  |TAMS 0x0000000614c00000| PB 0x0000000614c00000| Untracked 
|  84|0x0000000615000000, 0x0000000615000000, 0x0000000615400000|  0%| F|  |TAMS 0x0000000615000000| PB 0x0000000615000000| Untracked 
|  85|0x0000000615400000, 0x0000000615400000, 0x0000000615800000|  0%| F|  |TAMS 0x0000000615400000| PB 0x0000000615400000| Untracked 
|  86|0x0000000615800000, 0x0000000615800000, 0x0000000615c00000|  0%| F|  |TAMS 0x0000000615800000| PB 0x0000000615800000| Untracked 
|  87|0x0000000615c00000, 0x0000000615c00000, 0x0000000616000000|  0%| F|  |TAMS 0x0000000615c00000| PB 0x0000000615c00000| Untracked 
|  88|0x0000000616000000, 0x0000000616000000, 0x0000000616400000|  0%| F|  |TAMS 0x0000000616000000| PB 0x0000000616000000| Untracked 
|  89|0x0000000616400000, 0x0000000616400000, 0x0000000616800000|  0%| F|  |TAMS 0x0000000616400000| PB 0x0000000616400000| Untracked 
|  90|0x0000000616800000, 0x0000000616800000, 0x0000000616c00000|  0%| F|  |TAMS 0x0000000616800000| PB 0x0000000616800000| Untracked 
|  91|0x0000000616c00000, 0x0000000616c00000, 0x0000000617000000|  0%| F|  |TAMS 0x0000000616c00000| PB 0x0000000616c00000| Untracked 
|  92|0x0000000617000000, 0x0000000617000000, 0x0000000617400000|  0%| F|  |TAMS 0x0000000617000000| PB 0x0000000617000000| Untracked 
|  93|0x0000000617400000, 0x0000000617400000, 0x0000000617800000|  0%| F|  |TAMS 0x0000000617400000| PB 0x0000000617400000| Untracked 
|  94|0x0000000617800000, 0x0000000617800000, 0x0000000617c00000|  0%| F|  |TAMS 0x0000000617800000| PB 0x0000000617800000| Untracked 
|  95|0x0000000617c00000, 0x0000000617c00000, 0x0000000618000000|  0%| F|  |TAMS 0x0000000617c00000| PB 0x0000000617c00000| Untracked 
|  96|0x0000000618000000, 0x0000000618000000, 0x0000000618400000|  0%| F|  |TAMS 0x0000000618000000| PB 0x0000000618000000| Untracked 
|  97|0x0000000618400000, 0x0000000618400000, 0x0000000618800000|  0%| F|  |TAMS 0x0000000618400000| PB 0x0000000618400000| Untracked 
|  98|0x0000000618800000, 0x0000000618800000, 0x0000000618c00000|  0%| F|  |TAMS 0x0000000618800000| PB 0x0000000618800000| Untracked 
|  99|0x0000000618c00000, 0x0000000618c00000, 0x0000000619000000|  0%| F|  |TAMS 0x0000000618c00000| PB 0x0000000618c00000| Untracked 
| 100|0x0000000619000000, 0x0000000619000000, 0x0000000619400000|  0%| F|  |TAMS 0x0000000619000000| PB 0x0000000619000000| Untracked 
| 101|0x0000000619400000, 0x0000000619400000, 0x0000000619800000|  0%| F|  |TAMS 0x0000000619400000| PB 0x0000000619400000| Untracked 
| 102|0x0000000619800000, 0x0000000619800000, 0x0000000619c00000|  0%| F|  |TAMS 0x0000000619800000| PB 0x0000000619800000| Untracked 
| 103|0x0000000619c00000, 0x0000000619c00000, 0x000000061a000000|  0%| F|  |TAMS 0x0000000619c00000| PB 0x0000000619c00000| Untracked 
| 104|0x000000061a000000, 0x000000061a000000, 0x000000061a400000|  0%| F|  |TAMS 0x000000061a000000| PB 0x000000061a000000| Untracked 
| 105|0x000000061a400000, 0x000000061a400000, 0x000000061a800000|  0%| F|  |TAMS 0x000000061a400000| PB 0x000000061a400000| Untracked 
| 106|0x000000061a800000, 0x000000061a800000, 0x000000061ac00000|  0%| F|  |TAMS 0x000000061a800000| PB 0x000000061a800000| Untracked 
| 107|0x000000061ac00000, 0x000000061ac00000, 0x000000061b000000|  0%| F|  |TAMS 0x000000061ac00000| PB 0x000000061ac00000| Untracked 
| 108|0x000000061b000000, 0x000000061b000000, 0x000000061b400000|  0%| F|  |TAMS 0x000000061b000000| PB 0x000000061b000000| Untracked 
| 109|0x000000061b400000, 0x000000061b400000, 0x000000061b800000|  0%| F|  |TAMS 0x000000061b400000| PB 0x000000061b400000| Untracked 
| 110|0x000000061b800000, 0x000000061b800000, 0x000000061bc00000|  0%| F|  |TAMS 0x000000061b800000| PB 0x000000061b800000| Untracked 
| 111|0x000000061bc00000, 0x000000061bc00000, 0x000000061c000000|  0%| F|  |TAMS 0x000000061bc00000| PB 0x000000061bc00000| Untracked 
| 112|0x000000061c000000, 0x000000061c000000, 0x000000061c400000|  0%| F|  |TAMS 0x000000061c000000| PB 0x000000061c000000| Untracked 
| 113|0x000000061c400000, 0x000000061c400000, 0x000000061c800000|  0%| F|  |TAMS 0x000000061c400000| PB 0x000000061c400000| Untracked 
| 114|0x000000061c800000, 0x000000061ca75598, 0x000000061cc00000| 61%| E|  |TAMS 0x000000061c800000| PB 0x000000061c800000| Complete 
| 115|0x000000061cc00000, 0x000000061d000000, 0x000000061d000000|100%| E|CS|TAMS 0x000000061cc00000| PB 0x000000061cc00000| Complete 
| 116|0x000000061d000000, 0x000000061d400000, 0x000000061d400000|100%| E|CS|TAMS 0x000000061d000000| PB 0x000000061d000000| Complete 
| 117|0x000000061d400000, 0x000000061d800000, 0x000000061d800000|100%| E|CS|TAMS 0x000000061d400000| PB 0x000000061d400000| Complete 
| 118|0x000000061d800000, 0x000000061dc00000, 0x000000061dc00000|100%| E|CS|TAMS 0x000000061d800000| PB 0x000000061d800000| Complete 
| 119|0x000000061dc00000, 0x000000061e000000, 0x000000061e000000|100%| E|CS|TAMS 0x000000061dc00000| PB 0x000000061dc00000| Complete 
| 120|0x000000061e000000, 0x000000061e400000, 0x000000061e400000|100%| E|CS|TAMS 0x000000061e000000| PB 0x000000061e000000| Complete 
| 121|0x000000061e400000, 0x000000061e800000, 0x000000061e800000|100%| E|CS|TAMS 0x000000061e400000| PB 0x000000061e400000| Complete 
| 122|0x000000061e800000, 0x000000061ec00000, 0x000000061ec00000|100%| E|CS|TAMS 0x000000061e800000| PB 0x000000061e800000| Complete 
| 123|0x000000061ec00000, 0x000000061f000000, 0x000000061f000000|100%| E|CS|TAMS 0x000000061ec00000| PB 0x000000061ec00000| Complete 
| 124|0x000000061f000000, 0x000000061f400000, 0x000000061f400000|100%| E|CS|TAMS 0x000000061f000000| PB 0x000000061f000000| Complete 
| 125|0x000000061f400000, 0x000000061f800000, 0x000000061f800000|100%| E|CS|TAMS 0x000000061f400000| PB 0x000000061f400000| Complete 
| 126|0x000000061f800000, 0x000000061fc00000, 0x000000061fc00000|100%| E|CS|TAMS 0x000000061f800000| PB 0x000000061f800000| Complete 
| 127|0x000000061fc00000, 0x0000000620000000, 0x0000000620000000|100%| E|CS|TAMS 0x000000061fc00000| PB 0x000000061fc00000| Complete 
| 128|0x0000000620000000, 0x0000000620400000, 0x0000000620400000|100%| E|CS|TAMS 0x0000000620000000| PB 0x0000000620000000| Complete 
| 129|0x0000000620400000, 0x0000000620800000, 0x0000000620800000|100%| E|CS|TAMS 0x0000000620400000| PB 0x0000000620400000| Complete 
| 130|0x0000000620800000, 0x0000000620c00000, 0x0000000620c00000|100%| E|CS|TAMS 0x0000000620800000| PB 0x0000000620800000| Complete 
| 131|0x0000000620c00000, 0x0000000621000000, 0x0000000621000000|100%| E|CS|TAMS 0x0000000620c00000| PB 0x0000000620c00000| Complete 
|2044|0x00000007ff000000, 0x00000007ff400000, 0x00000007ff400000|100%| E|CS|TAMS 0x00000007ff000000| PB 0x00000007ff000000| Complete 
|2045|0x00000007ff400000, 0x00000007ff800000, 0x00000007ff800000|100%| O|Cm|TAMS 0x00000007ff400000| PB 0x00000007ff400000| Complete 
|2046|0x00000007ff800000, 0x00000007ffc00000, 0x00000007ffc00000|100%| O|  |TAMS 0x00000007ff800000| PB 0x00000007ff800000| Untracked 
|2047|0x00000007ffc00000, 0x0000000800000000, 0x0000000800000000|100%| O|  |TAMS 0x00000007ffc00000| PB 0x00000007ffc00000| Untracked 

Card table byte_map: [0x00000156f6930000,0x00000156f7930000] _byte_map_base: 0x00000156f3930000

Marking Bits: (CMBitMap*) 0x00000156ecd9aaf0
 Bits: [0x00000156f7930000, 0x00000156ff930000)

Polling page: 0x00000156eaca0000

Metaspace:

Usage:
  Non-class:     93.85 MB used.
      Class:     15.06 MB used.
       Both:    108.91 MB used.

Virtual space:
  Non-class space:      128.00 MB reserved,      95.38 MB ( 75%) committed,  2 nodes.
      Class space:        1.00 GB reserved,      16.44 MB (  2%) committed,  1 nodes.
             Both:        1.12 GB reserved,     111.81 MB ( 10%) committed. 

Chunk freelists:
   Non-Class:  621.00 KB
       Class:  15.45 MB
        Both:  16.06 MB

MaxMetaspaceSize: 4.00 GB
CompressedClassSpaceSize: 1.00 GB
Initial GC threshold: 21.00 MB
Current GC threshold: 186.25 MB
CDS: on
 - commit_granule_bytes: 65536.
 - commit_granule_words: 8192.
 - virtual_space_node_default_size: 8388608.
 - enlarge_chunks_in_place: 1.
 - use_allocation_guard: 0.


Internal statistics:

num_allocs_failed_limit: 12.
num_arena_births: 4774.
num_arena_deaths: 0.
num_vsnodes_births: 3.
num_vsnodes_deaths: 0.
num_space_committed: 1789.
num_space_uncommitted: 0.
num_chunks_returned_to_freelist: 12.
num_chunks_taken_from_freelist: 10334.
num_chunk_merges: 12.
num_chunk_splits: 6659.
num_chunks_enlarged: 4130.
num_inconsistent_stats: 0.

CodeHeap 'non-profiled nmethods': size=259264Kb used=14010Kb max_used=14770Kb free=245253Kb
 bounds [0x00000156902d0000, 0x0000015691140000, 0x00000156a0000000]
CodeHeap 'profiled nmethods': size=259264Kb used=30075Kb max_used=31094Kb free=229188Kb
 bounds [0x0000015680000000, 0x0000015681e60000, 0x000001568fd30000]
CodeHeap 'non-nmethods': size=5760Kb used=2943Kb max_used=3015Kb free=2816Kb
 bounds [0x000001568fd30000, 0x0000015690030000, 0x00000156902d0000]
 total_blobs=17048 nmethods=16028 adapters=923
 compilation: enabled
              stopped_count=0, restarted_count=0
 full_count=0

Compilation events (20 events):
Event: 65.114 Thread 0x00000156e9a75070 nmethod 19709 0x0000015690d3b690 code [0x0000015690d3b900, 0x0000015690d3c9c8]
Event: 65.114 Thread 0x00000156e9a75070 19710       4       org.gradle.api.internal.collections.AbstractIterationOrderRetainingElementSource$Element::<init> (40 bytes)
Event: 65.119 Thread 0x00000156ffc1def0 19711       3       com.android.build.api.artifact.impl.MultiplePropertyAdapter::get (8 bytes)
Event: 65.119 Thread 0x00000156ffc1def0 nmethod 19711 0x00000156803d2710 code [0x00000156803d28c0, 0x00000156803d2ae0]
Event: 65.120 Thread 0x00000156e9a75070 nmethod 19710 0x0000015690e5cb10 code [0x0000015690e5ccc0, 0x0000015690e5d230]
Event: 65.123 Thread 0x00000156ffc1def0 19712       3       com.android.build.api.artifact.impl.MultiplePropertyAdapter::set (17 bytes)
Event: 65.124 Thread 0x00000156ffc1def0 nmethod 19712 0x0000015680bec690 code [0x0000015680bec8c0, 0x0000015680becf80]
Event: 65.128 Thread 0x00000156e9a75070 19713       4       org.gradle.internal.isolated.IsolationScheme::collectTypeParameters (139 bytes)
Event: 65.140 Thread 0x00000156ffc1def0 19715       1       com.android.build.gradle.internal.publishing.AarOrJarTypeToConsume::getJar (5 bytes)
Event: 65.140 Thread 0x00000156ffc1def0 nmethod 19715 0x000001569088d390 code [0x000001569088d520, 0x000001569088d5f0]
Event: 65.141 Thread 0x00000156ffc1def0 19716       1       com.android.build.gradle.internal.dependency.IdentityTransform$Parameters_Decorated::getModelIdentityDisplayName (5 bytes)
Event: 65.141 Thread 0x00000156ffc1def0 nmethod 19716 0x0000015690d3b190 code [0x0000015690d3b320, 0x0000015690d3b3f0]
Event: 65.142 Thread 0x00000156ffc1def0 19717       3       com.android.build.gradle.internal.CompileOptions::getTargetCompatibility (41 bytes)
Event: 65.142 Thread 0x00000156ffc1def0 nmethod 19717 0x00000156808dc610 code [0x00000156808dc840, 0x00000156808dcf30]
Event: 65.177 Thread 0x00000156ffc1def0 19719       3       org.gradle.api.internal.initialization.DefaultClassLoaderScope::buildEffectiveLoaders (449 bytes)
Event: 65.180 Thread 0x00000156ffc1def0 nmethod 19719 0x0000015681a6c090 code [0x0000015681a6c6e0, 0x0000015681a6fdc0]
Event: 65.210 Thread 0x00000156e9a75070 nmethod 19713 0x0000015690d10f90 code [0x0000015690d11300, 0x0000015690d13350]
Event: 65.210 Thread 0x00000156e9a75070 19718       4       org.gradle.api.internal.artifacts.configurations.DefaultConfigurationContainer::getByName (6 bytes)
Event: 65.212 Thread 0x00000156e9a75070 nmethod 19718 0x0000015690877d10 code [0x0000015690877ea0, 0x0000015690877fd0]
Event: 65.212 Thread 0x00000156e9a75070 19714       4       org.gradle.internal.isolated.IsolationScheme$$Lambda/0x00000156a46caf48::visitType (21 bytes)

GC Heap History (20 events):
Event: 45.131 GC heap before
{Heap before GC invocations=56 (full 0):
 garbage-first heap   total 348160K, used 277829K [0x0000000600000000, 0x0000000800000000)
  region size 4096K, 22 young (90112K), 3 survivors (12288K)
 Metaspace       used 107951K, committed 110656K, reserved 1179648K
  class space    used 15016K, committed 16384K, reserved 1048576K
}
Event: 45.142 GC heap after
{Heap after GC invocations=57 (full 0):
 garbage-first heap   total 462848K, used 206046K [0x0000000600000000, 0x0000000800000000)
  region size 4096K, 2 young (8192K), 2 survivors (8192K)
 Metaspace       used 107951K, committed 110656K, reserved 1179648K
  class space    used 15016K, committed 16384K, reserved 1048576K
}
Event: 47.892 GC heap before
{Heap before GC invocations=58 (full 0):
 garbage-first heap   total 462848K, used 365790K [0x0000000600000000, 0x0000000800000000)
  region size 4096K, 42 young (172032K), 2 survivors (8192K)
 Metaspace       used 108195K, committed 110912K, reserved 1179648K
  class space    used 15045K, committed 16384K, reserved 1048576K
}
Event: 47.904 GC heap after
{Heap after GC invocations=59 (full 0):
 garbage-first heap   total 462848K, used 218574K [0x0000000600000000, 0x0000000800000000)
  region size 4096K, 5 young (20480K), 5 survivors (20480K)
 Metaspace       used 108195K, committed 110912K, reserved 1179648K
  class space    used 15045K, committed 16384K, reserved 1048576K
}
Event: 48.919 GC heap before
{Heap before GC invocations=59 (full 0):
 garbage-first heap   total 462848K, used 390606K [0x0000000600000000, 0x0000000800000000)
  region size 4096K, 48 young (196608K), 5 survivors (20480K)
 Metaspace       used 108434K, committed 111232K, reserved 1179648K
  class space    used 15068K, committed 16448K, reserved 1048576K
}
Event: 48.940 GC heap after
{Heap after GC invocations=60 (full 0):
 garbage-first heap   total 462848K, used 226864K [0x0000000600000000, 0x0000000800000000)
  region size 4096K, 4 young (16384K), 4 survivors (16384K)
 Metaspace       used 108434K, committed 111232K, reserved 1179648K
  class space    used 15068K, committed 16448K, reserved 1048576K
}
Event: 50.380 GC heap before
{Heap before GC invocations=60 (full 0):
 garbage-first heap   total 462848K, used 398896K [0x0000000600000000, 0x0000000800000000)
  region size 4096K, 47 young (192512K), 4 survivors (16384K)
 Metaspace       used 108658K, committed 111488K, reserved 1179648K
  class space    used 15098K, committed 16512K, reserved 1048576K
}
Event: 50.392 GC heap after
{Heap after GC invocations=61 (full 0):
 garbage-first heap   total 462848K, used 234543K [0x0000000600000000, 0x0000000800000000)
  region size 4096K, 5 young (20480K), 5 survivors (20480K)
 Metaspace       used 108658K, committed 111488K, reserved 1179648K
  class space    used 15098K, committed 16512K, reserved 1048576K
}
Event: 51.322 GC heap before
{Heap before GC invocations=62 (full 0):
 garbage-first heap   total 462848K, used 406575K [0x0000000600000000, 0x0000000800000000)
  region size 4096K, 48 young (196608K), 5 survivors (20480K)
 Metaspace       used 108817K, committed 111680K, reserved 1179648K
  class space    used 15119K, committed 16512K, reserved 1048576K
}
Event: 51.344 GC heap after
{Heap after GC invocations=63 (full 0):
 garbage-first heap   total 462848K, used 239951K [0x0000000600000000, 0x0000000800000000)
  region size 4096K, 4 young (16384K), 4 survivors (16384K)
 Metaspace       used 108817K, committed 111680K, reserved 1179648K
  class space    used 15119K, committed 16512K, reserved 1048576K
}
Event: 52.425 GC heap before
{Heap before GC invocations=63 (full 0):
 garbage-first heap   total 462848K, used 411983K [0x0000000600000000, 0x0000000800000000)
  region size 4096K, 47 young (192512K), 4 survivors (16384K)
 Metaspace       used 109184K, committed 112064K, reserved 1179648K
  class space    used 15169K, committed 16576K, reserved 1048576K
}
Event: 52.444 GC heap after
{Heap after GC invocations=64 (full 0):
 garbage-first heap   total 462848K, used 247580K [0x0000000600000000, 0x0000000800000000)
  region size 4096K, 5 young (20480K), 5 survivors (20480K)
 Metaspace       used 109184K, committed 112064K, reserved 1179648K
  class space    used 15169K, committed 16576K, reserved 1048576K
}
Event: 57.958 GC heap before
{Heap before GC invocations=64 (full 0):
 garbage-first heap   total 462848K, used 411420K [0x0000000600000000, 0x0000000800000000)
  region size 4096K, 45 young (184320K), 5 survivors (20480K)
 Metaspace       used 110598K, committed 113472K, reserved 1179648K
  class space    used 15364K, committed 16768K, reserved 1048576K
}
Event: 57.985 GC heap after
{Heap after GC invocations=65 (full 0):
 garbage-first heap   total 557056K, used 258695K [0x0000000600000000, 0x0000000800000000)
  region size 4096K, 6 young (24576K), 6 survivors (24576K)
 Metaspace       used 110598K, committed 113472K, reserved 1179648K
  class space    used 15364K, committed 16768K, reserved 1048576K
}
Event: 60.407 GC heap before
{Heap before GC invocations=66 (full 0):
 garbage-first heap   total 557056K, used 492167K [0x0000000600000000, 0x0000000800000000)
  region size 4096K, 63 young (258048K), 6 survivors (24576K)
 Metaspace       used 111049K, committed 114048K, reserved 1179648K
  class space    used 15397K, committed 16832K, reserved 1048576K
}
Event: 60.450 GC heap after
{Heap after GC invocations=67 (full 0):
 garbage-first heap   total 557056K, used 275705K [0x0000000600000000, 0x0000000800000000)
  region size 4096K, 8 young (32768K), 8 survivors (32768K)
 Metaspace       used 111049K, committed 114048K, reserved 1179648K
  class space    used 15397K, committed 16832K, reserved 1048576K
}
Event: 62.078 GC heap before
{Heap before GC invocations=67 (full 0):
 garbage-first heap   total 557056K, used 488697K [0x0000000600000000, 0x0000000800000000)
  region size 4096K, 60 young (245760K), 8 survivors (32768K)
 Metaspace       used 111204K, committed 114176K, reserved 1179648K
  class space    used 15399K, committed 16832K, reserved 1048576K
}
Event: 62.122 GC heap after
{Heap after GC invocations=68 (full 0):
 garbage-first heap   total 557056K, used 285666K [0x0000000600000000, 0x0000000800000000)
  region size 4096K, 5 young (20480K), 5 survivors (20480K)
 Metaspace       used 111204K, committed 114176K, reserved 1179648K
  class space    used 15399K, committed 16832K, reserved 1048576K
}
Event: 64.272 GC heap before
{Heap before GC invocations=68 (full 0):
 garbage-first heap   total 557056K, used 494562K [0x0000000600000000, 0x0000000800000000)
  region size 4096K, 56 young (229376K), 5 survivors (20480K)
 Metaspace       used 111467K, committed 114432K, reserved 1179648K
  class space    used 15422K, committed 16832K, reserved 1048576K
}
Event: 64.300 GC heap after
{Heap after GC invocations=69 (full 0):
 garbage-first heap   total 557056K, used 300048K [0x0000000600000000, 0x0000000800000000)
  region size 4096K, 5 young (20480K), 5 survivors (20480K)
 Metaspace       used 111467K, committed 114432K, reserved 1179648K
  class space    used 15422K, committed 16832K, reserved 1048576K
}

Dll operation events (16 events):
Event: 0.046 Loaded shared library C:\Program Files\Eclipse Adoptium\jdk-21.0.7.6-hotspot\bin\java.dll
Event: 0.116 Loaded shared library C:\Program Files\Eclipse Adoptium\jdk-21.0.7.6-hotspot\bin\jsvml.dll
Event: 0.249 Loaded shared library C:\Program Files\Eclipse Adoptium\jdk-21.0.7.6-hotspot\bin\zip.dll
Event: 0.259 Loaded shared library C:\Program Files\Eclipse Adoptium\jdk-21.0.7.6-hotspot\bin\instrument.dll
Event: 0.267 Loaded shared library C:\Program Files\Eclipse Adoptium\jdk-21.0.7.6-hotspot\bin\net.dll
Event: 0.273 Loaded shared library C:\Program Files\Eclipse Adoptium\jdk-21.0.7.6-hotspot\bin\nio.dll
Event: 0.277 Loaded shared library C:\Program Files\Eclipse Adoptium\jdk-21.0.7.6-hotspot\bin\zip.dll
Event: 0.866 Loaded shared library C:\Program Files\Eclipse Adoptium\jdk-21.0.7.6-hotspot\bin\jimage.dll
Event: 1.267 Loaded shared library C:\Program Files\Eclipse Adoptium\jdk-21.0.7.6-hotspot\bin\verify.dll
Event: 1.544 Loaded shared library C:\Users\babak\.gradle\native\1def1411415f61bf3af743bc5b6707747c0891f09f0c88961ee8f79bc544acac\windows-amd64\native-platform.dll
Event: 1.553 Loaded shared library C:\Users\babak\.gradle\native\0.2.5\x86_64-windows-gnu\gradle-fileevents.dll
Event: 4.820 Loaded shared library C:\Program Files\Eclipse Adoptium\jdk-21.0.7.6-hotspot\bin\management.dll
Event: 4.826 Loaded shared library C:\Program Files\Eclipse Adoptium\jdk-21.0.7.6-hotspot\bin\management_ext.dll
Event: 5.339 Loaded shared library C:\Program Files\Eclipse Adoptium\jdk-21.0.7.6-hotspot\bin\extnet.dll
Event: 5.798 Loaded shared library C:\Program Files\Eclipse Adoptium\jdk-21.0.7.6-hotspot\bin\sunmscapi.dll
Event: 7.412 Loaded shared library C:\Users\babak\AppData\Local\Temp\native-platform4038646889695005223dir\gradle-fileevents.dll

Deoptimization events (20 events):
Event: 64.596 Thread 0x00000156e8acdfd0 Uncommon trap: trap_request=0xfffffff4 fr.pc=0x00000156908a31f4 relative=0x0000000000000594
Event: 64.596 Thread 0x00000156e8acdfd0 Uncommon trap: reason=null_check action=make_not_entrant pc=0x00000156908a31f4 method=java.lang.ThreadLocal$ThreadLocalMap.expungeStaleEntry(I)I @ 51 c2
Event: 64.596 Thread 0x00000156e8acdfd0 DEOPT PACKING pc=0x00000156908a31f4 sp=0x00000032c9ef9270
Event: 64.596 Thread 0x00000156e8acdfd0 DEOPT UNPACKING pc=0x000001568fd846a2 sp=0x00000032c9ef9220 mode 2
Event: 64.597 Thread 0x00000156e8acdfd0 Uncommon trap: trap_request=0xffffff45 fr.pc=0x00000156904e2358 relative=0x00000000000000b8
Event: 64.597 Thread 0x00000156e8acdfd0 Uncommon trap: reason=unstable_if action=reinterpret pc=0x00000156904e2358 method=java.lang.ThreadLocal$ThreadLocalMap.cleanSomeSlots(II)Z @ 37 c2
Event: 64.597 Thread 0x00000156e8acdfd0 DEOPT PACKING pc=0x00000156904e2358 sp=0x00000032c9ef9510
Event: 64.597 Thread 0x00000156e8acdfd0 DEOPT UNPACKING pc=0x000001568fd846a2 sp=0x00000032c9ef9488 mode 2
Event: 64.597 Thread 0x00000156e8acdfd0 Uncommon trap: trap_request=0xffffff45 fr.pc=0x0000015690cf0cd8 relative=0x0000000000000738
Event: 64.597 Thread 0x00000156e8acdfd0 Uncommon trap: reason=unstable_if action=reinterpret pc=0x0000015690cf0cd8 method=java.lang.ThreadLocal$ThreadLocalMap.set(Ljava/lang/ThreadLocal;Ljava/lang/Object;)V @ 116 c2
Event: 64.597 Thread 0x00000156e8acdfd0 DEOPT PACKING pc=0x0000015690cf0cd8 sp=0x00000032c9ef9550
Event: 64.597 Thread 0x00000156e8acdfd0 DEOPT UNPACKING pc=0x000001568fd846a2 sp=0x00000032c9ef9490 mode 2
Event: 64.599 Thread 0x00000156e8acdfd0 Uncommon trap: trap_request=0xffffff45 fr.pc=0x00000156906ef228 relative=0x0000000000000648
Event: 64.599 Thread 0x00000156e8acdfd0 Uncommon trap: reason=unstable_if action=reinterpret pc=0x00000156906ef228 method=java.lang.ThreadLocal$ThreadLocalMap.set(Ljava/lang/ThreadLocal;Ljava/lang/Object;)V @ 116 c2
Event: 64.599 Thread 0x00000156e8acdfd0 DEOPT PACKING pc=0x00000156906ef228 sp=0x00000032c9ef6c90
Event: 64.599 Thread 0x00000156e8acdfd0 DEOPT UNPACKING pc=0x000001568fd846a2 sp=0x00000032c9ef6c60 mode 2
Event: 64.943 Thread 0x0000015701e68430 Uncommon trap: trap_request=0xffffff45 fr.pc=0x0000015690576a14 relative=0x00000000000009f4
Event: 64.943 Thread 0x0000015701e68430 Uncommon trap: reason=unstable_if action=reinterpret pc=0x0000015690576a14 method=java.util.concurrent.ConcurrentLinkedQueue.offer(Ljava/lang/Object;)Z @ 42 c2
Event: 64.943 Thread 0x0000015701e68430 DEOPT PACKING pc=0x0000015690576a14 sp=0x00000032ce0fde10
Event: 64.943 Thread 0x0000015701e68430 DEOPT UNPACKING pc=0x000001568fd846a2 sp=0x00000032ce0fdc50 mode 2

Classes loaded (20 events):
Event: 52.627 Loading class java/util/logging/LogRecord
Event: 52.627 Loading class java/util/logging/LogRecord done
Event: 52.685 Loading class java/util/concurrent/ConcurrentHashMap$EntrySpliterator
Event: 52.686 Loading class java/util/concurrent/ConcurrentHashMap$EntrySpliterator done
Event: 52.699 Loading class java/nio/file/StandardCopyOption
Event: 52.700 Loading class java/nio/file/StandardCopyOption done
Event: 52.700 Loading class sun/nio/fs/WindowsFileCopy
Event: 52.700 Loading class sun/nio/fs/WindowsFileCopy done
Event: 52.707 Loading class sun/nio/fs/WindowsSecurity$Privilege
Event: 52.707 Loading class sun/nio/fs/WindowsSecurity$Privilege done
Event: 52.895 Loading class java/util/Collections$EmptyListIterator
Event: 52.895 Loading class java/util/Collections$EmptyListIterator done
Event: 52.908 Loading class java/time/Instant$1
Event: 52.909 Loading class java/time/Instant$1 done
Event: 53.001 Loading class java/net/UrlDeserializedState
Event: 53.002 Loading class java/net/UrlDeserializedState done
Event: 53.015 Loading class java/util/concurrent/CompletableFuture$AsyncRun
Event: 53.016 Loading class java/util/concurrent/CompletableFuture$AsyncRun done
Event: 56.159 Loading class jdk/internal/math/FormattedFPDecimal
Event: 56.160 Loading class jdk/internal/math/FormattedFPDecimal done

Classes unloaded (0 events):
No events

Classes redefined (0 events):
No events

Internal exceptions (20 events):
Event: 56.321 Thread 0x00000156e8acdfd0 Exception <a 'sun/nio/fs/WindowsException'{0x0000000619688848}> (0x0000000619688848) 
thrown [s\src\hotspot\share\prims\jni.cpp, line 520]
Event: 56.322 Thread 0x00000156e8acdfd0 Exception <a 'sun/nio/fs/WindowsException'{0x000000061968a448}> (0x000000061968a448) 
thrown [s\src\hotspot\share\prims\jni.cpp, line 520]
Event: 56.322 Thread 0x00000156e8acdfd0 Exception <a 'sun/nio/fs/WindowsException'{0x000000061968c038}> (0x000000061968c038) 
thrown [s\src\hotspot\share\prims\jni.cpp, line 520]
Event: 56.322 Thread 0x00000156e8acdfd0 Exception <a 'sun/nio/fs/WindowsException'{0x000000061968dc08}> (0x000000061968dc08) 
thrown [s\src\hotspot\share\prims\jni.cpp, line 520]
Event: 56.996 Thread 0x00000156e8acdfd0 Exception <a 'java/lang/ClassNotFoundException'{0x0000000616265848}: GradleAnnotationProcessorPatchPluginBeanInfo> (0x0000000616265848) 
thrown [s\src\hotspot\share\classfile\systemDictionary.cpp, line 312]
Event: 56.996 Thread 0x00000156e8acdfd0 Exception <a 'java/lang/ClassNotFoundException'{0x00000006162b4298}: GradleAnnotationProcessorPatchPluginCustomizer> (0x00000006162b4298) 
thrown [s\src\hotspot\share\classfile\systemDictionary.cpp, line 312]
Event: 56.999 Thread 0x00000156e8acdfd0 Exception <a 'java/lang/ClassNotFoundException'{0x00000006162e3c98}: GradleAnnotationProcessorPatchPlugin$AnnotationProcessorModelBuilderBeanInfo> (0x00000006162e3c98) 
thrown [s\src\hotspot\share\classfile\systemDictionary.cpp, line 312]
Event: 57.000 Thread 0x00000156e8acdfd0 Exception <a 'java/lang/ClassNotFoundException'{0x00000006162f1790}: GradleAnnotationProcessorPatchPlugin$AnnotationProcessorModelBuilderCustomizer> (0x00000006162f1790) 
thrown [s\src\hotspot\share\classfile\systemDictionary.cpp, line 312]
Event: 57.005 Thread 0x00000156e8acdfd0 Exception <a 'java/lang/ClassNotFoundException'{0x0000000616368588}: org/gradle/tooling/provider/model/internal/DefaultToolingModelBuilderRegistryBeanInfo> (0x0000000616368588) 
thrown [s\src\hotspot\share\classfile\systemDictionary.cpp, line 312]
Event: 57.006 Thread 0x00000156e8acdfd0 Exception <a 'java/lang/ClassNotFoundException'{0x0000000616381f38}: org/gradle/tooling/provider/model/internal/DefaultToolingModelBuilderRegistryCustomizer> (0x0000000616381f38) 
thrown [s\src\hotspot\share\classfile\systemDictionary.cpp, line 312]
Event: 57.253 Thread 0x00000156ea600910 Exception <a 'sun/nio/fs/WindowsException'{0x0000000615f167f0}> (0x0000000615f167f0) 
thrown [s\src\hotspot\share\prims\jni.cpp, line 520]
Event: 57.253 Thread 0x00000156ea600910 Exception <a 'sun/nio/fs/WindowsException'{0x0000000615f18858}> (0x0000000615f18858) 
thrown [s\src\hotspot\share\prims\jni.cpp, line 520]
Event: 57.254 Thread 0x00000156ea600910 Exception <a 'sun/nio/fs/WindowsException'{0x00000006151fc910}> (0x00000006151fc910) 
thrown [s\src\hotspot\share\prims\jni.cpp, line 520]
Event: 57.254 Thread 0x00000156ea600910 Exception <a 'sun/nio/fs/WindowsException'{0x00000006151fe5b0}> (0x00000006151fe5b0) 
thrown [s\src\hotspot\share\prims\jni.cpp, line 520]
Event: 57.258 Thread 0x00000156ea600910 Exception <a 'sun/nio/fs/WindowsException'{0x0000000615214eb8}> (0x0000000615214eb8) 
thrown [s\src\hotspot\share\prims\jni.cpp, line 520]
Event: 57.259 Thread 0x00000156ea600910 Exception <a 'sun/nio/fs/WindowsException'{0x0000000615216f08}> (0x0000000615216f08) 
thrown [s\src\hotspot\share\prims\jni.cpp, line 520]
Event: 57.259 Thread 0x00000156ea600910 Exception <a 'sun/nio/fs/WindowsException'{0x0000000615218bb0}> (0x0000000615218bb0) 
thrown [s\src\hotspot\share\prims\jni.cpp, line 520]
Event: 57.477 Thread 0x0000015701e69150 Implicit null exception at 0x0000015690d3a324 to 0x0000015690d3a35a
Event: 58.279 Thread 0x00000156e8acdfd0 Implicit null exception at 0x0000015690d3285c to 0x0000015690d32d3c
Event: 64.596 Thread 0x00000156e8acdfd0 Implicit null exception at 0x00000156908a2d2a to 0x00000156908a31d0

ZGC Phase Switch (0 events):
No events

VM Operations (20 events):
Event: 60.403 Executing VM operation: HandshakeAllThreads (Deoptimize)
Event: 60.403 Executing VM operation: HandshakeAllThreads (Deoptimize) done
Event: 60.403 Executing VM operation: Cleanup
Event: 60.403 Executing VM operation: Cleanup done
Event: 60.407 Executing VM operation: G1CollectForAllocation (G1 Evacuation Pause)
Event: 60.450 Executing VM operation: G1CollectForAllocation (G1 Evacuation Pause) done
Event: 61.452 Executing VM operation: Cleanup
Event: 61.452 Executing VM operation: Cleanup done
Event: 62.078 Executing VM operation: G1CollectForAllocation (G1 Evacuation Pause)
Event: 62.122 Executing VM operation: G1CollectForAllocation (G1 Evacuation Pause) done
Event: 63.130 Executing VM operation: Cleanup
Event: 63.130 Executing VM operation: Cleanup done
Event: 64.136 Executing VM operation: Cleanup
Event: 64.136 Executing VM operation: Cleanup done
Event: 64.272 Executing VM operation: G1CollectForAllocation (G1 Evacuation Pause)
Event: 64.300 Executing VM operation: G1CollectForAllocation (G1 Evacuation Pause) done
Event: 64.549 Executing VM operation: G1PauseRemark
Event: 64.563 Executing VM operation: G1PauseRemark done
Event: 64.690 Executing VM operation: G1PauseCleanup
Event: 64.691 Executing VM operation: G1PauseCleanup done

Memory protections (0 events):
No events

Nmethod flushes (20 events):
Event: 64.560 Thread 0x00000156ffbec250 flushing  nmethod 0x0000015680748510
Event: 64.560 Thread 0x00000156ffbec250 flushing  nmethod 0x000001568081c090
Event: 64.560 Thread 0x00000156ffbec250 flushing  nmethod 0x000001568081f290
Event: 64.560 Thread 0x00000156ffbec250 flushing  nmethod 0x00000156808b7a90
Event: 64.560 Thread 0x00000156ffbec250 flushing  nmethod 0x000001568097cb90
Event: 64.560 Thread 0x00000156ffbec250 flushing  nmethod 0x0000015680b07890
Event: 64.560 Thread 0x00000156ffbec250 flushing  nmethod 0x0000015680bec690
Event: 64.560 Thread 0x00000156ffbec250 flushing  nmethod 0x0000015680becc10
Event: 64.560 Thread 0x00000156ffbec250 flushing  nmethod 0x0000015680ca0290
Event: 64.560 Thread 0x00000156ffbec250 flushing  nmethod 0x0000015680ca2c10
Event: 64.560 Thread 0x00000156ffbec250 flushing  nmethod 0x0000015680e43290
Event: 64.560 Thread 0x00000156ffbec250 flushing  nmethod 0x0000015680f1e790
Event: 64.560 Thread 0x00000156ffbec250 flushing  nmethod 0x0000015680f8cd90
Event: 64.560 Thread 0x00000156ffbec250 flushing  nmethod 0x0000015681151f90
Event: 64.560 Thread 0x00000156ffbec250 flushing  nmethod 0x0000015681152710
Event: 64.560 Thread 0x00000156ffbec250 flushing  nmethod 0x000001568115ec90
Event: 64.560 Thread 0x00000156ffbec250 flushing  nmethod 0x00000156813b9110
Event: 64.560 Thread 0x00000156ffbec250 flushing  nmethod 0x00000156813bb490
Event: 64.560 Thread 0x00000156ffbec250 flushing  nmethod 0x00000156813bce90
Event: 64.560 Thread 0x00000156ffbec250 flushing  nmethod 0x0000015681a0f210

Events (20 events):
Event: 59.819 Thread 0x00000156e8acdfd0 Thread added: 0x000001570c082e40
Event: 59.919 Thread 0x00000157035da080 Thread exited: 0x00000157035da080
Event: 60.112 Thread 0x00000156e8acdfd0 Thread added: 0x000001570c0834d0
Event: 60.112 Thread 0x00000156e8acdfd0 Thread added: 0x000001570c0827b0
Event: 60.113 Thread 0x00000156e8acdfd0 Thread added: 0x000001570c080050
Event: 60.114 Thread 0x00000156e8acdfd0 Thread added: 0x000001570c081400
Event: 60.114 Thread 0x00000156e8acdfd0 Thread added: 0x000001570c081a90
Event: 60.115 Thread 0x00000156e8acdfd0 Thread added: 0x000001570c0806e0
Event: 60.115 Thread 0x00000156e8acdfd0 Thread added: 0x000001570c086fe0
Event: 60.256 Thread 0x00000156e8acdfd0 Thread added: 0x000001570c0862c0
Event: 60.256 Thread 0x00000156e8acdfd0 Thread added: 0x000001570c086950
Event: 60.257 Thread 0x00000156e8acdfd0 Thread added: 0x000001570c083b60
Event: 60.257 Thread 0x00000156e8acdfd0 Thread added: 0x000001570c087670
Event: 60.258 Thread 0x00000156e8acdfd0 Thread added: 0x000001570c0841f0
Event: 60.258 Thread 0x00000156e8acdfd0 Thread added: 0x000001570c084f10
Event: 62.431 Thread 0x00000156ffc1def0 Thread added: 0x00000157035da080
Event: 64.378 Thread 0x00000157035da080 Thread exited: 0x00000157035da080
Event: 64.378 Thread 0x0000015701e31e00 Thread exited: 0x0000015701e31e00
Event: 64.844 Thread 0x00000156ffc1def0 Thread added: 0x00000156e9a76bb0
Event: 64.995 Thread 0x00000156ffc1def0 Thread added: 0x00000156e9a75070


Dynamic libraries:
0x00007ff6f06a0000 - 0x00007ff6f06ae000 	C:\Program Files\Eclipse Adoptium\jdk-21.0.7.6-hotspot\bin\java.exe
0x00007ffa64ec0000 - 0x00007ffa65126000 	C:\WINDOWS\SYSTEM32\ntdll.dll
0x00007ffa63df0000 - 0x00007ffa63eb9000 	C:\WINDOWS\System32\KERNEL32.DLL
0x00007ffa625b0000 - 0x00007ffa629ae000 	C:\WINDOWS\System32\KERNELBASE.dll
0x00007ffa623c0000 - 0x00007ffa6250c000 	C:\WINDOWS\System32\ucrtbase.dll
0x00007ff9ccae0000 - 0x00007ff9ccaf8000 	C:\Program Files\Eclipse Adoptium\jdk-21.0.7.6-hotspot\bin\jli.dll
0x00007ffa63ec0000 - 0x00007ffa64087000 	C:\WINDOWS\System32\USER32.dll
0x00007ffa622d0000 - 0x00007ffa622f7000 	C:\WINDOWS\System32\win32u.dll
0x00007ffa64d90000 - 0x00007ffa64dbb000 	C:\WINDOWS\System32\GDI32.dll
0x00007ffa620e0000 - 0x00007ffa6220a000 	C:\WINDOWS\System32\gdi32full.dll
0x00007ffa043b0000 - 0x00007ffa043ce000 	C:\Program Files\Eclipse Adoptium\jdk-21.0.7.6-hotspot\bin\VCRUNTIME140.dll
0x00007ffa52cc0000 - 0x00007ffa52f52000 	C:\WINDOWS\WinSxS\amd64_microsoft.windows.common-controls_6595b64144ccf1df_6.0.26100.8875_none_3e0d5d42e32fe9dd\COMCTL32.dll
0x00007ffa62b40000 - 0x00007ffa62be3000 	C:\WINDOWS\System32\msvcp_win.dll
0x00007ffa64ce0000 - 0x00007ffa64d89000 	C:\WINDOWS\System32\msvcrt.dll
0x00007ffa64dc0000 - 0x00007ffa64df2000 	C:\WINDOWS\System32\IMM32.DLL
0x00007ffa499e0000 - 0x00007ffa499ec000 	C:\Program Files\Eclipse Adoptium\jdk-21.0.7.6-hotspot\bin\vcruntime140_1.dll
0x00007ff9c9d50000 - 0x00007ff9c9ddd000 	C:\Program Files\Eclipse Adoptium\jdk-21.0.7.6-hotspot\bin\msvcp140.dll
0x00007ff9a9990000 - 0x00007ff9aa720000 	C:\Program Files\Eclipse Adoptium\jdk-21.0.7.6-hotspot\bin\server\jvm.dll
0x00007ffa633b0000 - 0x00007ffa63467000 	C:\WINDOWS\System32\ADVAPI32.dll
0x00007ffa64130000 - 0x00007ffa641da000 	C:\WINDOWS\System32\sechost.dll
0x00007ffa63a50000 - 0x00007ffa63b68000 	C:\WINDOWS\System32\RPCRT4.dll
0x00007ffa63630000 - 0x00007ffa636b0000 	C:\WINDOWS\System32\WS2_32.dll
0x00007ffa61f40000 - 0x00007ffa61f9e000 	C:\WINDOWS\SYSTEM32\POWRPROF.dll
0x00007ffa583e0000 - 0x00007ffa58416000 	C:\WINDOWS\SYSTEM32\WINMM.dll
0x00007ffa59c30000 - 0x00007ffa59c3b000 	C:\WINDOWS\SYSTEM32\VERSION.dll
0x00007ffa61f20000 - 0x00007ffa61f34000 	C:\WINDOWS\SYSTEM32\UMPDC.dll
0x00007ffa60d80000 - 0x00007ffa60d9b000 	C:\WINDOWS\SYSTEM32\kernel.appcore.dll
0x00007ffa043a0000 - 0x00007ffa043aa000 	C:\Program Files\Eclipse Adoptium\jdk-21.0.7.6-hotspot\bin\jimage.dll
0x00007ffa53110000 - 0x00007ffa53352000 	C:\WINDOWS\SYSTEM32\DBGHELP.DLL
0x00007ffa636c0000 - 0x00007ffa63a43000 	C:\WINDOWS\System32\combase.dll
0x00007ffa63550000 - 0x00007ffa63629000 	C:\WINDOWS\System32\OLEAUT32.dll
0x00007ffa53360000 - 0x00007ffa5339b000 	C:\WINDOWS\SYSTEM32\dbgcore.DLL
0x00007ffa62300000 - 0x00007ffa623ac000 	C:\WINDOWS\System32\bcryptPrimitives.dll
0x00007ffa52880000 - 0x00007ffa5288f000 	C:\Program Files\Eclipse Adoptium\jdk-21.0.7.6-hotspot\bin\instrument.dll
0x00007ff9c9d30000 - 0x00007ff9c9d4f000 	C:\Program Files\Eclipse Adoptium\jdk-21.0.7.6-hotspot\bin\java.dll
0x00007ffa64300000 - 0x00007ffa64a92000 	C:\WINDOWS\System32\SHELL32.dll
0x00007ffa5fb30000 - 0x00007ffa603c2000 	C:\WINDOWS\SYSTEM32\windows.storage.dll
0x00007ffa641f0000 - 0x00007ffa642e7000 	C:\WINDOWS\System32\SHCORE.dll
0x00007ffa64090000 - 0x00007ffa640f7000 	C:\WINDOWS\System32\shlwapi.dll
0x00007ffa62000000 - 0x00007ffa62029000 	C:\WINDOWS\SYSTEM32\profapi.dll
0x00007ff9c9c50000 - 0x00007ff9c9d27000 	C:\Program Files\Eclipse Adoptium\jdk-21.0.7.6-hotspot\bin\jsvml.dll
0x00007ff9c9750000 - 0x00007ff9c9768000 	C:\Program Files\Eclipse Adoptium\jdk-21.0.7.6-hotspot\bin\zip.dll
0x00007ff9fd2e0000 - 0x00007ff9fd2f0000 	C:\Program Files\Eclipse Adoptium\jdk-21.0.7.6-hotspot\bin\net.dll
0x00007ffa5aba0000 - 0x00007ffa5acc7000 	C:\WINDOWS\SYSTEM32\WINHTTP.dll
0x00007ffa61310000 - 0x00007ffa6137c000 	C:\WINDOWS\system32\mswsock.dll
0x00007ff9c9770000 - 0x00007ff9c9786000 	C:\Program Files\Eclipse Adoptium\jdk-21.0.7.6-hotspot\bin\nio.dll
0x00007ff9fcfa0000 - 0x00007ff9fcfb0000 	C:\Program Files\Eclipse Adoptium\jdk-21.0.7.6-hotspot\bin\verify.dll
0x00007ff9fd530000 - 0x00007ff9fd557000 	C:\Users\babak\.gradle\native\1def1411415f61bf3af743bc5b6707747c0891f09f0c88961ee8f79bc544acac\windows-amd64\native-platform.dll
0x00000000682b0000 - 0x0000000068323000 	C:\Users\babak\.gradle\native\0.2.5\x86_64-windows-gnu\gradle-fileevents.dll
0x00007ff9d2360000 - 0x00007ff9d236a000 	C:\Program Files\Eclipse Adoptium\jdk-21.0.7.6-hotspot\bin\management.dll
0x00007ff9ce670000 - 0x00007ff9ce67b000 	C:\Program Files\Eclipse Adoptium\jdk-21.0.7.6-hotspot\bin\management_ext.dll
0x00007ffa64aa0000 - 0x00007ffa64aa8000 	C:\WINDOWS\System32\PSAPI.DLL
0x00007ffa61740000 - 0x00007ffa6175b000 	C:\WINDOWS\SYSTEM32\CRYPTSP.dll
0x00007ffa60ce0000 - 0x00007ffa60d19000 	C:\WINDOWS\system32\rsaenh.dll
0x00007ffa613d0000 - 0x00007ffa61402000 	C:\WINDOWS\SYSTEM32\USERENV.dll
0x00007ffa61fd0000 - 0x00007ffa61ffa000 	C:\WINDOWS\SYSTEM32\bcrypt.dll
0x00007ffa61580000 - 0x00007ffa6158c000 	C:\WINDOWS\SYSTEM32\CRYPTBASE.dll
0x00007ffa60730000 - 0x00007ffa60763000 	C:\WINDOWS\SYSTEM32\IPHLPAPI.DLL
0x00007ffa641e0000 - 0x00007ffa641ea000 	C:\WINDOWS\System32\NSI.dll
0x00007ff9ccad0000 - 0x00007ff9ccad9000 	C:\Program Files\Eclipse Adoptium\jdk-21.0.7.6-hotspot\bin\extnet.dll
0x00007ff9cc660000 - 0x00007ff9cc66e000 	C:\Program Files\Eclipse Adoptium\jdk-21.0.7.6-hotspot\bin\sunmscapi.dll
0x00007ffa629c0000 - 0x00007ffa62b38000 	C:\WINDOWS\System32\CRYPT32.dll
0x00007ffa618b0000 - 0x00007ffa618e0000 	C:\WINDOWS\SYSTEM32\ncrypt.dll
0x00007ffa61860000 - 0x00007ffa6189f000 	C:\WINDOWS\SYSTEM32\NTASN1.dll
0x00007ffa0c9e0000 - 0x00007ffa0c9e8000 	C:\WINDOWS\system32\wshunix.dll
0x00000000681b0000 - 0x0000000068223000 	C:\Users\babak\AppData\Local\Temp\native-platform4038646889695005223dir\gradle-fileevents.dll
0x00007ffa4e110000 - 0x00007ffa4e128000 	C:\WINDOWS\system32\napinsp.dll
0x00007ffa60770000 - 0x00007ffa608c6000 	C:\WINDOWS\SYSTEM32\DNSAPI.dll
0x00007ffa61110000 - 0x00007ffa6111d000 	C:\WINDOWS\SYSTEM32\DSPARSE.dll
0x00007ffa4e0f0000 - 0x00007ffa4e103000 	C:\WINDOWS\System32\winrnr.dll
0x00007ffa3f8a0000 - 0x00007ffa3f8c2000 	C:\WINDOWS\system32\nlansp_c.dll
0x00007ffa3aec0000 - 0x00007ffa3aed6000 	C:\WINDOWS\system32\wshbth.dll
0x00007ffa573b0000 - 0x00007ffa573bb000 	C:\Windows\System32\rasadhlp.dll
0x00007ffa58100000 - 0x00007ffa58186000 	C:\WINDOWS\System32\fwpuclnt.dll
0x00007ffa60eb0000 - 0x00007ffa60ee6000 	C:\WINDOWS\SYSTEM32\ntmarta.dll

dbghelp: loaded successfully - version: 4.0.5 - missing functions: none
symbol engine: initialized successfully - sym options: 0x614 - pdb path: .;C:\Program Files\Eclipse Adoptium\jdk-21.0.7.6-hotspot\bin;C:\WINDOWS\SYSTEM32;C:\WINDOWS\WinSxS\amd64_microsoft.windows.common-controls_6595b64144ccf1df_6.0.26100.8875_none_3e0d5d42e32fe9dd;C:\Program Files\Eclipse Adoptium\jdk-21.0.7.6-hotspot\bin\server;C:\Users\babak\.gradle\native\1def1411415f61bf3af743bc5b6707747c0891f09f0c88961ee8f79bc544acac\windows-amd64;C:\Users\babak\.gradle\native\0.2.5\x86_64-windows-gnu;C:\Users\babak\AppData\Local\Temp\native-platform4038646889695005223dir

VM Arguments:
jvm_args: --add-opens=java.base/java.lang=ALL-UNNAMED --add-opens=java.base/java.lang.invoke=ALL-UNNAMED --add-opens=java.base/java.util=ALL-UNNAMED --add-opens=java.prefs/java.util.prefs=ALL-UNNAMED --add-exports=jdk.compiler/com.sun.tools.javac.api=ALL-UNNAMED --add-exports=jdk.compiler/com.sun.tools.javac.util=ALL-UNNAMED --add-opens=java.base/java.util=ALL-UNNAMED --add-opens=java.prefs/java.util.prefs=ALL-UNNAMED --add-opens=java.base/java.nio.charset=ALL-UNNAMED --add-opens=java.base/java.net=ALL-UNNAMED --add-opens=java.base/java.util.concurrent.atomic=ALL-UNNAMED --add-opens=java.xml/javax.xml.namespace=ALL-UNNAMED -XX:MaxMetaspaceSize=4G -XX:ReservedCodeCacheSize=512m -XX:+HeapDumpOnOutOfMemoryError -Xmx8G -Dfile.encoding=UTF-8 -Duser.country=US -Duser.language=en -Duser.variant -javaagent:C:\Users\babak\.gradle\wrapper\dists\gradle-8.12-all\5w11e38e9s8f05rwiw2wipzpb\gradle-8.12\lib\agents\gradle-instrumentation-agent-8.12.jar 
java_command: org.gradle.launcher.daemon.bootstrap.GradleDaemon 8.12
java_class_path (initial): C:\Users\babak\.gradle\wrapper\dists\gradle-8.12-all\5w11e38e9s8f05rwiw2wipzpb\gradle-8.12\lib\gradle-daemon-main-8.12.jar
Launcher Type: SUN_STANDARD

[Global flags]
     intx CICompilerCount                          = 4                                         {product} {ergonomic}
     uint ConcGCThreads                            = 2                                         {product} {ergonomic}
     uint G1ConcRefinementThreads                  = 8                                         {product} {ergonomic}
   size_t G1HeapRegionSize                         = 4194304                                   {product} {ergonomic}
    uintx GCDrainStackTargetSize                   = 64                                        {product} {ergonomic}
     bool HeapDumpOnOutOfMemoryError               = true                                   {manageable} {command line}
   size_t InitialHeapSize                          = 268435456                                 {product} {ergonomic}
   size_t MarkStackSize                            = 4194304                                   {product} {ergonomic}
   size_t MaxHeapSize                              = 8589934592                                {product} {command line}
   size_t MaxMetaspaceSize                         = 4294967296                                {product} {command line}
   size_t MaxNewSize                               = 5150605312                                {product} {ergonomic}
   size_t MinHeapDeltaBytes                        = 4194304                                   {product} {ergonomic}
   size_t MinHeapSize                              = 8388608                                   {product} {ergonomic}
    uintx NonNMethodCodeHeapSize                   = 5839372                                {pd product} {ergonomic}
    uintx NonProfiledCodeHeapSize                  = 265515770                              {pd product} {ergonomic}
    uintx ProfiledCodeHeapSize                     = 265515770                              {pd product} {ergonomic}
    uintx ReservedCodeCacheSize                    = 536870912                              {pd product} {command line}
     bool SegmentedCodeCache                       = true                                      {product} {ergonomic}
   size_t SoftMaxHeapSize                          = 8589934592                             {manageable} {ergonomic}
     bool UseCompressedOops                        = true                           {product lp64_product} {ergonomic}
     bool UseG1GC                                  = true                                      {product} {ergonomic}
     bool UseLargePagesIndividualAllocation        = false                                  {pd product} {ergonomic}

Logging:
Log output configuration:
 #0: stdout all=warning uptime,level,tags foldmultilines=false
 #1: stderr all=off uptime,level,tags foldmultilines=false

Environment Variables:
JAVA_HOME=C:\Program Files\Eclipse Adoptium\jdk-21.0.7.6-hotspot\
PATH=C:\Program Files (x86)\Common Files\Oracle\Java\java8path;C:\Program Files (x86)\Common Files\Oracle\Java\javapath;C:\Program Files\Eclipse Adoptium\jdk-21.0.7.6-hotspot\bin;C:\WINDOWS\system32;C:\WINDOWS;C:\WINDOWS\System32\Wbem;C:\WINDOWS\System32\WindowsPowerShell\v1.0\;C:\WINDOWS\System32\OpenSSH\;c:\Users\babak\AppData\Local\Programs\cursor\resources\app\bin;C:\Program Files\Git\cmd;C:\WINDOWS\system32\config\systemprofile\.dnx\bin;C:\Program Files\Microsoft DNX\Dnvm\;C:\Program Files\dotnet\;C:\Program Files\WireSock VPN Client\bin\;C:\Program Files\PuTTY\;C:\Program Files (x86)\Microsoft SQL Server\170\Tools\Binn\;C:\Program Files\Microsoft SQL Server\170\Tools\Binn\;C:\Program Files\Microsoft SQL Server\Client SDK\ODBC\180\Tools\Binn\;C:\Program Files\Microsoft SQL Server\170\DTS\Binn\;C:\Program Files (x86)\Windows Kits\10\Windows Performance Toolkit\;C:\Users\babak\AppData\Local\Programs\Python\Python313\Scripts\;C:\Users\babak\AppData\Local\Programs\Python\Python313\;C:\Users\babak\AppData\Local\Microsoft\WindowsApps;C:\Users\babak\.dotnet\tools;C:\Users\babak\Development\flutter\bin;C:\Users\babak\AppData\Local\Programs\cursor\resources\app\bin;C:\Users\babak\AppData\Local\Microsoft\WinGet\Links
USERNAME=babak
OS=Windows_NT
PROCESSOR_IDENTIFIER=Intel64 Family 6 Model 60 Stepping 3, GenuineIntel
TMP=C:\Users\babak\AppData\Local\Temp
TEMP=C:\Users\babak\AppData\Local\Temp




Periodic native trim disabled

---------------  S Y S T E M  ---------------

OS:
 Windows 11 , 64 bit Build 26100 (10.0.26100.8875)
OS uptime: 2 days 1:05 hours
Hyper-V role detected

CPU: total 8 (initial active 8) (4 cores per cpu, 2 threads per core) family 6 model 60 stepping 3 microcode 0x28, cx8, cmov, fxsr, ht, mmx, sse, sse2, sse3, ssse3, sse4.1, sse4.2, popcnt, lzcnt, tsc, tscinvbit, avx, avx2, aes, erms, clmul, bmi1, bmi2, fma, vzeroupper, clflush, hv, rdtscp, f16c
Processor Information for the first 8 processors :
  Max Mhz: 3601, Current Mhz: 3601, Mhz Limit: 3601

Memory: 4k page, system-wide physical 16315M (2812M free)
TotalPageFile size 18976M (AvailPageFile size 25M)
current process WorkingSet (physical memory assigned to process): 918M, peak: 921M
current process commit charge ("private bytes"): 964M, peak: 969M

vm_info: OpenJDK 64-Bit Server VM (21.0.7+6-LTS) for windows-amd64 JRE (21.0.7+6-LTS), built on 2025-04-15T00:00:00Z by "admin" with MS VC++ 17.7 (VS2022)

END.
